c:\users\oklex\onedrive\documentos\sakhalin_colony_main\build\colony_cpp.dir\release\bindings.obj
c:\users\oklex\onedrive\documentos\sakhalin_colony_main\build\colony_cpp.dir\release\env.obj
c:\users\oklex\onedrive\documentos\sakhalin_colony_main\build\colony_cpp.dir\release\game.obj
c:\users\oklex\onedrive\documentos\sakhalin_colony_main\build\colony_cpp.dir\release\earth.obj
c:\users\oklex\onedrive\documentos\sakhalin_colony_main\build\colony_cpp.dir\release\data.obj
c:\users\oklex\onedrive\documentos\sakhalin_colony_main\build\colony_cpp.dir\release\rng.obj
c:\users\oklex\onedrive\documentos\sakhalin_colony_main\build\cmakefiles\generate.stamp
c:\users\oklex\onedrive\documentos\sakhalin_colony_main\python\release\colony_cpp.pyd
c:\users\oklex\onedrive\documentos\sakhalin_colony_main\build\release\colony_cpp.lib
c:\users\oklex\onedrive\documentos\sakhalin_colony_main\build\release\colony_cpp.exp
c:\users\oklex\onedrive\documentos\sakhalin_colony_main\build\colony_cpp.dir\release\colony_cpp.tlog\cl.command.1.tlog
c:\users\oklex\onedrive\documentos\sakhalin_colony_main\build\colony_cpp.dir\release\colony_cpp.tlog\cl.items.tlog
c:\users\oklex\onedrive\documentos\sakhalin_colony_main\build\colony_cpp.dir\release\colony_cpp.tlog\cl.read.1.tlog
c:\users\oklex\onedrive\documentos\sakhalin_colony_main\build\colony_cpp.dir\release\colony_cpp.tlog\cl.write.1.tlog
c:\users\oklex\onedrive\documentos\sakhalin_colony_main\build\colony_cpp.dir\release\colony_cpp.tlog\custombuild.command.1.tlog
c:\users\oklex\onedrive\documentos\sakhalin_colony_main\build\colony_cpp.dir\release\colony_cpp.tlog\custombuild.read.1.tlog
c:\users\oklex\onedrive\documentos\sakhalin_colony_main\build\colony_cpp.dir\release\colony_cpp.tlog\custombuild.write.1.tlog
c:\users\oklex\onedrive\documentos\sakhalin_colony_main\build\colony_cpp.dir\release\colony_cpp.tlog\link.command.1.tlog
c:\users\oklex\onedrive\documentos\sakhalin_colony_main\build\colony_cpp.dir\release\colony_cpp.tlog\link.read.1.tlog
c:\users\oklex\onedrive\documentos\sakhalin_colony_main\build\colony_cpp.dir\release\colony_cpp.tlog\link.secondary.1.tlog
c:\users\oklex\onedrive\documentos\sakhalin_colony_main\build\colony_cpp.dir\release\colony_cpp.tlog\link.write.1.tlog
