======================================================================
EPISODE 1
======================================================================
init: year=0 month=3 season=0 money=82000 credit=0 people=28 busy=0 free=28 home_places=50 need_workers=0 tax_due=0 main_tax_due=0 tax_amount=5106 main_tax_amount=0 days_alive=0 stage=0 res0=0 res1=0 res2=0 res3=0 res4=0 res5=0 res6=0 res7=0 res8=0 | nw=1532000.0000
  s=    0 a=  4(BUILD:Garden) r= -0.8485 cum=     -0.85 v= +6.8103 top5=[a43=0.030, a30=0.029, a15=0.028, a24=0.027, a36=0.026] [BUILD: Garden]
    OBS: year=0 month=3 season=0 money=82000 credit=0 people=28 busy=0 free=28 home_places=50 need_workers=0 tax_due=0 main_tax_due=0 tax_amount=5106 main_tax_amount=0 days_alive=1 stage=0 res0=0 res1=0 res2=0 res3=0 res4=0 res5=0 res6=0 res7=0 res8=0 | nw=1532000.0000
  s=    1 a= 27(BUILD:WaterMill) r= -0.8542 cum=     -1.70 v= +7.6018 top5=[a43=0.030, a15=0.029, a30=0.029, a8=0.027, a39=0.027] [BUILD: WaterMill]
    OBS: year=0 month=3 season=0 money=82000 credit=0 people=28 busy=0 free=28 home_places=50 need_workers=0 tax_due=0 main_tax_due=0 tax_amount=5106 main_tax_amount=0 days_alive=2 stage=0 res0=0 res1=0 res2=0 res3=0 res4=0 res5=0 res6=0 res7=0 res8=0 | nw=1532000.0000
  s=    2 a= 40(MANAGER:6) r= -0.9137 cum=     -2.62 v= +6.2215 top5=[a43=0.029, a15=0.028, a30=0.027, a8=0.026, a39=0.026]
    OBS: year=0 month=3 season=0 money=82000 credit=0 people=28 busy=0 free=28 home_places=50 need_workers=0 tax_due=0 main_tax_due=0 tax_amount=5106 main_tax_amount=0 days_alive=3 stage=0 res0=0 res1=0 res2=0 res3=0 res4=0 res5=0 res6=0 res7=0 res8=0 | nw=1532000.0000
  s=    3 a= 36(MANAGER:2) r= -0.9694 cum=     -3.59 v= +5.4462 top5=[a43=0.028, a15=0.027, a30=0.026, a8=0.026, a39=0.025]
    OBS: year=0 month=3 season=0 money=82000 credit=0 people=28 busy=0 free=28 home_places=50 need_workers=0 tax_due=0 main_tax_due=0 tax_amount=5106 main_tax_amount=0 days_alive=4 stage=0 res0=0 res1=0 res2=0 res3=0 res4=0 res5=0 res6=0 res7=0 res8=0 | nw=1532000.0000
  s=    4 a=  5(BUILD:House) r= -1.0187 cum=     -4.60 v= +4.9530 top5=[a43=0.028, a15=0.027, a30=0.026, a8=0.025, a39=0.025] [BUILD FAILED: House money=82000 free=28]
    OBS: year=0 month=3 season=0 money=82000 credit=0 people=28 busy=0 free=28 home_places=50 need_workers=0 tax_due=0 main_tax_due=0 tax_amount=5106 main_tax_amount=0 days_alive=5 stage=0 res0=0 res1=0 res2=0 res3=0 res4=0 res5=0 res6=0 res7=0 res8=0 | nw=1532000.0000
  s=    5 a= 12(BUILD:PowerStation) r= +3.2930 cum=     -1.31 v= +4.6090 top5=[a43=0.027, a15=0.026, a30=0.026, a8=0.025, a39=0.025] [BUILD: PowerStation]
    OBS: year=0 month=3 season=0 money=81600 credit=0 people=28 busy=0 free=28 home_places=50 need_workers=0 tax_due=0 main_tax_due=0 tax_amount=5106 main_tax_amount=0 days_alive=6 stage=0 res0=0 res1=0 res2=0 res3=0 res4=0 res5=0 res6=0 res7=0 res8=0 Road=1 | nw=1532000.0000
  s=    6 a= 18(BUILD:CowFarm) r= +7.0952 cum=     +5.78 v= +4.3763 top5=[a43=0.027, a15=0.026, a30=0.025, a8=0.025, a39=0.024] [BUILD: CowFarm]
    OBS: year=0 month=3 season=0 money=49598 credit=0 people=28 busy=0 free=28 home_places=50 need_workers=0 tax_due=0 main_tax_due=0 tax_amount=5526 main_tax_amount=0 days_alive=7 stage=0 res0=0 res1=0 res2=0 res3=0 res4=0 res5=0 res6=0 res7=0 res8=0 Road=1 CowFarm=1 | nw=1532000.0000
  s=    7 a= 35(MANAGER:1) r= -0.2273 cum=     +5.56 v= +6.1144 top5=[a43=0.029, a15=0.027, a30=0.027, a39=0.027, a8=0.026]
    OBS: year=0 month=3 season=0 money=49598 credit=0 people=28 busy=0 free=28 home_places=50 need_workers=0 tax_due=0 main_tax_due=0 tax_amount=5526 main_tax_amount=0 days_alive=8 stage=0 res0=0 res1=0 res2=0 res3=0 res4=0 res5=0 res6=0 res7=0 res8=0 Road=1 CowFarm=1 | nw=1532000.0000
  s=    8 a= 43(MANAGER:9) r= -0.2383 cum=     +5.32 v= +5.2817 top5=[a43=0.028, a15=0.026, a30=0.026, a39=0.026, a8=0.026]
    OBS: year=0 month=3 season=0 money=49598 credit=0 people=28 busy=0 free=28 home_places=50 need_workers=0 tax_due=0 main_tax_due=0 tax_amount=5526 main_tax_amount=0 days_alive=9 stage=0 res0=0 res1=0 res2=0 res3=0 res4=0 res5=0 res6=0 res7=0 res8=0 Road=1 CowFarm=1 | nw=1532000.0000
  s=    9 a= 20(BUILD:BigHouse) r= -0.2488 cum=     +5.07 v= +4.9753 top5=[a43=0.028, a15=0.026, a30=0.026, a39=0.025, a8=0.025] [BUILD: BigHouse]
    OBS: year=0 month=3 season=0 money=49598 credit=0 people=28 busy=0 free=28 home_places=50 need_workers=0 tax_due=0 main_tax_due=0 tax_amount=5526 main_tax_amount=0 days_alive=10 stage=0 res0=0 res1=0 res2=0 res3=0 res4=0 res5=0 res6=0 res7=0 res8=0 Road=1 CowFarm=1 | nw=1532000.0000
  s=   10 a= 37(MANAGER:3) r= -0.2588 cum=     +4.81 v= +4.7917 top5=[a43=0.028, a15=0.026, a30=0.025, a8=0.025, a39=0.025]
    OBS: year=0 month=3 season=0 money=49598 credit=0 people=28 busy=0 free=28 home_places=50 need_workers=0 tax_due=0 main_tax_due=0 tax_amount=5526 main_tax_amount=0 days_alive=11 stage=0 res0=0 res1=0 res2=0 res3=0 res4=0 res5=0 res6=0 res7=0 res8=0 Road=1 CowFarm=1 | nw=1532000.0000
  s=   11 a=  6(BUILD:SmallHouse) r= -0.2685 cum=     +4.54 v= +4.6626 top5=[a43=0.028, a15=0.026, a8=0.025, a30=0.025, a39=0.025] [BUILD: SmallHouse]
    OBS: year=0 month=3 season=0 money=49598 credit=0 people=28 busy=0 free=28 home_places=50 need_workers=0 tax_due=0 main_tax_due=0 tax_amount=5526 main_tax_amount=0 days_alive=12 stage=0 res0=0 res1=0 res2=0 res3=0 res4=0 res5=0 res6=0 res7=0 res8=0 Road=1 CowFarm=1 | nw=1532000.0000
  s=   12 a= 36(MANAGER:2) r= -0.2778 cum=     +4.26 v= +4.5884 top5=[a43=0.027, a15=0.026, a8=0.025, a39=0.025, a30=0.025]
    OBS: year=0 month=3 season=0 money=49598 credit=0 people=28 busy=0 free=28 home_places=50 need_workers=0 tax_due=0 main_tax_due=0 tax_amount=5526 main_tax_amount=0 days_alive=13 stage=0 res0=0 res1=0 res2=0 res3=0 res4=0 res5=0 res6=0 res7=0 res8=0 Road=1 CowFarm=1 | nw=1532000.0000
  s=   13 a= 23(BUILD:Torchlight) r= -0.2869 cum=     +3.98 v= +4.5152 top5=[a43=0.027, a15=0.026, a8=0.025, a39=0.025, a30=0.025] [BUILD: Torchlight]
    OBS: year=0 month=3 season=0 money=49598 credit=0 people=28 busy=0 free=28 home_places=50 need_workers=0 tax_due=0 main_tax_due=0 tax_amount=5526 main_tax_amount=0 days_alive=14 stage=0 res0=0 res1=0 res2=0 res3=0 res4=0 res5=0 res6=0 res7=0 res8=0 Road=1 CowFarm=1 | nw=1532000.0000
  s=   14 a= 10(BUILD:Refinery) r= -0.2956 cum=     +3.68 v= +4.4603 top5=[a43=0.027, a15=0.026, a8=0.025, a39=0.025, a30=0.025] [BUILD: Refinery]
    OBS: year=0 month=3 season=0 money=49598 credit=0 people=28 busy=0 free=28 home_places=50 need_workers=0 tax_due=0 main_tax_due=0 tax_amount=5526 main_tax_amount=0 days_alive=15 stage=0 res0=0 res1=0 res2=0 res3=0 res4=0 res5=0 res6=0 res7=0 res8=0 Road=1 CowFarm=1 | nw=1532000.0000
  s=   15 a= 25(BUILD:SuperHouse) r= -0.3040 cum=     +3.38 v= +4.4179 top5=[a43=0.027, a15=0.026, a8=0.025, a39=0.025, a30=0.025] [BUILD: SuperHouse]
    OBS: year=0 month=3 season=0 money=49598 credit=0 people=28 busy=0 free=28 home_places=50 need_workers=0 tax_due=0 main_tax_due=0 tax_amount=5526 main_tax_amount=0 days_alive=16 stage=0 res0=0 res1=0 res2=0 res3=0 res4=0 res5=0 res6=0 res7=0 res8=0 Road=1 CowFarm=1 | nw=1532000.0000
  s=   16 a= 15(BUILD:Fish) r= -0.3122 cum=     +3.07 v= +4.3841 top5=[a43=0.027, a15=0.026, a8=0.025, a39=0.025, a30=0.025] [BUILD: Fish]
    OBS: year=0 month=3 season=0 money=49598 credit=0 people=28 busy=0 free=28 home_places=50 need_workers=0 tax_due=0 main_tax_due=0 tax_amount=5526 main_tax_amount=0 days_alive=17 stage=0 res0=0 res1=0 res2=0 res3=0 res4=0 res5=0 res6=0 res7=0 res8=0 Road=1 CowFarm=1 | nw=1532000.0000
  s=   17 a= 28(BUILD:BigRefinary) r= -0.3202 cum=     +2.75 v= +4.3571 top5=[a43=0.027, a15=0.026, a8=0.025, a39=0.025, a30=0.025] [BUILD: BigRefinary]
    OBS: year=0 month=3 season=0 money=49598 credit=0 people=28 busy=0 free=28 home_places=50 need_workers=0 tax_due=0 main_tax_due=0 tax_amount=5526 main_tax_amount=0 days_alive=18 stage=0 res0=0 res1=0 res2=0 res3=0 res4=0 res5=0 res6=0 res7=0 res8=0 Road=1 CowFarm=1 | nw=1532000.0000
  s=   18 a=  3(BUILD:Farm) r= +5.4668 cum=     +8.21 v= +4.3355 top5=[a43=0.027, a15=0.026, a8=0.025, a39=0.025, a30=0.025] [BUILD: Farm]
    OBS: year=0 month=3 season=0 money=41958 credit=0 people=28 busy=0 free=28 home_places=50 need_workers=0 tax_due=0 main_tax_due=0 tax_amount=5946 main_tax_amount=0 days_alive=19 stage=0 res0=0 res1=0 res2=0 res3=0 res4=0 res5=0 res6=0 res7=0 res8=0 Garden=1 Road=1 CowFarm=1 | nw=1532000.0000
  s=   19 a= 31(BUILD:AirStation) r= +4.7273 cum=    +12.94 v= +5.4374 top5=[a43=0.029, a8=0.027, a39=0.026, a15=0.026, a14=0.026] [BUILD: AirStation]
    OBS: year=0 month=3 season=0 money=18168 credit=0 people=28 busy=0 free=28 home_places=50 need_workers=0 tax_due=0 main_tax_due=0 tax_amount=6366 main_tax_amount=0 days_alive=20 stage=0 res0=0 res1=0 res2=0 res3=0 res4=0 res5=0 res6=0 res7=0 res8=0 Garden=1 Road=1 CowFarm=1 AirStation=1 | nw=1532000.0000
  s=   20 a=  2(BUILD:WaterChannel) r= -0.1043 cum=    +12.83 v= +5.9926 top5=[a43=0.030, a39=0.027, a8=0.027, a15=0.026, a18=0.026] [BUILD: WaterChannel]
    OBS: year=0 month=3 season=0 money=18168 credit=0 people=28 busy=0 free=28 home_places=50 need_workers=0 tax_due=0 main_tax_due=0 tax_amount=6366 main_tax_amount=0 days_alive=21 stage=0 res0=0 res1=0 res2=0 res3=0 res4=0 res5=0 res6=0 res7=0 res8=0 Garden=1 Road=1 CowFarm=1 AirStation=1 | nw=1532000.0000
  s=   21 a= 41(MANAGER:7) r= -0.0000 cum=    +12.83 v= +5.5865 top5=[a43=0.029, a39=0.026, a15=0.026, a8=0.026, a30=0.025]
    OBS: year=0 month=3 season=0 money=17368 credit=0 people=28 busy=0 free=28 home_places=50 need_workers=0 tax_due=0 main_tax_due=0 tax_amount=6374 main_tax_amount=0 days_alive=22 stage=0 res0=0 res1=400 res2=0 res3=0 res4=0 res5=0 res6=0 res7=0 res8=0 Garden=1 Road=1 CowFarm=1 AirStation=1 | nw=1531600.0000
  s=   22 a=  2(BUILD:WaterChannel) r= -0.2769 cum=    +12.56 v= +9.2779 top5=[a43=0.034, a8=0.031, a39=0.030, a15=0.028, a30=0.027] [BUILD: WaterChannel]
    OBS: year=0 month=3 season=0 money=17368 credit=0 people=28 busy=0 free=28 home_places=50 need_workers=0 tax_due=0 main_tax_due=0 tax_amount=6374 main_tax_amount=0 days_alive=23 stage=0 res0=0 res1=400 res2=0 res3=0 res4=0 res5=0 res6=0 res7=0 res8=0 Garden=1 Road=1 CowFarm=1 AirStation=1 | nw=1531600.0000
  s=   23 a= 35(MANAGER:1) r= -0.2818 cum=    +12.28 v= +7.9080 top5=[a43=0.032, a8=0.029, a39=0.028, a15=0.028, a30=0.027]
    OBS: year=0 month=3 season=0 money=17368 credit=0 people=28 busy=0 free=28 home_places=50 need_workers=0 tax_due=0 main_tax_due=0 tax_amount=6374 main_tax_amount=0 days_alive=24 stage=0 res0=0 res1=400 res2=0 res3=0 res4=0 res5=0 res6=0 res7=0 res8=0 Garden=1 Road=1 CowFarm=1 AirStation=1 | nw=1531600.0000
  s=   24 a= 11(BUILD:Goldmine) r= -0.2867 cum=    +11.99 v= +7.3178 top5=[a43=0.031, a8=0.028, a15=0.027, a39=0.027, a30=0.026] [BUILD: Goldmine]
    OBS: year=0 month=3 season=0 money=17368 credit=0 people=28 busy=0 free=28 home_places=50 need_workers=0 tax_due=0 main_tax_due=0 tax_amount=6374 main_tax_amount=0 days_alive=25 stage=0 res0=0 res1=400 res2=0 res3=0 res4=0 res5=0 res6=0 res7=0 res8=0 Garden=1 Road=1 CowFarm=1 AirStation=1 | nw=1531600.0000
  s=   25 a= 27(BUILD:WaterMill) r= -0.2914 cum=    +11.70 v= +6.9634 top5=[a43=0.031, a8=0.028, a15=0.027, a39=0.027, a30=0.026] [BUILD: WaterMill]
    OBS: year=0 month=3 season=0 money=17368 credit=0 people=28 busy=0 free=28 home_places=50 need_workers=0 tax_due=0 main_tax_due=0 tax_amount=6374 main_tax_amount=0 days_alive=26 stage=0 res0=0 res1=400 res2=0 res3=0 res4=0 res5=0 res6=0 res7=0 res8=0 Garden=1 Road=1 CowFarm=1 AirStation=1 | nw=1531600.0000
  s=   26 a= 44(MANAGER:10) r= +0.4441 cum=    +12.14 v= +6.7166 top5=[a43=0.030, a8=0.028, a15=0.027, a39=0.027, a30=0.026]
    OBS: year=0 month=3 season=0 money=17368 credit=0 people=28 busy=0 free=28 home_places=50 need_workers=0 tax_due=0 main_tax_due=0 tax_amount=6374 main_tax_amount=0 days_alive=27 stage=0 res0=0 res1=400 res2=0 res3=0 res4=0 res5=0 res6=0 res7=0 res8=0 Garden=1 Road=1 CowFarm=1 AirStation=1 | nw=1531600.0000
  s=   27 a= 37(MANAGER:3) r= -0.3013 cum=    +11.84 v= +6.5297 top5=[a43=0.030, a8=0.027, a15=0.027, a39=0.027, a30=0.026]
    OBS: year=0 month=3 season=0 money=17368 credit=0 people=28 busy=0 free=28 home_places=50 need_workers=0 tax_due=0 main_tax_due=0 tax_amount=6374 main_tax_amount=0 days_alive=28 stage=0 res0=0 res1=400 res2=0 res3=0 res4=0 res5=0 res6=0 res7=0 res8=0 Garden=1 Road=1 CowFarm=1 AirStation=1 | nw=1531600.0000
  s=   28 a= 17(BUILD:HuntingLand) r= -0.3058 cum=    +11.54 v= +6.3775 top5=[a43=0.030, a8=0.027, a15=0.027, a39=0.026, a30=0.026] [BUILD: HuntingLand]
    OBS: year=0 month=3 season=0 money=17368 credit=0 people=28 busy=0 free=28 home_places=50 need_workers=0 tax_due=0 main_tax_due=0 tax_amount=6374 main_tax_amount=0 days_alive=29 stage=0 res0=0 res1=400 res2=0 res3=0 res4=0 res5=0 res6=0 res7=0 res8=0 Garden=1 Road=1 CowFarm=1 AirStation=1 | nw=1531600.0000
  s=   29 a= 16(BUILD:CoalCut) r= -0.3102 cum=    +11.22 v= +6.2519 top5=[a43=0.030, a8=0.027, a15=0.027, a39=0.026, a30=0.026] [BUILD: CoalCut]
    OBS: year=0 month=3 season=0 money=17368 credit=0 people=28 busy=0 free=28 home_places=50 need_workers=0 tax_due=0 main_tax_due=0 tax_amount=6374 main_tax_amount=0 days_alive=30 stage=0 res0=0 res1=400 res2=0 res3=0 res4=0 res5=0 res6=0 res7=0 res8=0 Garden=1 Road=1 CowFarm=1 AirStation=1 | nw=1531600.0000
  >>> Ep 1: reward=11.22, steps=30
  >>> final: year=0 month=3 season=0 money=17368 credit=0 people=28 busy=0 free=28 home_places=50 need_workers=0 tax_due=0 main_tax_due=0 tax_amount=6374 main_tax_amount=0 days_alive=30 stage=0 res0=0 res1=400 res2=0 res3=0 res4=0 res5=0 res6=0 res7=0 res8=0 Garden=1 Road=1 CowFarm=1 AirStation=1 | nw=1531600.0000

======================================================================
SUMMARY
======================================================================
Episodes: 1
Total steps: 30
Mean reward: 11.22
Max reward:  11.22
Min reward:  11.22
  Ep 1: +11.22

ACTION DISTRIBUTION (all 30 steps)
  BUILD:WaterMill     :     2 (6.7%)
  MANAGER:2           :     2 (6.7%)
  MANAGER:1           :     2 (6.7%)
  MANAGER:3           :     2 (6.7%)
  BUILD:WaterChannel  :     2 (6.7%)
  BUILD:Garden        :     1 (3.3%)
  MANAGER:6           :     1 (3.3%)
  BUILD:House         :     1 (3.3%)
  BUILD:PowerStation  :     1 (3.3%)
  BUILD:CowFarm       :     1 (3.3%)
  MANAGER:9           :     1 (3.3%)
  BUILD:BigHouse      :     1 (3.3%)
  BUILD:SmallHouse    :     1 (3.3%)
  BUILD:Torchlight    :     1 (3.3%)
  BUILD:Refinery      :     1 (3.3%)
  BUILD:SuperHouse    :     1 (3.3%)
  BUILD:Fish          :     1 (3.3%)
  BUILD:BigRefinary   :     1 (3.3%)
  BUILD:Farm          :     1 (3.3%)
  BUILD:AirStation    :     1 (3.3%)
  MANAGER:7           :     1 (3.3%)
  BUILD:Goldmine      :     1 (3.3%)
  MANAGER:10          :     1 (3.3%)
  BUILD:HuntingLand   :     1 (3.3%)
  BUILD:CoalCut       :     1 (3.3%)
