=== Step log started ===
  find_lot FAILED: need_earth=2 no_near_base=0 | bases=1 | total_free=78399 matching=43184 valid=0
  find_lot FAILED: need_earth=3 no_near_base=0 | bases=1 | total_free=78399 matching=43184 valid=0
  find_lot FAILED: need_earth=4 no_near_base=0 | bases=1 | total_free=78399 matching=43184 valid=0
  find_lot FAILED: need_earth=5 no_near_base=0 | bases=1 | total_free=78399 matching=43184 valid=0
  find_lot FAILED: need_earth=7 no_near_base=0 | bases=1 | total_free=78399 matching=43184 valid=0
  find_lot FAILED: need_earth=2 no_near_base=0 | bases=1 | total_free=78399 matching=43184 valid=0
  find_lot FAILED: need_earth=4 no_near_base=0 | bases=1 | total_free=78399 matching=43184 valid=0
  find_lot FAILED: need_earth=3 no_near_base=0 | bases=1 | total_free=78399 matching=43184 valid=0
  find_lot FAILED: need_earth=3 no_near_base=0 | bases=1 | total_free=78399 matching=43184 valid=0
  ACTION: 44 | money=82000 pop=28 free=28
STEP 1 | MGR:manual_tax | total=0.900 err=0.000 tax=0.000 taxb=0.300 build=0.000 cost=0.000 div=0.000 prox=0.000 prov=0.000 preq=0.000 pres=0.000 sale=0.000 mtax=0.500 chain=0.000 daily=0.000 nov=0.000 mile=0.000 surv=0.100 idle=0.000 gover=0.000 | nw=1.532e+06 nw_delta=0.000 pop=28 bases=1 money=82000 credit=0 day=1 | food=0 water=0 coal=0 home=50 free=28 roads=0
  BUILDINGS: City(0d,0/0) 
  OBS: year=0 month=3 season=0 money=82000 credit=0 people=28 busy=0 free=28 home_places=50 need_workers=0 tax_due=0 main_tax_due=0 tax_amount=5106 main_tax_amount=0 days_alive=1 stage=0 res0=0 res1=0 res2=0 res3=0 res4=0 res5=0 res6=0 res7=0 res8=0 | nw=1532000.0000
  find_lot FAILED: need_earth=2 no_near_base=0 | bases=1 | total_free=78399 matching=43184 valid=0
  find_lot FAILED: need_earth=3 no_near_base=0 | bases=1 | total_free=78399 matching=43184 valid=0
  find_lot FAILED: need_earth=4 no_near_base=0 | bases=1 | total_free=78399 matching=43184 valid=0
  find_lot FAILED: need_earth=5 no_near_base=0 | bases=1 | total_free=78399 matching=43184 valid=0
  find_lot FAILED: need_earth=7 no_near_base=0 | bases=1 | total_free=78399 matching=43184 valid=0
  find_lot FAILED: need_earth=2 no_near_base=0 | bases=1 | total_free=78399 matching=43184 valid=0
  find_lot FAILED: need_earth=4 no_near_base=0 | bases=1 | total_free=78399 matching=43184 valid=0
  find_lot FAILED: need_earth=3 no_near_base=0 | bases=1 | total_free=78399 matching=43184 valid=0
  find_lot FAILED: need_earth=3 no_near_base=0 | bases=1 | total_free=78399 matching=43184 valid=0
  ACTION: 37 | money=82000 pop=28 free=28
STEP 2 | MGR:destroy | total=-0.600 err=-1.000 tax=0.000 taxb=0.300 build=0.000 cost=0.000 div=0.000 prox=0.000 prov=0.000 preq=0.000 pres=0.000 sale=0.000 mtax=0.000 chain=0.000 daily=0.000 nov=0.000 mile=0.000 surv=0.100 idle=0.000 gover=0.000 | nw=1.532e+06 nw_delta=0.000 pop=28 bases=1 money=82000 credit=0 day=2 | food=0 water=0 coal=0 home=50 free=28 roads=0
  BUILDINGS: City(0d,0/0) 
  OBS: year=0 month=3 season=0 money=82000 credit=0 people=28 busy=0 free=28 home_places=50 need_workers=0 tax_due=0 main_tax_due=0 tax_amount=5106 main_tax_amount=0 days_alive=2 stage=0 res0=0 res1=0 res2=0 res3=0 res4=0 res5=0 res6=0 res7=0 res8=0 | nw=1532000.0000
  find_lot FAILED: need_earth=2 no_near_base=0 | bases=1 | total_free=78399 matching=43184 valid=0
  find_lot FAILED: need_earth=3 no_near_base=0 | bases=1 | total_free=78399 matching=43184 valid=0
  find_lot FAILED: need_earth=4 no_near_base=0 | bases=1 | total_free=78399 matching=43184 valid=0
  find_lot FAILED: need_earth=5 no_near_base=0 | bases=1 | total_free=78399 matching=43184 valid=0
  find_lot FAILED: need_earth=7 no_near_base=0 | bases=1 | total_free=78399 matching=43184 valid=0
  find_lot FAILED: need_earth=2 no_near_base=0 | bases=1 | total_free=78399 matching=43184 valid=0
  find_lot FAILED: need_earth=4 no_near_base=0 | bases=1 | total_free=78399 matching=43184 valid=0
  find_lot FAILED: need_earth=3 no_near_base=0 | bases=1 | total_free=78399 matching=43184 valid=0
  find_lot FAILED: need_earth=3 no_near_base=0 | bases=1 | total_free=78399 matching=43184 valid=0
  ACTION: 39 | money=82000 pop=28 free=28
STEP 3 | MGR:unpreserve | total=-0.600 err=-1.000 tax=0.000 taxb=0.300 build=0.000 cost=0.000 div=0.000 prox=0.000 prov=0.000 preq=0.000 pres=0.000 sale=0.000 mtax=0.000 chain=0.000 daily=0.000 nov=0.000 mile=0.000 surv=0.100 idle=0.000 gover=0.000 | nw=1.532e+06 nw_delta=0.000 pop=28 bases=1 money=82000 credit=0 day=3 | food=0 water=0 coal=0 home=50 free=28 roads=0
  BUILDINGS: City(0d,0/0) 
  OBS: year=0 month=3 season=0 money=82000 credit=0 people=28 busy=0 free=28 home_places=50 need_workers=0 tax_due=0 main_tax_due=0 tax_amount=5106 main_tax_amount=0 days_alive=3 stage=0 res0=0 res1=0 res2=0 res3=0 res4=0 res5=0 res6=0 res7=0 res8=0 | nw=1532000.0000
  find_lot FAILED: need_earth=2 no_near_base=0 | bases=1 | total_free=78399 matching=43184 valid=0
  find_lot FAILED: need_earth=3 no_near_base=0 | bases=1 | total_free=78399 matching=43184 valid=0
  find_lot FAILED: need_earth=4 no_near_base=0 | bases=1 | total_free=78399 matching=43184 valid=0
  find_lot FAILED: need_earth=5 no_near_base=0 | bases=1 | total_free=78399 matching=43184 valid=0
  find_lot FAILED: need_earth=7 no_near_base=0 | bases=1 | total_free=78399 matching=43184 valid=0
  find_lot FAILED: need_earth=2 no_near_base=0 | bases=1 | total_free=78399 matching=43184 valid=0
  find_lot FAILED: need_earth=4 no_near_base=0 | bases=1 | total_free=78399 matching=43184 valid=0
  find_lot FAILED: need_earth=3 no_near_base=0 | bases=1 | total_free=78399 matching=43184 valid=0
  find_lot FAILED: need_earth=3 no_near_base=0 | bases=1 | total_free=78399 matching=43184 valid=0
  ACTION: 34 | money=82000 pop=28 free=28
STEP 4 | MGR:improve | total=-32.597 err=0.000 tax=0.000 taxb=0.300 build=0.000 cost=0.000 div=0.000 prox=0.000 prov=0.000 preq=0.000 pres=0.000 sale=0.000 mtax=0.000 chain=0.000 daily=0.000 nov=0.000 mile=0.000 surv=-32.897 idle=0.000 gover=0.000 | nw=1.499e+06 nw_delta=-32997.000 pop=28 bases=1 money=49003 credit=0 day=4 | food=0 water=0 coal=0 home=50 free=28 roads=0
  BUILDINGS: City(0d,0/0) 
  OBS: year=0 month=3 season=0 money=49003 credit=0 people=28 busy=0 free=28 home_places=50 need_workers=0 tax_due=0 main_tax_due=0 tax_amount=5106 main_tax_amount=0 days_alive=4 stage=0 res0=0 res1=0 res2=0 res3=0 res4=0 res5=0 res6=0 res7=0 res8=0 | nw=1499003.0000
  find_lot FAILED: need_earth=2 no_near_base=0 | bases=1 | total_free=78399 matching=43184 valid=0
  find_lot FAILED: need_earth=3 no_near_base=0 | bases=1 | total_free=78399 matching=43184 valid=0
  find_lot FAILED: need_earth=4 no_near_base=0 | bases=1 | total_free=78399 matching=43184 valid=0
  find_lot FAILED: need_earth=5 no_near_base=0 | bases=1 | total_free=78399 matching=43184 valid=0
  find_lot FAILED: need_earth=2 no_near_base=0 | bases=1 | total_free=78399 matching=43184 valid=0
  find_lot FAILED: need_earth=4 no_near_base=0 | bases=1 | total_free=78399 matching=43184 valid=0
  find_lot FAILED: need_earth=3 no_near_base=0 | bases=1 | total_free=78399 matching=43184 valid=0
  find_lot FAILED: need_earth=3 no_near_base=0 | bases=1 | total_free=78399 matching=43184 valid=0
  ACTION: 31 (BUILD:AirStation price=23790 need_earth=10) | money=49003 pop=28 free=28
STEP 5 | BUILD:AirStation | total=11.596 err=0.000 tax=0.000 taxb=0.300 build=4.375 cost=-2.379 div=8.000 prox=0.000 prov=0.000 preq=1.200 pres=0.000 sale=0.000 mtax=0.000 chain=0.000 daily=0.000 nov=0.000 mile=0.000 surv=0.100 idle=0.000 gover=0.000 | nw=1.499e+06 nw_delta=0.000 pop=28 bases=2 money=25213 credit=0 day=5 | food=0 water=0 coal=0 home=50 free=28 roads=0
  BUILDINGS: City(0d,0/0) AirStation(10d,6552/6552) 
  OBS: year=0 month=3 season=0 money=25213 credit=0 people=28 busy=0 free=28 home_places=50 need_workers=0 tax_due=0 main_tax_due=0 tax_amount=5526 main_tax_amount=0 days_alive=5 stage=0 res0=0 res1=0 res2=0 res3=0 res4=0 res5=0 res6=0 res7=0 res8=0 AirStation=1 | nw=1499003.0000
  find_lot FAILED: need_earth=2 no_near_base=0 | bases=2 | total_free=78398 matching=43183 valid=0
  find_lot FAILED: need_earth=3 no_near_base=0 | bases=2 | total_free=78398 matching=43183 valid=0
  find_lot FAILED: need_earth=3 no_near_base=0 | bases=2 | total_free=78398 matching=43183 valid=0
  find_lot FAILED: need_earth=3 no_near_base=0 | bases=2 | total_free=78398 matching=43183 valid=0
