======================================================================
EPISODE 1
======================================================================
init: year=0 month=3 season=0 money=82000 credit=0 people=28 busy=0 free=28 home_places=50 need_workers=0 tax_due=0 main_tax_due=0 tax_amount=5106 main_tax_amount=0 days_alive=0 stage=0 res0=0 res1=0 res2=0 res3=0 res4=0 res5=0 res6=0 res7=0 res8=0 | nw=1532000.0000
  s=    0 a= 44(MANAGER:10) r= +1.2728 cum=     +1.27 v= -7.4495 top5=[a44=0.175, a42=0.095, a18=0.077, a43=0.071, a38=0.051]
    OBS: year=0 month=3 season=0 money=82000 credit=0 people=28 busy=0 free=28 home_places=50 need_workers=0 tax_due=0 main_tax_due=0 tax_amount=5106 main_tax_amount=0 days_alive=1 stage=0 res0=0 res1=0 res2=0 res3=0 res4=0 res5=0 res6=0 res7=0 res8=0 | nw=1532000.0000
  s=    1 a= 37(MANAGER:3) r= -0.7206 cum=     +0.55 v= -2.2201 top5=[a18=0.062, a44=0.062, a42=0.056, a43=0.055, a40=0.050]
    OBS: year=0 month=3 season=0 money=82000 credit=0 people=28 busy=0 free=28 home_places=50 need_workers=0 tax_due=0 main_tax_due=0 tax_amount=5106 main_tax_amount=0 days_alive=2 stage=0 res0=0 res1=0 res2=0 res3=0 res4=0 res5=0 res6=0 res7=0 res8=0 | nw=1532000.0000
  s=    2 a= 39(MANAGER:5) r= -0.6857 cum=     -0.13 v= -1.7005 top5=[a18=0.057, a44=0.057, a43=0.052, a42=0.052, a40=0.049]
    OBS: year=0 month=3 season=0 money=82000 credit=0 people=28 busy=0 free=28 home_places=50 need_workers=0 tax_due=0 main_tax_due=0 tax_amount=5106 main_tax_amount=0 days_alive=3 stage=0 res0=0 res1=0 res2=0 res3=0 res4=0 res5=0 res6=0 res7=0 res8=0 | nw=1532000.0000
  s=    3 a= 34(MANAGER:0) r=-10.0000 cum=    -10.13 v= -1.4354 top5=[a18=0.055, a44=0.054, a43=0.051, a42=0.050, a40=0.048]
    OBS: year=0 month=3 season=0 money=49003 credit=0 people=28 busy=0 free=28 home_places=50 need_workers=0 tax_due=0 main_tax_due=0 tax_amount=5106 main_tax_amount=0 days_alive=4 stage=0 res0=0 res1=0 res2=0 res3=0 res4=0 res5=0 res6=0 res7=0 res8=0 | nw=1499003.0000
  s=    4 a= 31(BUILD:AirStation) r= +2.6338 cum=     -7.50 v= -1.2804 top5=[a18=0.056, a44=0.054, a42=0.052, a43=0.052, a40=0.050] [BUILD: AirStation]
    OBS: year=0 month=3 season=0 money=25213 credit=0 people=28 busy=0 free=28 home_places=50 need_workers=0 tax_due=0 main_tax_due=0 tax_amount=5526 main_tax_amount=0 days_alive=5 stage=0 res0=0 res1=0 res2=0 res3=0 res4=0 res5=0 res6=0 res7=0 res8=0 AirStation=1 | nw=1499003.0000
  >>> Ep 1: reward=-7.50, steps=5
  >>> final: year=0 month=3 season=0 money=25213 credit=0 people=28 busy=0 free=28 home_places=50 need_workers=0 tax_due=0 main_tax_due=0 tax_amount=5526 main_tax_amount=0 days_alive=5 stage=0 res0=0 res1=0 res2=0 res3=0 res4=0 res5=0 res6=0 res7=0 res8=0 AirStation=1 | nw=1499003.0000

======================================================================
SUMMARY
======================================================================
Episodes: 1
Total steps: 5
Mean reward: -7.50
Max reward:  -7.50
Min reward:  -7.50
  Ep 1: -7.50

ACTION DISTRIBUTION (all 5 steps)
  MANAGER:10          :     1 (20.0%)
  MANAGER:3           :     1 (20.0%)
  MANAGER:5           :     1 (20.0%)
  MANAGER:0           :     1 (20.0%)
  BUILD:AirStation    :     1 (20.0%)
