======================================================================
EPISODE 1
======================================================================
init: year=0 month=3 season=0 money=82000 credit=0 people=28 busy=0 free=28 home_places=50 need_workers=0 tax_due=0 main_tax_due=0 tax_amount=5106 main_tax_amount=0 days_alive=0 stage=0 res0=0 res1=0 res2=0 res3=0 res4=0 res5=0 res6=0 res7=0 res8=0 | nw=1532000.0000
  s=    0 a=  4(BUILD:Garden) r= -0.8485 cum=     -0.85 v= +0.5829 top5=[a39=0.068, a27=0.052, a32=0.040, a3=0.036, a1=0.035] [BUILD: Garden]
    OBS: year=0 month=3 season=0 money=82000 credit=0 people=28 busy=0 free=28 home_places=50 need_workers=0 tax_due=0 main_tax_due=0 tax_amount=5106 main_tax_amount=0 days_alive=1 stage=0 res0=0 res1=0 res2=0 res3=0 res4=0 res5=0 res6=0 res7=0 res8=0 | nw=1532000.0000
  s=    1 a=  2(BUILD:WaterChannel) r=+10.0000 cum=     +9.15 v= +0.1218 top5=[a39=0.028, a27=0.028, a32=0.026, a13=0.026, a11=0.026] [BUILD: WaterChannel]
    OBS: year=0 month=3 season=0 money=62186 credit=0 people=28 busy=0 free=28 home_places=50 need_workers=0 tax_due=0 main_tax_due=0 tax_amount=5526 main_tax_amount=0 days_alive=2 stage=0 res0=0 res1=0 res2=0 res3=0 res4=0 res5=0 res6=0 res7=0 res8=0 Farm=1 | nw=1532000.0000
  s=    2 a= 40(MANAGER:6) r= -0.1335 cum=     +9.02 v= +0.1682 top5=[a39=0.031, a32=0.027, a1=0.027, a3=0.026, a25=0.026]
    OBS: year=0 month=3 season=0 money=62186 credit=0 people=28 busy=0 free=28 home_places=50 need_workers=0 tax_due=0 main_tax_due=0 tax_amount=5526 main_tax_amount=0 days_alive=3 stage=0 res0=0 res1=0 res2=0 res3=0 res4=0 res5=0 res6=0 res7=0 res8=0 Farm=1 | nw=1532000.0000
  s=    3 a= 38(MANAGER:4) r= +0.8223 cum=     +9.84 v= +0.1212 top5=[a39=0.028, a32=0.026, a1=0.025, a25=0.025, a11=0.025]
    OBS: year=0 month=3 season=0 money=62186 credit=0 people=28 busy=0 free=28 home_places=50 need_workers=0 tax_due=0 main_tax_due=0 tax_amount=5526 main_tax_amount=0 days_alive=4 stage=0 res0=0 res1=0 res2=0 res3=0 res4=0 res5=0 res6=0 res7=0 res8=0 Farm=1 | nw=1532000.0000
  s=    4 a= 42(MANAGER:8) r= +0.0131 cum=     +9.85 v= +0.1135 top5=[a39=0.027, a32=0.025, a25=0.025, a11=0.025, a1=0.025]
    OBS: year=0 month=3 season=0 money=112186 credit=50100 people=28 busy=0 free=28 home_places=50 need_workers=0 tax_due=0 main_tax_due=0 tax_amount=5526 main_tax_amount=0 days_alive=5 stage=0 res0=0 res1=0 res2=0 res3=0 res4=0 res5=0 res6=0 res7=0 res8=0 Farm=1 | nw=1531900.0000
  s=    5 a= 14(BUILD:Road) r= +2.5190 cum=    +12.37 v= +0.0714 top5=[a39=0.026, a1=0.025, a32=0.025, a25=0.025, a3=0.025] [BUILD: Road]
    OBS: year=0 month=3 season=0 money=106286 credit=50200 people=28 busy=0 free=28 home_places=50 need_workers=0 tax_due=0 main_tax_due=0 tax_amount=5946 main_tax_amount=0 days_alive=6 stage=0 res0=0 res1=0 res2=0 res3=0 res4=0 res5=0 res6=0 res7=0 res8=0 Farm=1 SmallHouse=1 | nw=1531800.0000
  s=    6 a= 13(BUILD:HydroStation) r= +2.4334 cum=    +14.81 v= +0.1084 top5=[a39=0.027, a1=0.026, a3=0.025, a11=0.025, a25=0.025] [BUILD: HydroStation]
    OBS: year=0 month=3 season=0 money=92248 credit=50300 people=28 busy=0 free=28 home_places=50 need_workers=0 tax_due=0 main_tax_due=0 tax_amount=6366 main_tax_amount=0 days_alive=7 stage=0 res0=0 res1=0 res2=0 res3=0 res4=0 res5=0 res6=0 res7=0 res8=0 Farm=1 House=1 SmallHouse=1 | nw=1531700.0000
  s=    7 a= 38(MANAGER:4) r= +0.9621 cum=    +15.77 v= +0.2043 top5=[a39=0.030, a1=0.029, a14=0.029, a32=0.027, a38=0.027]
    OBS: year=0 month=3 season=0 money=92248 credit=50400 people=28 busy=0 free=28 home_places=50 need_workers=0 tax_due=0 main_tax_due=0 tax_amount=6366 main_tax_amount=0 days_alive=8 stage=0 res0=0 res1=0 res2=0 res3=0 res4=0 res5=0 res6=0 res7=0 res8=0 Farm=1 House=1 SmallHouse=1 | nw=1531600.0000
  s=    8 a= 28(BUILD:BigRefinary) r= -0.3162 cum=    +15.45 v= +0.1216 top5=[a39=0.028, a1=0.026, a14=0.026, a11=0.025, a3=0.025] [BUILD: BigRefinary]
    OBS: year=0 month=3 season=0 money=92248 credit=50500 people=28 busy=0 free=28 home_places=50 need_workers=0 tax_due=0 main_tax_due=0 tax_amount=6366 main_tax_amount=0 days_alive=9 stage=0 res0=0 res1=0 res2=0 res3=0 res4=0 res5=0 res6=0 res7=0 res8=0 Farm=1 House=1 SmallHouse=1 | nw=1531500.0000
  s=    9 a= 35(MANAGER:1) r= -0.3263 cum=    +15.13 v= +0.1048 top5=[a39=0.027, a1=0.026, a14=0.025, a11=0.025, a3=0.025]
    OBS: year=0 month=3 season=0 money=92248 credit=50601 people=28 busy=0 free=28 home_places=50 need_workers=0 tax_due=0 main_tax_due=0 tax_amount=6366 main_tax_amount=0 days_alive=10 stage=0 res0=0 res1=0 res2=0 res3=0 res4=0 res5=0 res6=0 res7=0 res8=0 Farm=1 House=1 SmallHouse=1 | nw=1531399.0000
  s=   10 a= 40(MANAGER:6) r= -0.3362 cum=    +14.79 v= +0.0921 top5=[a39=0.027, a1=0.025, a14=0.025, a11=0.025, a25=0.024]
    OBS: year=0 month=3 season=0 money=92248 credit=50702 people=28 busy=0 free=28 home_places=50 need_workers=0 tax_due=0 main_tax_due=0 tax_amount=6366 main_tax_amount=0 days_alive=11 stage=0 res0=0 res1=0 res2=0 res3=0 res4=0 res5=0 res6=0 res7=0 res8=0 Farm=1 House=1 SmallHouse=1 | nw=1531298.0000
  s=   11 a= 28(BUILD:BigRefinary) r= -0.3459 cum=    +14.44 v= +0.0821 top5=[a39=0.027, a1=0.025, a14=0.025, a11=0.025, a12=0.024] [BUILD: BigRefinary]
    OBS: year=0 month=3 season=0 money=92248 credit=50803 people=28 busy=0 free=28 home_places=50 need_workers=0 tax_due=0 main_tax_due=0 tax_amount=6366 main_tax_amount=0 days_alive=12 stage=0 res0=0 res1=0 res2=0 res3=0 res4=0 res5=0 res6=0 res7=0 res8=0 Farm=1 House=1 SmallHouse=1 | nw=1531197.0000
  s=   12 a=  2(BUILD:WaterChannel) r= +2.1786 cum=    +16.62 v= +0.0747 top5=[a39=0.027, a1=0.025, a14=0.025, a11=0.025, a12=0.024] [BUILD: WaterChannel]
    OBS: year=0 month=3 season=0 money=72434 credit=50904 people=28 busy=0 free=28 home_places=50 need_workers=0 tax_due=0 main_tax_due=0 tax_amount=6786 main_tax_amount=0 days_alive=13 stage=0 res0=0 res1=0 res2=0 res3=0 res4=0 res5=0 res6=0 res7=0 res8=0 Farm=2 House=1 SmallHouse=1 | nw=1531096.0000
  s=   13 a= 27(BUILD:WaterMill) r= -0.3668 cum=    +16.26 v= +0.0794 top5=[a39=0.027, a14=0.026, a11=0.025, a31=0.025, a1=0.024] [BUILD: WaterMill]
    OBS: year=0 month=3 season=0 money=72434 credit=51005 people=28 busy=0 free=28 home_places=50 need_workers=0 tax_due=0 main_tax_due=0 tax_amount=6786 main_tax_amount=0 days_alive=14 stage=0 res0=0 res1=0 res2=0 res3=0 res4=0 res5=0 res6=0 res7=0 res8=0 Farm=2 House=1 SmallHouse=1 | nw=1530992.7206
  s=   14 a= 41(MANAGER:7) r= -0.1406 cum=    +16.11 v= +0.0768 top5=[a39=0.026, a14=0.025, a22=0.025, a11=0.024, a1=0.024]
    OBS: year=0 month=3 season=0 money=71634 credit=51107 people=28 busy=0 free=28 home_places=50 need_workers=0 tax_due=0 main_tax_due=0 tax_amount=6794 main_tax_amount=0 days_alive=15 stage=0 res0=0 res1=400 res2=0 res3=0 res4=0 res5=0 res6=0 res7=0 res8=0 Farm=2 House=1 SmallHouse=1 | nw=1530489.2011
  s=   15 a= 33(BUILD:AtomStation) r= -0.3852 cum=    +15.73 v= -0.1552 top5=[a39=0.032, a1=0.030, a12=0.029, a43=0.029, a32=0.028] [BUILD: AtomStation]
    OBS: year=0 month=3 season=0 money=71634 credit=51209 people=28 busy=0 free=28 home_places=50 need_workers=0 tax_due=0 main_tax_due=0 tax_amount=6794 main_tax_amount=0 days_alive=16 stage=0 res0=0 res1=400 res2=0 res3=0 res4=0 res5=0 res6=0 res7=0 res8=0 Farm=2 House=1 SmallHouse=1 | nw=1530384.9217
  s=   16 a= 29(BUILD:Puerperal) r= +2.3871 cum=    +18.12 v= -0.1131 top5=[a39=0.029, a1=0.028, a43=0.027, a12=0.027, a32=0.027] [BUILD: Puerperal]
    OBS: year=0 month=3 season=0 money=34529 credit=51311 people=28 busy=0 free=28 home_places=50 need_workers=0 tax_due=0 main_tax_due=0 tax_amount=7214 main_tax_amount=0 days_alive=17 stage=0 res0=0 res1=400 res2=0 res3=0 res4=0 res5=0 res6=0 res7=0 res8=0 Farm=2 House=1 SmallHouse=1 Puerperal=1 | nw=1530281.4021
  s=   17 a= 10(BUILD:Refinery) r= -0.4001 cum=    +17.72 v= -0.0587 top5=[a39=0.028, a32=0.027, a33=0.026, a1=0.026, a43=0.026] [BUILD: Refinery]
    OBS: year=0 month=3 season=0 money=34529 credit=51413 people=28 busy=0 free=28 home_places=50 need_workers=0 tax_due=0 main_tax_due=0 tax_amount=7214 main_tax_amount=0 days_alive=18 stage=0 res0=0 res1=400 res2=0 res3=0 res4=0 res5=0 res6=0 res7=0 res8=0 Farm=2 House=1 SmallHouse=1 Puerperal=1 | nw=1530177.8826
  s=   18 a= 24(BUILD:Hothouse) r= +4.2398 cum=    +21.96 v= -0.0468 top5=[a39=0.027, a32=0.026, a33=0.026, a1=0.026, a38=0.026] [BUILD: Hothouse]
    OBS: year=0 month=3 season=0 money=17939 credit=51515 people=28 busy=0 free=28 home_places=50 need_workers=0 tax_due=0 main_tax_due=0 tax_amount=7634 main_tax_amount=0 days_alive=19 stage=0 res0=0 res1=400 res2=0 res3=0 res4=0 res5=0 res6=0 res7=0 res8=0 Farm=2 House=1 SmallHouse=1 Hothouse=1 Puerperal=1 | nw=1530074.3630
  s=   19 a= 29(BUILD:Puerperal) r= -0.3994 cum=    +21.56 v= -0.0176 top5=[a39=0.027, a38=0.026, a32=0.026, a14=0.026, a43=0.026] [BUILD: Puerperal]
    OBS: year=0 month=3 season=0 money=17939 credit=51618 people=28 busy=0 free=28 home_places=50 need_workers=0 tax_due=0 main_tax_due=0 tax_amount=7634 main_tax_amount=0 days_alive=20 stage=0 res0=0 res1=400 res2=0 res3=0 res4=0 res5=0 res6=0 res7=0 res8=0 Farm=2 House=1 SmallHouse=1 Hothouse=1 Puerperal=1 | nw=1529969.8434
  >>> Ep 1: reward=21.56, steps=20
  >>> final: year=0 month=3 season=0 money=17939 credit=51618 people=28 busy=0 free=28 home_places=50 need_workers=0 tax_due=0 main_tax_due=0 tax_amount=7634 main_tax_amount=0 days_alive=20 stage=0 res0=0 res1=400 res2=0 res3=0 res4=0 res5=0 res6=0 res7=0 res8=0 Farm=2 House=1 SmallHouse=1 Hothouse=1 Puerperal=1 | nw=1529969.8434

======================================================================
SUMMARY
======================================================================
Episodes: 1
Total steps: 20
Mean reward: 21.56
Max reward:  21.56
Min reward:  21.56
  Ep 1: +21.56

ACTION DISTRIBUTION (all 20 steps)
  BUILD:WaterChannel  :     2 (10.0%)
  MANAGER:6           :     2 (10.0%)
  MANAGER:4           :     2 (10.0%)
  BUILD:BigRefinary   :     2 (10.0%)
  BUILD:Puerperal     :     2 (10.0%)
  BUILD:Garden        :     1 (5.0%)
  MANAGER:8           :     1 (5.0%)
  BUILD:Road          :     1 (5.0%)
  BUILD:HydroStation  :     1 (5.0%)
  MANAGER:1           :     1 (5.0%)
  BUILD:WaterMill     :     1 (5.0%)
  MANAGER:7           :     1 (5.0%)
  BUILD:AtomStation   :     1 (5.0%)
  BUILD:Refinery      :     1 (5.0%)
  BUILD:Hothouse      :     1 (5.0%)
