=== Step log started ===
  ACTION: 4 (BUILD:WaterChannel price=18310 need_earth=2) | money=82000 pop=28 free=28
  find_lot FAILED: need_earth=2 no_near_base=0 | bases=1 | total_free=78399 matching=43184 valid=0
  BUILD FAILED: WaterChannel | has_cell=NO | REASON: find_lot returned null (no suitable cell)
STEP 1 | BUILD:WaterChannel | total=-0.600 err=-1.000 tax=0.000 taxb=0.300 build=0.000 cost=0.000 div=0.000 prox=0.000 prov=0.000 preq=0.000 pres=0.000 sale=0.000 mtax=0.000 chain=0.000 daily=0.000 nov=0.000 mile=0.000 surv=0.100 idle=0.000 gover=0.000 | nw=1.532e+06 nw_delta=0.000 pop=28 bases=1 money=82000 credit=0 day=1 | food=0 water=0 coal=0 home=50 free=28 roads=0
  BUILDINGS: City(0d,0/0) 
  OBS: year=0 month=3 season=0 money=82000 credit=0 people=28 busy=0 free=28 home_places=50 need_workers=0 tax_due=0 main_tax_due=0 tax_amount=5106 main_tax_amount=0 days_alive=1 stage=0 res0=0 res1=0 res2=0 res3=0 res4=0 res5=0 res6=0 res7=0 res8=0 | nw=1532000.0000
  ACTION: 27 (BUILD:WaterMill price=2900197 need_earth=2) | money=82000 pop=28 free=28
  find_lot FAILED: need_earth=2 no_near_base=0 | bases=1 | total_free=78399 matching=43184 valid=0
  BUILD FAILED: WaterMill | has_cell=NO | REASON: find_lot returned null (no suitable cell)
STEP 2 | BUILD:WaterMill | total=-0.600 err=-1.000 tax=0.000 taxb=0.300 build=0.000 cost=0.000 div=0.000 prox=0.000 prov=0.000 preq=0.000 pres=0.000 sale=0.000 mtax=0.000 chain=0.000 daily=0.000 nov=0.000 mile=0.000 surv=0.100 idle=0.000 gover=0.000 | nw=1.532e+06 nw_delta=0.000 pop=28 bases=1 money=82000 credit=0 day=2 | food=0 water=0 coal=0 home=50 free=28 roads=0
  BUILDINGS: City(0d,0/0) 
  OBS: year=0 month=3 season=0 money=82000 credit=0 people=28 busy=0 free=28 home_places=50 need_workers=0 tax_due=0 main_tax_due=0 tax_amount=5106 main_tax_amount=0 days_alive=2 stage=0 res0=0 res1=0 res2=0 res3=0 res4=0 res5=0 res6=0 res7=0 res8=0 | nw=1532000.0000
  ACTION: 40 | money=82000 pop=28 free=28
STEP 3 | MGR:sell | total=-0.600 err=-1.000 tax=0.000 taxb=0.300 build=0.000 cost=0.000 div=0.000 prox=0.000 prov=0.000 preq=0.000 pres=0.000 sale=0.000 mtax=0.000 chain=0.000 daily=0.000 nov=0.000 mile=0.000 surv=0.100 idle=0.000 gover=0.000 | nw=1.532e+06 nw_delta=0.000 pop=28 bases=1 money=82000 credit=0 day=3 | food=0 water=0 coal=0 home=50 free=28 roads=0
  BUILDINGS: City(0d,0/0) 
  OBS: year=0 month=3 season=0 money=82000 credit=0 people=28 busy=0 free=28 home_places=50 need_workers=0 tax_due=0 main_tax_due=0 tax_amount=5106 main_tax_amount=0 days_alive=3 stage=0 res0=0 res1=0 res2=0 res3=0 res4=0 res5=0 res6=0 res7=0 res8=0 | nw=1532000.0000
  ACTION: 36 | money=82000 pop=28 free=28
STEP 4 | MGR:restore_all | total=-0.600 err=-1.000 tax=0.000 taxb=0.300 build=0.000 cost=0.000 div=0.000 prox=0.000 prov=0.000 preq=0.000 pres=0.000 sale=0.000 mtax=0.000 chain=0.000 daily=0.000 nov=0.000 mile=0.000 surv=0.100 idle=0.000 gover=0.000 | nw=1.532e+06 nw_delta=0.000 pop=28 bases=1 money=82000 credit=0 day=4 | food=0 water=0 coal=0 home=50 free=28 roads=0
  BUILDINGS: City(0d,0/0) 
  OBS: year=0 month=3 season=0 money=82000 credit=0 people=28 busy=0 free=28 home_places=50 need_workers=0 tax_due=0 main_tax_due=0 tax_amount=5106 main_tax_amount=0 days_alive=4 stage=0 res0=0 res1=0 res2=0 res3=0 res4=0 res5=0 res6=0 res7=0 res8=0 | nw=1532000.0000
  ACTION: 5 (BUILD:Sawmill price=17570 need_earth=3) | money=82000 pop=28 free=28
  find_lot FAILED: need_earth=3 no_near_base=0 | bases=1 | total_free=78399 matching=43184 valid=0
  BUILD FAILED: Sawmill | has_cell=NO | REASON: find_lot returned null (no suitable cell)
STEP 5 | BUILD:Sawmill | total=-0.600 err=-1.000 tax=0.000 taxb=0.300 build=0.000 cost=0.000 div=0.000 prox=0.000 prov=0.000 preq=0.000 pres=0.000 sale=0.000 mtax=0.000 chain=0.000 daily=0.000 nov=0.000 mile=0.000 surv=0.100 idle=0.000 gover=0.000 | nw=1.532e+06 nw_delta=0.000 pop=28 bases=1 money=82000 credit=0 day=5 | food=0 water=0 coal=0 home=50 free=28 roads=0
  BUILDINGS: City(0d,0/0) 
  OBS: year=0 month=3 season=0 money=82000 credit=0 people=28 busy=0 free=28 home_places=50 need_workers=0 tax_due=0 main_tax_due=0 tax_amount=5106 main_tax_amount=0 days_alive=5 stage=0 res0=0 res1=0 res2=0 res3=0 res4=0 res5=0 res6=0 res7=0 res8=0 | nw=1532000.0000
  ACTION: 12 (BUILD:Road price=400 need_earth=10) | money=82000 pop=28 free=28
STEP 6 | BUILD:Road | total=1.860 err=0.000 tax=0.000 taxb=0.300 build=1.500 cost=-0.040 div=0.000 prox=0.000 prov=0.000 preq=0.000 pres=0.000 sale=0.000 mtax=0.000 chain=0.000 daily=0.000 nov=0.000 mile=0.000 surv=0.100 idle=0.000 gover=0.000 | nw=1.532e+06 nw_delta=0.000 pop=28 bases=2 money=81600 credit=0 day=6 | food=0 water=0 coal=0 home=50 free=28 roads=1
  BUILDINGS: City(0d,0/0) Road(6d,0/0) 
  OBS: year=0 month=3 season=0 money=81600 credit=0 people=28 busy=0 free=28 home_places=50 need_workers=0 tax_due=0 main_tax_due=0 tax_amount=5106 main_tax_amount=0 days_alive=6 stage=0 res0=0 res1=0 res2=0 res3=0 res4=0 res5=0 res6=0 res7=0 res8=0 Road=1 | nw=1532000.0000
  ACTION: 18 (BUILD:CowFarm price=32002 need_earth=10) | money=81600 pop=28 free=28
STEP 7 | BUILD:CowFarm | total=11.122 err=0.000 tax=0.000 taxb=0.300 build=5.922 cost=-3.200 div=8.000 prox=0.000 prov=0.000 preq=0.000 pres=0.000 sale=0.000 mtax=0.000 chain=0.000 daily=0.000 nov=0.000 mile=0.000 surv=0.100 idle=0.000 gover=0.000 | nw=1.532e+06 nw_delta=0.000 pop=28 bases=3 money=49598 credit=0 day=7 | food=0 water=0 coal=0 home=50 free=28 roads=1
  BUILDINGS: City(0d,0/0) Road(5d,0/0) CowFarm(44d,5824/5824) 
  OBS: year=0 month=3 season=0 money=49598 credit=0 people=28 busy=0 free=28 home_places=50 need_workers=0 tax_due=0 main_tax_due=0 tax_amount=5526 main_tax_amount=0 days_alive=7 stage=0 res0=0 res1=0 res2=0 res3=0 res4=0 res5=0 res6=0 res7=0 res8=0 Road=1 CowFarm=1 | nw=1532000.0000
  ACTION: 35 | money=49598 pop=28 free=28
STEP 8 | MGR:repair | total=-0.600 err=-1.000 tax=0.000 taxb=0.300 build=0.000 cost=0.000 div=0.000 prox=0.000 prov=0.000 preq=0.000 pres=0.000 sale=0.000 mtax=0.000 chain=0.000 daily=0.000 nov=0.000 mile=0.000 surv=0.100 idle=0.000 gover=0.000 | nw=1.532e+06 nw_delta=0.000 pop=28 bases=3 money=49598 credit=0 day=8 | food=0 water=0 coal=0 home=50 free=28 roads=1
  BUILDINGS: City(0d,0/0) Road(4d,0/0) CowFarm(43d,5824/5824) 
  OBS: year=0 month=3 season=0 money=49598 credit=0 people=28 busy=0 free=28 home_places=50 need_workers=0 tax_due=0 main_tax_due=0 tax_amount=5526 main_tax_amount=0 days_alive=8 stage=0 res0=0 res1=0 res2=0 res3=0 res4=0 res5=0 res6=0 res7=0 res8=0 Road=1 CowFarm=1 | nw=1532000.0000
  ACTION: 43 | money=49598 pop=28 free=28
STEP 9 | MGR:credit_give | total=-0.600 err=-1.000 tax=0.000 taxb=0.300 build=0.000 cost=0.000 div=0.000 prox=0.000 prov=0.000 preq=0.000 pres=0.000 sale=0.000 mtax=0.000 chain=0.000 daily=0.000 nov=0.000 mile=0.000 surv=0.100 idle=0.000 gover=0.000 | nw=1.532e+06 nw_delta=0.000 pop=28 bases=3 money=49598 credit=0 day=9 | food=0 water=0 coal=0 home=50 free=28 roads=1
  BUILDINGS: City(0d,0/0) Road(3d,0/0) CowFarm(42d,5824/5824) 
  OBS: year=0 month=3 season=0 money=49598 credit=0 people=28 busy=0 free=28 home_places=50 need_workers=0 tax_due=0 main_tax_due=0 tax_amount=5526 main_tax_amount=0 days_alive=9 stage=0 res0=0 res1=0 res2=0 res3=0 res4=0 res5=0 res6=0 res7=0 res8=0 Road=1 CowFarm=1 | nw=1532000.0000
  ACTION: 20 (BUILD:BigHouse price=66400 need_earth=1) | money=49598 pop=28 free=28
  BUILD FAILED: BigHouse | has_cell=yes | REASON: Недостаточно денег. | cell=(140,141) | money=49598 price=66400 | pop=28 need_workers=0
STEP 10 | BUILD:BigHouse | total=-0.600 err=-1.000 tax=0.000 taxb=0.300 build=0.000 cost=0.000 div=0.000 prox=0.000 prov=0.000 preq=0.000 pres=0.000 sale=0.000 mtax=0.000 chain=0.000 daily=0.000 nov=0.000 mile=0.000 surv=0.100 idle=0.000 gover=0.000 | nw=1.532e+06 nw_delta=0.000 pop=28 bases=3 money=49598 credit=0 day=10 | food=0 water=0 coal=0 home=50 free=28 roads=1
  BUILDINGS: City(0d,0/0) Road(2d,0/0) CowFarm(41d,5824/5824) 
  OBS: year=0 month=3 season=0 money=49598 credit=0 people=28 busy=0 free=28 home_places=50 need_workers=0 tax_due=0 main_tax_due=0 tax_amount=5526 main_tax_amount=0 days_alive=10 stage=0 res0=0 res1=0 res2=0 res3=0 res4=0 res5=0 res6=0 res7=0 res8=0 Road=1 CowFarm=1 | nw=1532000.0000
  ACTION: 37 | money=49598 pop=28 free=28
STEP 11 | MGR:destroy | total=-0.600 err=-1.000 tax=0.000 taxb=0.300 build=0.000 cost=0.000 div=0.000 prox=0.000 prov=0.000 preq=0.000 pres=0.000 sale=0.000 mtax=0.000 chain=0.000 daily=0.000 nov=0.000 mile=0.000 surv=0.100 idle=0.000 gover=0.000 | nw=1.532e+06 nw_delta=0.000 pop=28 bases=3 money=49598 credit=0 day=11 | food=0 water=0 coal=0 home=50 free=28 roads=1
  BUILDINGS: City(0d,0/0) Road(1d,0/0) CowFarm(40d,5824/5824) 
  OBS: year=0 month=3 season=0 money=49598 credit=0 people=28 busy=0 free=28 home_places=50 need_workers=0 tax_due=0 main_tax_due=0 tax_amount=5526 main_tax_amount=0 days_alive=11 stage=0 res0=0 res1=0 res2=0 res3=0 res4=0 res5=0 res6=0 res7=0 res8=0 Road=1 CowFarm=1 | nw=1532000.0000
  ACTION: 6 (BUILD:Coalmine price=25471 need_earth=4) | money=49598 pop=28 free=28
  find_lot FAILED: need_earth=4 no_near_base=0 | bases=3 | total_free=78397 matching=43182 valid=0
  BUILD FAILED: Coalmine | has_cell=NO | REASON: find_lot returned null (no suitable cell)
STEP 12 | BUILD:Coalmine | total=-0.600 err=-1.000 tax=0.000 taxb=0.300 build=0.000 cost=0.000 div=0.000 prox=0.000 prov=0.000 preq=0.000 pres=0.000 sale=0.000 mtax=0.000 chain=0.000 daily=0.000 nov=0.000 mile=0.000 surv=0.100 idle=0.000 gover=0.000 | nw=1.532e+06 nw_delta=0.000 pop=28 bases=3 money=49598 credit=0 day=12 | food=0 water=0 coal=0 home=50 free=28 roads=1
  BUILDINGS: City(0d,0/0) Road(0d,0/0) CowFarm(39d,5824/5824) 
  OBS: year=0 month=3 season=0 money=49598 credit=0 people=28 busy=0 free=28 home_places=50 need_workers=0 tax_due=0 main_tax_due=0 tax_amount=5526 main_tax_amount=0 days_alive=12 stage=0 res0=0 res1=0 res2=0 res3=0 res4=0 res5=0 res6=0 res7=0 res8=0 Road=1 CowFarm=1 | nw=1532000.0000
  ACTION: 36 | money=49598 pop=28 free=28
STEP 13 | MGR:restore_all | total=-0.600 err=-1.000 tax=0.000 taxb=0.300 build=0.000 cost=0.000 div=0.000 prox=0.000 prov=0.000 preq=0.000 pres=0.000 sale=0.000 mtax=0.000 chain=0.000 daily=0.000 nov=0.000 mile=0.000 surv=0.100 idle=0.000 gover=0.000 | nw=1.532e+06 nw_delta=0.000 pop=28 bases=3 money=49598 credit=0 day=13 | food=0 water=0 coal=0 home=50 free=28 roads=1
  BUILDINGS: City(0d,0/0) Road(0d,0/0) CowFarm(38d,5824/5824) 
  OBS: year=0 month=3 season=0 money=49598 credit=0 people=28 busy=0 free=28 home_places=50 need_workers=0 tax_due=0 main_tax_due=0 tax_amount=5526 main_tax_amount=0 days_alive=13 stage=0 res0=0 res1=0 res2=0 res3=0 res4=0 res5=0 res6=0 res7=0 res8=0 Road=1 CowFarm=1 | nw=1532000.0000
  ACTION: 23 (BUILD:Torchlight price=215000 need_earth=6) | money=49598 pop=28 free=28
  find_lot FAILED: need_earth=6 no_near_base=0 | bases=3 | total_free=78397 matching=43182 valid=0
  BUILD FAILED: Torchlight | has_cell=NO | REASON: find_lot returned null (no suitable cell)
STEP 14 | BUILD:Torchlight | total=-0.600 err=-1.000 tax=0.000 taxb=0.300 build=0.000 cost=0.000 div=0.000 prox=0.000 prov=0.000 preq=0.000 pres=0.000 sale=0.000 mtax=0.000 chain=0.000 daily=0.000 nov=0.000 mile=0.000 surv=0.100 idle=0.000 gover=0.000 | nw=1.532e+06 nw_delta=0.000 pop=28 bases=3 money=49598 credit=0 day=14 | food=0 water=0 coal=0 home=50 free=28 roads=1
  BUILDINGS: City(0d,0/0) Road(0d,0/0) CowFarm(37d,5824/5824) 
  OBS: year=0 month=3 season=0 money=49598 credit=0 people=28 busy=0 free=28 home_places=50 need_workers=0 tax_due=0 main_tax_due=0 tax_amount=5526 main_tax_amount=0 days_alive=14 stage=0 res0=0 res1=0 res2=0 res3=0 res4=0 res5=0 res6=0 res7=0 res8=0 Road=1 CowFarm=1 | nw=1532000.0000
  ACTION: 10 (BUILD:PowerStation price=92433 need_earth=10) | money=49598 pop=28 free=28
  BUILD FAILED: PowerStation | has_cell=yes | REASON: Недостаточно денег. | cell=(140,141) | money=49598 price=92433 | pop=28 need_workers=5
STEP 15 | BUILD:PowerStation | total=-0.600 err=-1.000 tax=0.000 taxb=0.300 build=0.000 cost=0.000 div=0.000 prox=0.000 prov=0.000 preq=0.000 pres=0.000 sale=0.000 mtax=0.000 chain=0.000 daily=0.000 nov=0.000 mile=0.000 surv=0.100 idle=0.000 gover=0.000 | nw=1.532e+06 nw_delta=0.000 pop=28 bases=3 money=49598 credit=0 day=15 | food=0 water=0 coal=0 home=50 free=28 roads=1
  BUILDINGS: City(0d,0/0) Road(0d,0/0) CowFarm(36d,5824/5824) 
  OBS: year=0 month=3 season=0 money=49598 credit=0 people=28 busy=0 free=28 home_places=50 need_workers=0 tax_due=0 main_tax_due=0 tax_amount=5526 main_tax_amount=0 days_alive=15 stage=0 res0=0 res1=0 res2=0 res3=0 res4=0 res5=0 res6=0 res7=0 res8=0 Road=1 CowFarm=1 | nw=1532000.0000
  ACTION: 25 (BUILD:SuperHouse price=971000 need_earth=1) | money=49598 pop=28 free=28
  BUILD FAILED: SuperHouse | has_cell=yes | REASON: Недостаточно денег. | cell=(140,141) | money=49598 price=971000 | pop=28 need_workers=0
STEP 16 | BUILD:SuperHouse | total=-0.600 err=-1.000 tax=0.000 taxb=0.300 build=0.000 cost=0.000 div=0.000 prox=0.000 prov=0.000 preq=0.000 pres=0.000 sale=0.000 mtax=0.000 chain=0.000 daily=0.000 nov=0.000 mile=0.000 surv=0.100 idle=0.000 gover=0.000 | nw=1.532e+06 nw_delta=0.000 pop=28 bases=3 money=49598 credit=0 day=16 | food=0 water=0 coal=0 home=50 free=28 roads=1
  BUILDINGS: City(0d,0/0) Road(0d,0/0) CowFarm(35d,5824/5824) 
  OBS: year=0 month=3 season=0 money=49598 credit=0 people=28 busy=0 free=28 home_places=50 need_workers=0 tax_due=0 main_tax_due=0 tax_amount=5526 main_tax_amount=0 days_alive=16 stage=0 res0=0 res1=0 res2=0 res3=0 res4=0 res5=0 res6=0 res7=0 res8=0 Road=1 CowFarm=1 | nw=1532000.0000
  ACTION: 15 (BUILD:Fish price=30202 need_earth=2) | money=49598 pop=28 free=28
  find_lot FAILED: need_earth=2 no_near_base=0 | bases=3 | total_free=78397 matching=43182 valid=0
  BUILD FAILED: Fish | has_cell=NO | REASON: find_lot returned null (no suitable cell)
STEP 17 | BUILD:Fish | total=-0.600 err=-1.000 tax=0.000 taxb=0.300 build=0.000 cost=0.000 div=0.000 prox=0.000 prov=0.000 preq=0.000 pres=0.000 sale=0.000 mtax=0.000 chain=0.000 daily=0.000 nov=0.000 mile=0.000 surv=0.100 idle=0.000 gover=0.000 | nw=1.532e+06 nw_delta=0.000 pop=28 bases=3 money=49598 credit=0 day=17 | food=0 water=0 coal=0 home=50 free=28 roads=1
  BUILDINGS: City(0d,0/0) Road(0d,0/0) CowFarm(34d,5824/5824) 
  OBS: year=0 month=3 season=0 money=49598 credit=0 people=28 busy=0 free=28 home_places=50 need_workers=0 tax_due=0 main_tax_due=0 tax_amount=5526 main_tax_amount=0 days_alive=17 stage=0 res0=0 res1=0 res2=0 res3=0 res4=0 res5=0 res6=0 res7=0 res8=0 Road=1 CowFarm=1 | nw=1532000.0000
  ACTION: 28 (BUILD:BigRefinary price=3999149 need_earth=6) | money=49598 pop=28 free=28
  find_lot FAILED: need_earth=6 no_near_base=0 | bases=3 | total_free=78397 matching=43182 valid=0
  BUILD FAILED: BigRefinary | has_cell=NO | REASON: find_lot returned null (no suitable cell)
STEP 18 | BUILD:BigRefinary | total=-0.600 err=-1.000 tax=0.000 taxb=0.300 build=0.000 cost=0.000 div=0.000 prox=0.000 prov=0.000 preq=0.000 pres=0.000 sale=0.000 mtax=0.000 chain=0.000 daily=0.000 nov=0.000 mile=0.000 surv=0.100 idle=0.000 gover=0.000 | nw=1.532e+06 nw_delta=0.000 pop=28 bases=3 money=49598 credit=0 day=18 | food=0 water=0 coal=0 home=50 free=28 roads=1
  BUILDINGS: City(0d,0/0) Road(0d,0/0) CowFarm(33d,5824/5824) 
  OBS: year=0 month=3 season=0 money=49598 credit=0 people=28 busy=0 free=28 home_places=50 need_workers=0 tax_due=0 main_tax_due=0 tax_amount=5526 main_tax_amount=0 days_alive=18 stage=0 res0=0 res1=0 res2=0 res3=0 res4=0 res5=0 res6=0 res7=0 res8=0 Road=1 CowFarm=1 | nw=1532000.0000
  ACTION: 3 (BUILD:Garden price=7640 need_earth=10) | money=49598 pop=28 free=28
STEP 19 | BUILD:Garden | total=11.238 err=0.000 tax=0.000 taxb=0.300 build=3.602 cost=-0.764 div=8.000 prox=0.000 prov=0.000 preq=0.000 pres=0.000 sale=0.000 mtax=0.000 chain=0.000 daily=0.000 nov=0.000 mile=0.000 surv=0.100 idle=0.000 gover=0.000 | nw=1.532e+06 nw_delta=0.000 pop=28 bases=4 money=41958 credit=0 day=19 | food=0 water=0 coal=0 home=50 free=28 roads=1
  BUILDINGS: City(0d,0/0) Road(0d,0/0) CowFarm(32d,5824/5824) Garden(19d,13104/13104) 
  OBS: year=0 month=3 season=0 money=41958 credit=0 people=28 busy=0 free=28 home_places=50 need_workers=0 tax_due=0 main_tax_due=0 tax_amount=5946 main_tax_amount=0 days_alive=19 stage=0 res0=0 res1=0 res2=0 res3=0 res4=0 res5=0 res6=0 res7=0 res8=0 Garden=1 Road=1 CowFarm=1 | nw=1532000.0000
  ACTION: 31 (BUILD:AirStation price=23790 need_earth=10) | money=41958 pop=28 free=28
STEP 20 | BUILD:AirStation | total=14.596 err=0.000 tax=0.000 taxb=0.300 build=4.375 cost=-2.379 div=8.000 prox=0.000 prov=0.000 preq=1.200 pres=0.000 sale=0.000 mtax=0.000 chain=0.000 daily=0.000 nov=0.000 mile=3.000 surv=0.100 idle=0.000 gover=0.000 | nw=1.532e+06 nw_delta=0.000 pop=28 bases=5 money=18168 credit=0 day=20 | food=0 water=0 coal=0 home=50 free=28 roads=1
  BUILDINGS: City(0d,0/0) Road(0d,0/0) CowFarm(31d,5824/5824) Garden(18d,13104/13104) AirStation(11d,6552/6552) 
  OBS: year=0 month=3 season=0 money=18168 credit=0 people=28 busy=0 free=28 home_places=50 need_workers=0 tax_due=0 main_tax_due=0 tax_amount=6366 main_tax_amount=0 days_alive=20 stage=0 res0=0 res1=0 res2=0 res3=0 res4=0 res5=0 res6=0 res7=0 res8=0 Garden=1 Road=1 CowFarm=1 AirStation=1 | nw=1532000.0000
  ACTION: 2 (BUILD:Farm price=19814 need_earth=10) | money=18168 pop=28 free=28
  BUILD FAILED: Farm | has_cell=yes | REASON: Недостаточно денег. | cell=(142,140) | money=18168 price=19814 | pop=28 need_workers=5
STEP 21 | BUILD:Farm | total=-0.235 err=-1.000 tax=0.000 taxb=0.300 build=0.365 cost=0.000 div=0.000 prox=0.000 prov=0.000 preq=0.000 pres=0.000 sale=0.000 mtax=0.000 chain=0.000 daily=0.000 nov=0.000 mile=0.000 surv=0.100 idle=0.000 gover=0.000 | nw=1.532e+06 nw_delta=0.000 pop=28 bases=5 money=18168 credit=0 day=21 | food=0 water=0 coal=0 home=50 free=28 roads=1
  BUILDINGS: City(0d,0/0) Road(0d,0/0) CowFarm(30d,5824/5824) Garden(17d,13104/13104) AirStation(10d,6552/6552) 
  OBS: year=0 month=3 season=0 money=18168 credit=0 people=28 busy=0 free=28 home_places=50 need_workers=0 tax_due=0 main_tax_due=0 tax_amount=6366 main_tax_amount=0 days_alive=21 stage=0 res0=0 res1=0 res2=0 res3=0 res4=0 res5=0 res6=0 res7=0 res8=0 Garden=1 Road=1 CowFarm=1 AirStation=1 | nw=1532000.0000
  ACTION: 41 | money=18168 pop=28 free=28
STEP 22 | MGR:buy_food | total=-0.000 err=0.000 tax=0.000 taxb=0.300 build=0.000 cost=0.000 div=0.000 prox=0.000 prov=0.000 preq=0.000 pres=0.000 sale=0.000 mtax=0.000 chain=0.000 daily=0.000 nov=0.000 mile=0.000 surv=-0.300 idle=0.000 gover=0.000 | nw=1.5316e+06 nw_delta=-400.000 pop=28 bases=5 money=17368 credit=0 day=22 | food=400 water=0 coal=0 home=50 free=28 roads=1
  BUILDINGS: City(0d,0/0) Road(0d,0/0) CowFarm(29d,5824/5824) Garden(16d,13104/13104) AirStation(9d,6552/6552) 
  OBS: year=0 month=3 season=0 money=17368 credit=0 people=28 busy=0 free=28 home_places=50 need_workers=0 tax_due=0 main_tax_due=0 tax_amount=6374 main_tax_amount=0 days_alive=22 stage=0 res0=0 res1=400 res2=0 res3=0 res4=0 res5=0 res6=0 res7=0 res8=0 Garden=1 Road=1 CowFarm=1 AirStation=1 | nw=1531600.0000
  ACTION: 2 (BUILD:Farm price=19814 need_earth=10) | money=17368 pop=28 free=28
  BUILD FAILED: Farm | has_cell=yes | REASON: Недостаточно денег. | cell=(142,140) | money=17368 price=19814 | pop=28 need_workers=5
STEP 23 | BUILD:Farm | total=-0.600 err=-1.000 tax=0.000 taxb=0.300 build=0.000 cost=0.000 div=0.000 prox=0.000 prov=0.000 preq=0.000 pres=0.000 sale=0.000 mtax=0.000 chain=0.000 daily=0.000 nov=0.000 mile=0.000 surv=0.100 idle=0.000 gover=0.000 | nw=1.5316e+06 nw_delta=0.000 pop=28 bases=5 money=17368 credit=0 day=23 | food=400 water=0 coal=0 home=50 free=28 roads=1
  BUILDINGS: City(0d,0/0) Road(0d,0/0) CowFarm(28d,5824/5824) Garden(15d,13104/13104) AirStation(8d,6552/6552) 
  OBS: year=0 month=3 season=0 money=17368 credit=0 people=28 busy=0 free=28 home_places=50 need_workers=0 tax_due=0 main_tax_due=0 tax_amount=6374 main_tax_amount=0 days_alive=23 stage=0 res0=0 res1=400 res2=0 res3=0 res4=0 res5=0 res6=0 res7=0 res8=0 Garden=1 Road=1 CowFarm=1 AirStation=1 | nw=1531600.0000
  ACTION: 35 | money=17368 pop=28 free=28
STEP 24 | MGR:repair | total=-0.600 err=-1.000 tax=0.000 taxb=0.300 build=0.000 cost=0.000 div=0.000 prox=0.000 prov=0.000 preq=0.000 pres=0.000 sale=0.000 mtax=0.000 chain=0.000 daily=0.000 nov=0.000 mile=0.000 surv=0.100 idle=0.000 gover=0.000 | nw=1.5316e+06 nw_delta=0.000 pop=28 bases=5 money=17368 credit=0 day=24 | food=400 water=0 coal=0 home=50 free=28 roads=1
  BUILDINGS: City(0d,0/0) Road(0d,0/0) CowFarm(27d,5824/5824) Garden(14d,13104/13104) AirStation(7d,6552/6552) 
  OBS: year=0 month=3 season=0 money=17368 credit=0 people=28 busy=0 free=28 home_places=50 need_workers=0 tax_due=0 main_tax_due=0 tax_amount=6374 main_tax_amount=0 days_alive=24 stage=0 res0=0 res1=400 res2=0 res3=0 res4=0 res5=0 res6=0 res7=0 res8=0 Garden=1 Road=1 CowFarm=1 AirStation=1 | nw=1531600.0000
  ACTION: 11 (BUILD:HydroStation price=92214 need_earth=2) | money=17368 pop=28 free=28
  find_lot FAILED: need_earth=2 no_near_base=0 | bases=5 | total_free=78395 matching=43180 valid=0
  BUILD FAILED: HydroStation | has_cell=NO | REASON: find_lot returned null (no suitable cell)
STEP 25 | BUILD:HydroStation | total=-0.600 err=-1.000 tax=0.000 taxb=0.300 build=0.000 cost=0.000 div=0.000 prox=0.000 prov=0.000 preq=0.000 pres=0.000 sale=0.000 mtax=0.000 chain=0.000 daily=0.000 nov=0.000 mile=0.000 surv=0.100 idle=0.000 gover=0.000 | nw=1.5316e+06 nw_delta=0.000 pop=28 bases=5 money=17368 credit=0 day=25 | food=400 water=0 coal=0 home=50 free=28 roads=1
  BUILDINGS: City(0d,0/0) Road(0d,0/0) CowFarm(26d,5824/5824) Garden(13d,13104/13104) AirStation(6d,6552/6552) 
  OBS: year=0 month=3 season=0 money=17368 credit=0 people=28 busy=0 free=28 home_places=50 need_workers=0 tax_due=0 main_tax_due=0 tax_amount=6374 main_tax_amount=0 days_alive=25 stage=0 res0=0 res1=400 res2=0 res3=0 res4=0 res5=0 res6=0 res7=0 res8=0 Garden=1 Road=1 CowFarm=1 AirStation=1 | nw=1531600.0000
  ACTION: 27 (BUILD:WaterMill price=2900197 need_earth=2) | money=17368 pop=28 free=28
  find_lot FAILED: need_earth=2 no_near_base=0 | bases=5 | total_free=78395 matching=43180 valid=0
  BUILD FAILED: WaterMill | has_cell=NO | REASON: find_lot returned null (no suitable cell)
STEP 26 | BUILD:WaterMill | total=-0.600 err=-1.000 tax=0.000 taxb=0.300 build=0.000 cost=0.000 div=0.000 prox=0.000 prov=0.000 preq=0.000 pres=0.000 sale=0.000 mtax=0.000 chain=0.000 daily=0.000 nov=0.000 mile=0.000 surv=0.100 idle=0.000 gover=0.000 | nw=1.5316e+06 nw_delta=0.000 pop=28 bases=5 money=17368 credit=0 day=26 | food=400 water=0 coal=0 home=50 free=28 roads=1
  BUILDINGS: City(0d,0/0) Road(0d,0/0) CowFarm(25d,5824/5824) Garden(12d,13104/13104) AirStation(5d,6552/6552) 
  OBS: year=0 month=3 season=0 money=17368 credit=0 people=28 busy=0 free=28 home_places=50 need_workers=0 tax_due=0 main_tax_due=0 tax_amount=6374 main_tax_amount=0 days_alive=26 stage=0 res0=0 res1=400 res2=0 res3=0 res4=0 res5=0 res6=0 res7=0 res8=0 Garden=1 Road=1 CowFarm=1 AirStation=1 | nw=1531600.0000
  ACTION: 44 | money=17368 pop=28 free=28
STEP 27 | MGR:manual_tax | total=0.900 err=0.000 tax=0.000 taxb=0.300 build=0.000 cost=0.000 div=0.000 prox=0.000 prov=0.000 preq=0.000 pres=0.000 sale=0.000 mtax=0.500 chain=0.000 daily=0.000 nov=0.000 mile=0.000 surv=0.100 idle=0.000 gover=0.000 | nw=1.5316e+06 nw_delta=0.000 pop=28 bases=5 money=17368 credit=0 day=27 | food=400 water=0 coal=0 home=50 free=28 roads=1
  BUILDINGS: City(0d,0/0) Road(0d,0/0) CowFarm(24d,5824/5824) Garden(11d,13104/13104) AirStation(4d,6552/6552) 
  OBS: year=0 month=3 season=0 money=17368 credit=0 people=28 busy=0 free=28 home_places=50 need_workers=0 tax_due=0 main_tax_due=0 tax_amount=6374 main_tax_amount=0 days_alive=27 stage=0 res0=0 res1=400 res2=0 res3=0 res4=0 res5=0 res6=0 res7=0 res8=0 Garden=1 Road=1 CowFarm=1 AirStation=1 | nw=1531600.0000
  ACTION: 37 | money=17368 pop=28 free=28
STEP 28 | MGR:destroy | total=-0.600 err=-1.000 tax=0.000 taxb=0.300 build=0.000 cost=0.000 div=0.000 prox=0.000 prov=0.000 preq=0.000 pres=0.000 sale=0.000 mtax=0.000 chain=0.000 daily=0.000 nov=0.000 mile=0.000 surv=0.100 idle=0.000 gover=0.000 | nw=1.5316e+06 nw_delta=0.000 pop=28 bases=5 money=17368 credit=0 day=28 | food=400 water=0 coal=0 home=50 free=28 roads=1
  BUILDINGS: City(0d,0/0) Road(0d,0/0) CowFarm(23d,5824/5824) Garden(10d,13104/13104) AirStation(3d,6552/6552) 
  OBS: year=0 month=3 season=0 money=17368 credit=0 people=28 busy=0 free=28 home_places=50 need_workers=0 tax_due=0 main_tax_due=0 tax_amount=6374 main_tax_amount=0 days_alive=28 stage=0 res0=0 res1=400 res2=0 res3=0 res4=0 res5=0 res6=0 res7=0 res8=0 Garden=1 Road=1 CowFarm=1 AirStation=1 | nw=1531600.0000
  ACTION: 17 (BUILD:HuntingLand price=16985 need_earth=3) | money=17368 pop=28 free=28
  find_lot FAILED: need_earth=3 no_near_base=0 | bases=5 | total_free=78395 matching=43180 valid=0
  BUILD FAILED: HuntingLand | has_cell=NO | REASON: find_lot returned null (no suitable cell)
STEP 29 | BUILD:HuntingLand | total=-0.600 err=-1.000 tax=0.000 taxb=0.300 build=0.000 cost=0.000 div=0.000 prox=0.000 prov=0.000 preq=0.000 pres=0.000 sale=0.000 mtax=0.000 chain=0.000 daily=0.000 nov=0.000 mile=0.000 surv=0.100 idle=0.000 gover=0.000 | nw=1.5316e+06 nw_delta=0.000 pop=28 bases=5 money=17368 credit=0 day=29 | food=400 water=0 coal=0 home=50 free=28 roads=1
  BUILDINGS: City(0d,0/0) Road(0d,0/0) CowFarm(22d,5824/5824) Garden(9d,13104/13104) AirStation(2d,6552/6552) 
  OBS: year=0 month=3 season=0 money=17368 credit=0 people=28 busy=0 free=28 home_places=50 need_workers=0 tax_due=0 main_tax_due=0 tax_amount=6374 main_tax_amount=0 days_alive=29 stage=0 res0=0 res1=400 res2=0 res3=0 res4=0 res5=0 res6=0 res7=0 res8=0 Garden=1 Road=1 CowFarm=1 AirStation=1 | nw=1531600.0000
  ACTION: 16 (BUILD:CoalCut price=48300 need_earth=4) | money=17368 pop=28 free=28
  find_lot FAILED: need_earth=4 no_near_base=0 | bases=5 | total_free=78395 matching=43180 valid=0
  BUILD FAILED: CoalCut | has_cell=NO | REASON: find_lot returned null (no suitable cell)
STEP 30 | BUILD:CoalCut | total=-0.600 err=-1.000 tax=0.000 taxb=0.300 build=0.000 cost=0.000 div=0.000 prox=0.000 prov=0.000 preq=0.000 pres=0.000 sale=0.000 mtax=0.000 chain=0.000 daily=0.000 nov=0.000 mile=0.000 surv=0.100 idle=0.000 gover=0.000 | nw=1.5316e+06 nw_delta=0.000 pop=28 bases=5 money=17368 credit=0 day=30 | food=400 water=0 coal=0 home=50 free=28 roads=1
  BUILDINGS: City(0d,0/0) Road(0d,0/0) CowFarm(21d,5824/5824) Garden(8d,13104/13104) AirStation(1d,6552/6552) 
  OBS: year=0 month=3 season=0 money=17368 credit=0 people=28 busy=0 free=28 home_places=50 need_workers=0 tax_due=0 main_tax_due=0 tax_amount=6374 main_tax_amount=0 days_alive=30 stage=0 res0=0 res1=400 res2=0 res3=0 res4=0 res5=0 res6=0 res7=0 res8=0 Garden=1 Road=1 CowFarm=1 AirStation=1 | nw=1531600.0000
