======================================================================
EPISODE 1
======================================================================
init: year=0 month=3 season=0 money=82000 credit=0 people=28 busy=0 free=28 home_places=50 need_workers=0 tax_due=0 main_tax_due=0 tax_amount=5106 main_tax_amount=0 days_alive=0 stage=0 res0=0 res1=0 res2=0 res3=0 res4=0 res5=0 res6=0 res7=0 res8=0 | nw=1532000.0000
  s=    0 a= 33(BUILD:AtomStation) r= -0.8485 cum=     -0.85 v= +6.8103 top5=[a43=0.030, a30=0.029, a15=0.028, a24=0.027, a36=0.026]
    state: year=0 month=3 season=0 money=82000 credit=0 people=28 busy=0 free=28 home_places=50 need_workers=0 tax_due=0 main_tax_due=0 tax_amount=5106 main_tax_amount=0 days_alive=1 stage=0 res0=0 res1=0 res2=0 res3=0 res4=0 res5=0 res6=0 res7=0 res8=0 | nw=1532000.0000
  s=    1 a= 18(BUILD:CowFarm) r=+10.0000 cum=     +9.15 v= +7.6018 top5=[a43=0.030, a15=0.029, a30=0.029, a8=0.027, a39=0.027]
  s=    2 a= 19(BUILD:Mushroom) r= -0.1335 cum=     +9.02 v= +6.7593 top5=[a43=0.030, a15=0.028, a30=0.028, a39=0.027, a8=0.027]
  s=    3 a= 36(MANAGER:2) r= -2.4186 cum=     +6.60 v= +5.8620 top5=[a43=0.029, a15=0.027, a30=0.027, a39=0.026, a8=0.026]
  s=    4 a= 26(BUILD:BigSawmill) r= -0.1467 cum=     +6.45 v= +5.3155 top5=[a43=0.028, a15=0.027, a30=0.026, a8=0.026, a39=0.026]
  s=    5 a= 26(BUILD:BigSawmill) r= -0.1574 cum=     +6.30 v= +4.9473 top5=[a43=0.028, a15=0.027, a30=0.026, a8=0.025, a39=0.025]
  s=    6 a= 43(MANAGER:9) r= -2.7913 cum=     +3.50 v= +4.6866 top5=[a43=0.028, a15=0.026, a30=0.026, a8=0.025, a39=0.025]
  s=    7 a= 30(BUILD:BigIronmine) r= -0.1685 cum=     +3.34 v= +4.4930 top5=[a43=0.027, a15=0.026, a30=0.025, a8=0.025, a39=0.025]
  s=    8 a= 14(BUILD:Road) r= +2.7533 cum=     +6.09 v= +4.3463 top5=[a43=0.027, a15=0.026, a30=0.025, a8=0.025, a39=0.025]
  s=    9 a= 29(BUILD:Puerperal) r= +1.8766 cum=     +7.97 v= +4.4022 top5=[a43=0.028, a15=0.026, a8=0.025, a39=0.025, a30=0.025]
  s=   10 a= 41(MANAGER:7) r= -0.5033 cum=     +7.46 v= +5.5477 top5=[a43=0.029, a15=0.027, a8=0.026, a39=0.026, a30=0.026]
  s=   11 a= 24(BUILD:Hothouse) r= -3.2573 cum=     +4.20 v= +7.5025 top5=[a43=0.030, a8=0.029, a15=0.027, a30=0.027, a39=0.027]
  s=   12 a= 23(BUILD:Torchlight) r= -0.1924 cum=     +4.01 v= +6.6550 top5=[a43=0.029, a8=0.027, a15=0.027, a30=0.026, a39=0.026]
  s=   13 a= 14(BUILD:Road) r= +1.4294 cum=     +5.44 v= +6.2594 top5=[a43=0.029, a15=0.027, a8=0.027, a30=0.026, a39=0.026]
  s=   14 a= 35(MANAGER:1) r= -0.2046 cum=     +5.24 v= +6.2447 top5=[a43=0.029, a8=0.027, a15=0.027, a30=0.026, a39=0.026]
  s=   15 a= 18(BUILD:CowFarm) r= -3.5107 cum=     +1.73 v= +6.0679 top5=[a43=0.029, a15=0.027, a8=0.027, a30=0.026, a39=0.026]
  s=   16 a=  8(BUILD:Coalmine) r= +3.4446 cum=     +5.17 v= +6.0839 top5=[a43=0.029, a15=0.027, a8=0.027, a39=0.026, a30=0.026]
  s=   17 a= 42(MANAGER:8) r= -0.1225 cum=     +5.05 v= +5.8528 top5=[a43=0.029, a8=0.027, a15=0.026, a39=0.026, a30=0.025]
  s=   18 a= 16(BUILD:CoalCut) r= -3.5085 cum=     +1.54 v= +6.4330 top5=[a43=0.031, a15=0.027, a8=0.027, a39=0.026, a30=0.026]
  s=   19 a=  0(DAY) r= -0.1241 cum=     +1.42 v= +6.2864 top5=[a43=0.030, a15=0.027, a8=0.027, a39=0.026, a30=0.026]
  s=   20 a= 32(BUILD:SmallAtomStation) r= -0.4807 cum=     +0.94 v= +6.1628 top5=[a43=0.030, a15=0.027, a8=0.027, a39=0.026, a30=0.026]
  s=   21 a= 31(BUILD:AirStation) r= +3.6123 cum=     +4.55 v= +6.1428 top5=[a43=0.030, a8=0.027, a15=0.027, a39=0.026, a30=0.026]
  s=   22 a= 34(MANAGER:0) r= -0.4914 cum=     +4.06 v= +7.1660 top5=[a43=0.031, a8=0.028, a15=0.028, a39=0.027, a14=0.026]
  s=   23 a= 43(MANAGER:9) r= -3.6376 cum=     +0.42 v= +7.0527 top5=[a43=0.031, a8=0.028, a15=0.028, a39=0.027, a14=0.026]
  s=   24 a= 41(MANAGER:7) r= -0.4907 cum=     -0.07 v= +6.9452 top5=[a43=0.031, a8=0.028, a15=0.027, a39=0.027, a14=0.026]
  s=   25 a= 13(BUILD:HydroStation) r= +2.8142 cum=     +2.74 v= +6.8475 top5=[a43=0.031, a8=0.028, a15=0.027, a39=0.027, a14=0.026]
  s=   26 a=  0(DAY) r= -0.1368 cum=     +2.61 v= +7.3388 top5=[a43=0.032, a8=0.028, a39=0.028, a15=0.027, a30=0.026]
  s=   27 a=  8(BUILD:Coalmine) r= -3.7093 cum=     -1.10 v= +7.2525 top5=[a43=0.032, a8=0.028, a39=0.027, a15=0.027, a30=0.026]
  s=   28 a= 33(BUILD:AtomStation) r= -0.5047 cum=     -1.61 v= +7.1819 top5=[a43=0.032, a8=0.028, a15=0.027, a39=0.027, a30=0.026]
  s=   29 a= 19(BUILD:Mushroom) r= -0.5144 cum=     -2.12 v= +7.1112 top5=[a43=0.031, a8=0.027, a15=0.027, a39=0.027, a30=0.026]
  s=   30 a= 13(BUILD:HydroStation) r= -3.7701 cum=     -5.89 v= +7.0433 top5=[a43=0.031, a8=0.027, a15=0.027, a39=0.027, a30=0.026]
  s=   31 a=  0(DAY) r= -0.1424 cum=     -6.04 v= +4.9211 top5=[a43=0.028, a15=0.026, a8=0.025, a39=0.025, a30=0.025]
  s=   32 a= 37(MANAGER:3) r= -3.7761 cum=     -9.81 v= +4.8912 top5=[a43=0.028, a15=0.026, a8=0.025, a39=0.025, a30=0.025]
  s=   33 a= 14(BUILD:Road) r= +0.1836 cum=     -9.63 v= +4.8343 top5=[a43=0.027, a15=0.026, a8=0.025, a39=0.024, a17=0.024]
  s=   34 a= 14(BUILD:Road) r= +0.1897 cum=     -9.44 v= +5.0204 top5=[a43=0.028, a15=0.026, a8=0.025, a39=0.025, a30=0.025]
  s=   35 a= 10(BUILD:Refinery) r= -0.5407 cum=     -9.98 v= +5.5195 top5=[a43=0.029, a15=0.026, a30=0.025, a39=0.025, a8=0.025]
  s=   36 a= 19(BUILD:Mushroom) r= -3.8869 cum=    -13.87 v= +5.5083 top5=[a43=0.029, a15=0.026, a30=0.025, a39=0.025, a8=0.025]
  s=   37 a= 23(BUILD:Torchlight) r= -0.5437 cum=    -14.41 v= +5.4986 top5=[a43=0.029, a15=0.026, a30=0.025, a39=0.025, a8=0.025]
  s=   38 a= 22(BUILD:Apiary) r= -0.5508 cum=    -14.96 v= +5.4905 top5=[a43=0.029, a15=0.026, a30=0.025, a39=0.025, a8=0.025]
  s=   39 a= 15(BUILD:Fish) r= -3.9380 cum=    -18.90 v= +5.4850 top5=[a43=0.029, a15=0.026, a30=0.025, a39=0.025, a8=0.025]
  s=   40 a=  5(BUILD:House) r= -0.5519 cum=    -19.45 v= +5.4954 top5=[a43=0.029, a15=0.026, a30=0.025, a39=0.025, a8=0.025]
  s=   41 a= 10(BUILD:Refinery) r= -0.5602 cum=    -20.01 v= +5.5404 top5=[a43=0.029, a15=0.026, a8=0.025, a39=0.025, a30=0.025]
  s=   42 a= 14(BUILD:Road) r= -3.9865 cum=    -24.00 v= +5.6887 top5=[a43=0.029, a15=0.026, a8=0.026, a17=0.025, a39=0.025]
  s=   43 a= 41(MANAGER:7) r= -0.5608 cum=    -24.56 v= +5.8652 top5=[a43=0.029, a15=0.027, a8=0.026, a17=0.025, a14=0.025]
  s=   44 a= 24(BUILD:Hothouse) r= -0.5727 cum=    -25.13 v= +5.8763 top5=[a43=0.029, a15=0.027, a8=0.026, a14=0.025, a17=0.025]
  s=   45 a= 18(BUILD:CowFarm) r= -4.0323 cum=    -29.16 v= +5.9010 top5=[a43=0.029, a15=0.027, a8=0.026, a14=0.025, a17=0.025]
  s=   46 a= 24(BUILD:Hothouse) r= -0.5916 cum=    -29.75 v=+15.5792 top5=[a43=0.036, a15=0.036, a8=0.034, a11=0.031, a30=0.030]
  s=   47 a=  6(BUILD:SmallHouse) r= -0.6000 cum=    -30.35 v=+18.9587 top5=[a43=0.040, a27=0.033, a11=0.032, a9=0.031, a8=0.030]
  s=   48 a= 40(MANAGER:6) r= -4.0754 cum=    -34.43 v=+15.2277 top5=[a43=0.037, a15=0.031, a8=0.030, a11=0.029, a27=0.029]
  s=   49 a=  7(BUILD:Sawmill) r= -0.5993 cum=    -35.03 v=+13.4841 top5=[a43=0.036, a8=0.031, a15=0.031, a11=0.028, a23=0.028]
  s=   50 a= 36(MANAGER:2) r= -0.1482 cum=    -35.18 v=+12.5158 top5=[a43=0.036, a8=0.032, a15=0.031, a11=0.028, a23=0.027]
    state: year=0 month=4 season=0 money=1351 credit=53499 people=28 busy=0 free=28 home_places=70 need_workers=0 tax_due=0 main_tax_due=0 tax_amount=8058 main_tax_amount=0 days_alive=51 stage=0 res0=0 res1=200 res2=0 res3=0 res4=0 res5=0 res6=0 res7=0 res8=0 House=1 SmallHouse=3 CowFarm=1 Puerperal=1 AirStation=1 | nw=1522601.4475
  s=   51 a= 35(MANAGER:1) r= +1.4406 cum=    -33.74 v=+12.4706 top5=[a43=0.035, a8=0.032, a15=0.030, a11=0.028, a23=0.026]
  s=   52 a= 27(BUILD:WaterMill) r= -0.6187 cum=    -34.36 v=+12.1470 top5=[a43=0.035, a8=0.032, a15=0.030, a11=0.028, a30=0.027]
  s=   53 a= 43(MANAGER:9) r= -0.6246 cum=    -34.98 v=+11.7355 top5=[a43=0.035, a8=0.032, a15=0.030, a11=0.028, a30=0.027]
  s=   54 a=  5(BUILD:House) r= -4.2000 cum=    -39.18 v=+11.4070 top5=[a43=0.034, a8=0.032, a15=0.030, a11=0.028, a30=0.027]
  s=   55 a= 35(MANAGER:1) r= +4.1559 cum=    -35.02 v=+11.6890 top5=[a43=0.035, a8=0.032, a15=0.030, a11=0.028, a30=0.027]
  s=   56 a= 44(MANAGER:10) r= -0.0195 cum=    -35.04 v=+11.6843 top5=[a43=0.035, a8=0.032, a15=0.030, a11=0.028, a30=0.028]
  s=   57 a= 40(MANAGER:6) r= -4.0859 cum=    -39.13 v=+11.4399 top5=[a43=0.035, a8=0.032, a15=0.030, a11=0.028, a30=0.028]
  s=   58 a= 35(MANAGER:1) r= -0.6283 cum=    -39.76 v=+11.2318 top5=[a43=0.035, a8=0.032, a15=0.030, a30=0.027, a11=0.027]
  s=   59 a= 21(BUILD:BigFarm) r= -0.6337 cum=    -40.39 v=+11.0644 top5=[a43=0.034, a8=0.032, a15=0.030, a30=0.027, a11=0.027]
  s=   60 a= 43(MANAGER:9) r= -4.1192 cum=    -44.51 v=+10.9302 top5=[a43=0.034, a8=0.032, a15=0.030, a30=0.027, a11=0.027]
  s=   61 a= 23(BUILD:Torchlight) r= -0.6363 cum=    -45.15 v= +8.5611 top5=[a43=0.029, a8=0.029, a15=0.029, a23=0.027, a11=0.027]
  s=   62 a= 37(MANAGER:3) r= -4.1189 cum=    -49.27 v= +8.4254 top5=[a43=0.029, a8=0.029, a15=0.029, a11=0.027, a23=0.027]
  s=   63 a= 20(BUILD:BigHouse) r= -4.0892 cum=    -53.36 v=+10.0036 top5=[a43=0.032, a23=0.030, a15=0.030, a8=0.029, a30=0.029]
  s=   64 a= 38(MANAGER:4) r= -0.6350 cum=    -53.99 v= +9.6222 top5=[a43=0.031, a15=0.030, a23=0.029, a8=0.029, a30=0.029]
  s=   65 a= 12(BUILD:PowerStation) r= +0.3580 cum=    -53.63 v= +9.3506 top5=[a43=0.031, a15=0.030, a8=0.029, a23=0.029, a30=0.028]
  s=   66 a=  2(BUILD:WaterChannel) r= -0.6392 cum=    -54.27 v= +8.8908 top5=[a43=0.030, a15=0.030, a8=0.029, a23=0.028, a30=0.028]
  s=   67 a= 33(BUILD:AtomStation) r= -4.1480 cum=    -58.42 v= +8.7314 top5=[a43=0.030, a15=0.029, a8=0.029, a23=0.028, a30=0.027]
  s=   68 a= 42(MANAGER:8) r= -0.5394 cum=    -58.96 v= +8.5972 top5=[a43=0.030, a15=0.029, a8=0.029, a23=0.027, a30=0.027]
  s=   69 a=  4(BUILD:Garden) r= -0.8003 cum=    -59.76 v= +9.8450 top5=[a43=0.033, a15=0.030, a8=0.029, a30=0.028, a11=0.027]
  s=   70 a=  1(WEEK) r= -4.1791 cum=    -63.94 v= +9.6304 top5=[a43=0.033, a15=0.030, a8=0.029, a30=0.028, a11=0.027]
  s=   71 a= 11(BUILD:Goldmine) r= -0.9638 cum=    -64.90 v=+10.0899 top5=[a43=0.034, a15=0.030, a8=0.030, a30=0.028, a11=0.028]
  s=   72 a= 17(BUILD:HuntingLand) r= -0.9829 cum=    -65.88 v= +9.9045 top5=[a43=0.034, a15=0.030, a8=0.030, a30=0.028, a11=0.027]
  s=   73 a=  0(DAY) r= -4.2091 cum=    -70.09 v= +9.7323 top5=[a43=0.034, a15=0.030, a8=0.030, a30=0.028, a11=0.027]
  s=   74 a=  4(BUILD:Garden) r= -0.9857 cum=    -71.08 v= +9.5779 top5=[a43=0.034, a15=0.030, a8=0.030, a30=0.028, a11=0.027]
  s=   75 a= 36(MANAGER:2) r= -0.3607 cum=    -71.44 v= +9.4383 top5=[a43=0.034, a15=0.030, a8=0.029, a30=0.028, a11=0.027]
  s=   76 a= 27(BUILD:WaterMill) r= -4.2365 cum=    -75.68 v= +9.3339 top5=[a43=0.034, a15=0.030, a8=0.029, a30=0.028, a11=0.027]
  s=   77 a= 11(BUILD:Goldmine) r= -1.0077 cum=    -76.68 v= +9.2193 top5=[a43=0.034, a15=0.029, a8=0.029, a30=0.028, a11=0.027]
  s=   78 a=  7(BUILD:Sawmill) r= -1.0069 cum=    -77.69 v= +9.1164 top5=[a43=0.033, a15=0.029, a8=0.029, a30=0.028, a11=0.027]
  s=   79 a= 30(BUILD:BigIronmine) r= -4.2641 cum=    -81.96 v= +9.0244 top5=[a43=0.033, a15=0.029, a8=0.029, a30=0.028, a11=0.027]
  s=   80 a= 25(BUILD:SuperHouse) r= -1.0104 cum=    -82.97 v= +8.9402 top5=[a43=0.033, a8=0.029, a15=0.029, a30=0.028, a11=0.027]
  s=   81 a= 37(MANAGER:3) r= -4.2650 cum=    -87.23 v= +8.8623 top5=[a43=0.033, a8=0.029, a15=0.029, a30=0.028, a11=0.027]
  s=   82 a= 14(BUILD:Road) r= -0.1920 cum=    -87.42 v= +8.4318 top5=[a43=0.033, a15=0.029, a8=0.029, a30=0.027, a11=0.027]
  s=   83 a= 23(BUILD:Torchlight) r= -1.0130 cum=    -88.44 v= +8.4399 top5=[a43=0.033, a8=0.029, a15=0.029, a30=0.027, a11=0.026]
  s=   84 a=  3(BUILD:Farm) r= +4.0604 cum=    -84.38 v= +8.3834 top5=[a43=0.033, a8=0.029, a15=0.028, a30=0.027, a11=0.026]
  s=   85 a= 20(BUILD:BigHouse) r= -1.0021 cum=    -85.38 v= +8.6836 top5=[a43=0.033, a8=0.029, a15=0.029, a24=0.027, a11=0.027]
  s=   86 a= 16(BUILD:CoalCut) r= -4.2244 cum=    -89.60 v=+20.6496 top5=[a11=0.078, a43=0.078, a34=0.060, a27=0.049, a24=0.046]
  s=   87 a= 43(MANAGER:9) r= -1.0003 cum=    -90.60 v=+17.4477 top5=[a43=0.060, a11=0.053, a34=0.050, a27=0.042, a15=0.038]
  s=   88 a= 16(BUILD:CoalCut) r= -1.0063 cum=    -91.61 v=+15.7468 top5=[a43=0.052, a34=0.044, a11=0.044, a27=0.038, a24=0.035]
  s=   89 a= 17(BUILD:HuntingLand) r= -4.2509 cum=    -95.86 v=+14.5271 top5=[a43=0.048, a34=0.040, a11=0.039, a27=0.035, a24=0.033]
  s=   90 a= 40(MANAGER:6) r= -1.0134 cum=    -96.87 v=+13.6457 top5=[a43=0.044, a34=0.039, a11=0.038, a27=0.033, a24=0.031]
  s=   91 a= 41(MANAGER:7) r= -1.0046 cum=    -97.88 v=+13.1049 top5=[a43=0.042, a34=0.037, a11=0.035, a27=0.031, a15=0.030]
  s=   92 a= 30(BUILD:BigIronmine) r= -4.2764 cum=   -102.15 v=+12.4959 top5=[a43=0.041, a34=0.035, a11=0.034, a39=0.031, a27=0.030]
  s=   93 a= 38(MANAGER:4) r= +1.5287 cum=   -100.63 v=+11.9843 top5=[a43=0.040, a34=0.034, a11=0.033, a39=0.031, a15=0.029]
  s=   94 a= 36(MANAGER:2) r= -0.4502 cum=   -101.08 v=+11.5812 top5=[a43=0.041, a34=0.032, a39=0.031, a11=0.031, a6=0.029]
  s=   95 a= 23(BUILD:Torchlight) r= -4.2723 cum=   -105.35 v=+11.2216 top5=[a43=0.041, a34=0.032, a39=0.032, a11=0.030, a6=0.029]
  s=   96 a=  3(BUILD:Farm) r= +1.8805 cum=   -103.47 v=+10.8399 top5=[a43=0.040, a39=0.032, a34=0.031, a11=0.030, a6=0.029]
  s=   97 a=  2(BUILD:WaterChannel) r= +3.9838 cum=    -99.48 v=+10.1347 top5=[a43=0.041, a34=0.031, a39=0.031, a11=0.031, a6=0.029]
  s=   98 a=  4(BUILD:Garden) r= -0.8586 cum=   -100.34 v= +9.6837 top5=[a43=0.040, a11=0.033, a34=0.032, a39=0.032, a6=0.029]
  s=   99 a=  2(BUILD:WaterChannel) r= -4.1894 cum=   -104.53 v= +9.4082 top5=[a43=0.040, a11=0.032, a39=0.032, a34=0.032, a6=0.029]
  s=  100 a= 34(MANAGER:0) r= -1.0148 cum=   -105.55 v= +9.1624 top5=[a43=0.040, a39=0.032, a11=0.032, a34=0.031, a6=0.029]
    state: year=0 month=6 season=1 money=9835 credit=113856 people=28 busy=3 free=25 home_places=130 need_workers=13 tax_due=0 main_tax_due=0 tax_amount=8902 main_tax_amount=0 days_alive=107 stage=0 res0=0 res1=400 res2=0 res3=0 res4=0 res5=0 res6=0 res7=0 res8=0 Farm=1 Garden=2 Road=1 House=1 SmallHouse=2 CowFarm=1 Puerperal=1 AirStation=1 | nw=1500288.3507
  s=  101 a= 40(MANAGER:6) r= -0.5007 cum=   -106.05 v= +8.9468 top5=[a43=0.040, a39=0.032, a11=0.032, a34=0.031, a6=0.029]
  s=  102 a=  0(DAY) r= -4.2133 cum=   -110.26 v= +8.7574 top5=[a43=0.040, a39=0.032, a11=0.032, a34=0.030, a6=0.029]
  s=  103 a= 21(BUILD:BigFarm) r= -1.0088 cum=   -111.27 v= +8.5677 top5=[a43=0.040, a39=0.032, a11=0.031, a34=0.030, a6=0.029]
  s=  104 a= 25(BUILD:SuperHouse) r= -1.0335 cum=   -112.30 v= +8.6171 top5=[a43=0.039, a39=0.033, a11=0.032, a34=0.030, a6=0.030]
  s=  105 a=  9(BUILD:Ironmine) r= -4.2373 cum=   -116.54 v= +3.2284 top5=[a39=0.036, a32=0.034, a43=0.033, a11=0.033, a6=0.032]
  s=  106 a=  6(BUILD:SmallHouse) r= -1.0354 cum=   -117.58 v= +5.3941 top5=[a39=0.037, a11=0.036, a43=0.034, a24=0.031, a41=0.031]
  s=  107 a= 26(BUILD:BigSawmill) r= -1.0347 cum=   -118.61 v= +6.2916 top5=[a11=0.036, a39=0.036, a43=0.036, a41=0.031, a24=0.030]
  s=  108 a= 15(BUILD:Fish) r= -4.2604 cum=   -122.87 v= +6.7695 top5=[a43=0.037, a11=0.036, a39=0.036, a41=0.031, a6=0.030]
  s=  109 a= 34(MANAGER:0) r= -1.0468 cum=   -123.92 v= +7.1125 top5=[a43=0.038, a11=0.036, a39=0.036, a41=0.030, a6=0.030]
  s=  110 a= 22(BUILD:Apiary) r= +4.2638 cum=   -119.65 v= +7.2307 top5=[a43=0.038, a11=0.036, a39=0.036, a6=0.030, a41=0.030]
  s=  111 a= 35(MANAGER:1) r= -1.0356 cum=   -120.69 v= +6.4254 top5=[a43=0.037, a11=0.036, a39=0.036, a41=0.031, a6=0.029]
  s=  112 a= 42(MANAGER:8) r= -4.2053 cum=   -124.89 v= +6.3877 top5=[a43=0.037, a39=0.036, a11=0.035, a41=0.030, a6=0.029]
  s=  113 a= 30(BUILD:BigIronmine) r= -1.0383 cum=   -125.93 v= +6.3377 top5=[a43=0.037, a39=0.036, a11=0.035, a41=0.030, a6=0.029]
  s=  114 a=  3(BUILD:Farm) r= -1.0369 cum=   -126.97 v= +6.2778 top5=[a43=0.038, a39=0.036, a11=0.035, a41=0.030, a6=0.029]
  s=  115 a= 29(BUILD:Puerperal) r= -4.2282 cum=   -131.20 v= +6.2108 top5=[a43=0.038, a39=0.036, a11=0.035, a41=0.029, a6=0.029]
  s=  116 a= 10(BUILD:Refinery) r= -1.0510 cum=   -132.25 v= +5.3674 top5=[a11=0.033, a39=0.030, a6=0.029, a43=0.029, a24=0.028]
  s=  117 a= 27(BUILD:WaterMill) r= -1.0581 cum=   -133.31 v= +4.9075 top5=[a11=0.032, a43=0.030, a39=0.030, a24=0.028, a9=0.027]
  s=  118 a= 37(MANAGER:3) r= -4.2503 cum=   -137.56 v= +4.9378 top5=[a11=0.032, a43=0.031, a39=0.030, a24=0.028, a9=0.027]
  s=  119 a= 12(BUILD:PowerStation) r= -0.0087 cum=   -137.57 v= +4.1889 top5=[a11=0.034, a43=0.028, a39=0.028, a9=0.028, a41=0.028]
  s=  120 a= 12(BUILD:PowerStation) r= -0.0086 cum=   -137.57 v= +4.3841 top5=[a11=0.033, a43=0.029, a39=0.029, a41=0.028, a9=0.027]
  s=  121 a= 23(BUILD:Torchlight) r= -1.0668 cum=   -138.64 v= +4.5603 top5=[a11=0.032, a43=0.031, a39=0.030, a41=0.028, a34=0.027]
  s=  122 a= 39(MANAGER:5) r= -4.2812 cum=   -142.92 v= +4.5600 top5=[a11=0.032, a43=0.031, a39=0.030, a41=0.028, a34=0.027]
  s=  123 a= 30(BUILD:BigIronmine) r= -1.0708 cum=   -143.99 v= +4.5629 top5=[a11=0.032, a43=0.031, a39=0.030, a41=0.028, a34=0.027]
  s=  124 a= 38(MANAGER:4) r= -1.0777 cum=   -145.07 v= +4.5582 top5=[a11=0.031, a43=0.031, a39=0.030, a41=0.028, a34=0.027]
  s=  125 a= 14(BUILD:Road) r= -4.3012 cum=   -149.37 v= +4.5518 top5=[a43=0.031, a11=0.031, a39=0.030, a41=0.028, a34=0.027]
  s=  126 a=  2(BUILD:WaterChannel) r= -1.0817 cum=   -150.45 v= +4.6080 top5=[a11=0.032, a39=0.030, a43=0.030, a6=0.027, a41=0.027]
  s=  127 a= 11(BUILD:Goldmine) r= -1.0864 cum=   -151.54 v= +4.7077 top5=[a11=0.032, a39=0.030, a43=0.029, a6=0.028, a34=0.028]
  s=  128 a= 11(BUILD:Goldmine) r= -4.3206 cum=   -155.86 v= +4.7103 top5=[a11=0.032, a39=0.030, a43=0.029, a6=0.028, a34=0.027]
  s=  129 a= 24(BUILD:Hothouse) r= -1.0903 cum=   -156.95 v= +4.7069 top5=[a11=0.032, a39=0.031, a43=0.029, a6=0.028, a34=0.027]
  s=  130 a=  4(BUILD:Garden) r= -0.9395 cum=   -157.89 v= +4.7059 top5=[a11=0.032, a39=0.031, a43=0.029, a6=0.028, a34=0.027]
  s=  131 a= 32(BUILD:SmallAtomStation) r= -4.3393 cum=   -162.23 v= +4.7035 top5=[a11=0.032, a39=0.031, a43=0.030, a6=0.028, a34=0.027]
  s=  132 a= 37(MANAGER:3) r= -4.3255 cum=   -166.56 v= +4.6991 top5=[a11=0.032, a39=0.031, a43=0.030, a6=0.028, a34=0.027]
  s=  133 a=  9(BUILD:Ironmine) r= -1.0970 cum=   -167.65 v= +5.0408 top5=[a11=0.033, a39=0.031, a43=0.031, a34=0.029, a6=0.029]
  s=  134 a=  0(DAY) r= -4.3286 cum=   -171.98 v= +5.0409 top5=[a11=0.033, a39=0.031, a43=0.031, a6=0.029, a34=0.029]
  s=  135 a= 24(BUILD:Hothouse) r= -1.1096 cum=   -173.09 v= +4.9871 top5=[a11=0.034, a39=0.032, a9=0.030, a43=0.030, a34=0.029]
  s=  136 a= 28(BUILD:BigRefinary) r= -1.1154 cum=   -174.21 v= +3.9668 top5=[a21=0.038, a44=0.033, a25=0.033, a14=0.033, a43=0.032]
  s=  137 a= 43(MANAGER:9) r= -4.3475 cum=   -178.55 v= +3.3893 top5=[a21=0.034, a43=0.033, a11=0.031, a14=0.031, a25=0.031]
  s=  138 a= 14(BUILD:Road) r= -1.1204 cum=   -179.67 v= +3.4154 top5=[a43=0.033, a11=0.032, a41=0.031, a9=0.030, a39=0.030]
  s=  139 a= 18(BUILD:CowFarm) r= -1.1249 cum=   -180.80 v= +3.3349 top5=[a43=0.033, a11=0.032, a41=0.031, a39=0.031, a9=0.030]
  s=  140 a= 33(BUILD:AtomStation) r= -4.3659 cum=   -185.16 v= +3.3105 top5=[a43=0.033, a11=0.032, a39=0.031, a41=0.031, a9=0.030]
  s=  141 a= 39(MANAGER:5) r= -1.1290 cum=   -186.29 v= +3.2817 top5=[a43=0.033, a11=0.032, a39=0.032, a41=0.030, a9=0.030]
  s=  142 a= 36(MANAGER:2) r= +0.0957 cum=   -186.20 v= +3.2427 top5=[a43=0.033, a11=0.033, a39=0.032, a41=0.030, a9=0.030]
  s=  143 a= 27(BUILD:WaterMill) r= -4.3783 cum=   -190.58 v= +3.1525 top5=[a43=0.033, a39=0.033, a11=0.033, a9=0.030, a41=0.030]
  s=  144 a= 35(MANAGER:1) r= -1.1382 cum=   -191.71 v= +3.1713 top5=[a39=0.033, a43=0.033, a11=0.033, a9=0.030, a41=0.030]
  s=  145 a=  1(WEEK) r= -4.3809 cum=   -196.10 v= +3.1572 top5=[a39=0.033, a43=0.033, a11=0.033, a9=0.030, a41=0.030]
  s=  146 a= 27(BUILD:WaterMill) r= -4.3690 cum=   -200.46 v= +2.3476 top5=[a11=0.032, a41=0.030, a8=0.029, a9=0.028, a39=0.028]
  s=  147 a= 25(BUILD:SuperHouse) r= -1.1497 cum=   -201.61 v= +2.3834 top5=[a11=0.032, a41=0.030, a8=0.029, a39=0.029, a9=0.028]
  s=  148 a= 20(BUILD:BigHouse) r= -1.1562 cum=   -202.77 v= +2.4342 top5=[a11=0.032, a41=0.030, a8=0.029, a39=0.029, a43=0.028]
  s=  149 a=  2(BUILD:WaterChannel) r= -4.3869 cum=   -207.16 v= +2.4728 top5=[a11=0.032, a41=0.030, a8=0.029, a39=0.029, a43=0.029]
  s=  150 a= 33(BUILD:AtomStation) r= -1.1604 cum=   -208.32 v= +2.5335 top5=[a11=0.032, a41=0.030, a8=0.029, a39=0.029, a43=0.029]
    state: year=0 month=8 season=1 money=536 credit=127308 people=29 busy=3 free=26 home_places=130 need_workers=17 tax_due=0 main_tax_due=0 tax_amount=8486 main_tax_amount=0 days_alive=163 stage=0 res0=0 res1=200 res2=0 res3=0 res4=0 res5=0 res6=0 res7=0 res8=0 Farm=1 Garden=2 Road=3 House=1 SmallHouse=1 CowFarm=1 Puerperal=1 AirStation=1 | nw=1471812.2784
  s=  151 a=  8(BUILD:Coalmine) r= -1.1610 cum=   -209.48 v= +2.5933 top5=[a11=0.032, a41=0.030, a39=0.029, a8=0.029, a43=0.029]
  s=  152 a= 21(BUILD:BigFarm) r= -4.4043 cum=   -213.88 v= +2.6448 top5=[a11=0.032, a41=0.030, a39=0.029, a43=0.029, a8=0.029]
  s=  153 a= 25(BUILD:SuperHouse) r= -1.1680 cum=   -215.05 v= +2.6832 top5=[a11=0.032, a41=0.030, a39=0.030, a43=0.029, a8=0.029]
  s=  154 a= 26(BUILD:BigSawmill) r= -1.1754 cum=   -216.23 v= +2.7202 top5=[a11=0.032, a41=0.030, a39=0.030, a43=0.030, a8=0.029]
  s=  155 a=  8(BUILD:Coalmine) r= -4.4212 cum=   -220.65 v= +2.7434 top5=[a11=0.032, a39=0.030, a41=0.030, a43=0.030, a8=0.029]
  s=  156 a= 40(MANAGER:6) r= -1.1758 cum=   -221.82 v= +2.7604 top5=[a11=0.032, a39=0.030, a43=0.030, a41=0.030, a8=0.029]
  s=  157 a= 16(BUILD:CoalCut) r= -1.1826 cum=   -223.01 v= +2.7674 top5=[a11=0.032, a39=0.030, a43=0.030, a41=0.030, a8=0.029]
  s=  158 a= 20(BUILD:BigHouse) r= -4.4376 cum=   -227.44 v= +2.7295 top5=[a11=0.032, a39=0.030, a43=0.030, a41=0.029, a8=0.028]
  s=  159 a= 11(BUILD:Goldmine) r= -1.1794 cum=   -228.62 v= +2.6720 top5=[a11=0.032, a39=0.031, a43=0.030, a41=0.029, a8=0.028]
  s=  160 a= 21(BUILD:BigFarm) r= -1.1933 cum=   -229.82 v= +2.6091 top5=[a11=0.032, a39=0.031, a43=0.031, a41=0.029, a8=0.028]
  s=  161 a= 19(BUILD:Mushroom) r= -4.4536 cum=   -234.27 v= +2.5469 top5=[a11=0.032, a39=0.031, a43=0.031, a41=0.029, a8=0.028]
  s=  162 a= 34(MANAGER:0) r= -1.1983 cum=   -235.47 v= +2.4854 top5=[a11=0.032, a39=0.031, a43=0.031, a41=0.029, a8=0.028]
  s=  163 a= 18(BUILD:CowFarm) r= -1.1998 cum=   -236.67 v= +2.4279 top5=[a11=0.032, a39=0.031, a43=0.031, a41=0.029, a8=0.028]
  s=  164 a=  6(BUILD:SmallHouse) r= -4.4691 cum=   -241.14 v= +2.3734 top5=[a11=0.032, a39=0.032, a43=0.031, a41=0.029, a9=0.028]
  s=  165 a= 42(MANAGER:8) r= -1.2064 cum=   -242.34 v= +2.3106 top5=[a11=0.032, a39=0.032, a43=0.031, a41=0.029, a9=0.028]
  s=  166 a= 34(MANAGER:0) r= -1.2116 cum=   -243.56 v= +2.2346 top5=[a39=0.032, a11=0.032, a43=0.031, a41=0.028, a9=0.028]
  s=  167 a=  7(BUILD:Sawmill) r= -4.4843 cum=   -248.04 v= +2.1562 top5=[a39=0.032, a11=0.032, a43=0.031, a41=0.028, a9=0.028]
  s=  168 a= 22(BUILD:Apiary) r= -1.2156 cum=   -249.26 v= +2.0789 top5=[a39=0.033, a11=0.032, a43=0.031, a9=0.028, a41=0.028]
  s=  169 a=  3(BUILD:Farm) r= -1.2209 cum=   -250.48 v= +1.9962 top5=[a39=0.033, a11=0.032, a43=0.031, a9=0.028, a25=0.028]
  s=  170 a= 11(BUILD:Goldmine) r= -4.4990 cum=   -254.97 v= +1.9138 top5=[a39=0.033, a11=0.032, a43=0.031, a25=0.028, a9=0.028]
  s=  171 a= 17(BUILD:HuntingLand) r= -1.2248 cum=   -256.20 v= +1.8294 top5=[a39=0.033, a11=0.032, a43=0.031, a25=0.029, a9=0.028]
  s=  172 a= 30(BUILD:BigIronmine) r= +4.5006 cum=   -251.70 v= -5.9979 top5=[a32=0.056, a11=0.044, a15=0.042, a6=0.038, a7=0.037]
  s=  173 a= 32(BUILD:SmallAtomStation) r= -4.4231 cum=   -256.12 v= -5.9119 top5=[a32=0.054, a11=0.043, a15=0.041, a7=0.036, a6=0.036]
  s=  174 a= 32(BUILD:SmallAtomStation) r= -1.0903 cum=   -257.21 v= -5.5789 top5=[a32=0.048, a11=0.041, a15=0.036, a6=0.033, a7=0.033]
  s=  175 a= 11(BUILD:Goldmine) r= -1.1027 cum=   -258.32 v= -5.4329 top5=[a32=0.045, a11=0.039, a15=0.034, a34=0.033, a6=0.032]
  s=  176 a=  0(DAY) r= -4.4383 cum=   -262.75 v= -5.3701 top5=[a32=0.043, a11=0.038, a34=0.032, a15=0.032, a6=0.032]
  s=  177 a= 41(MANAGER:7) r= -1.1028 cum=   -263.86 v= -5.3148 top5=[a32=0.042, a11=0.038, a34=0.032, a6=0.031, a12=0.031]
  s=  178 a= 37(MANAGER:3) r= -1.4648 cum=   -265.32 v= -5.1957 top5=[a32=0.041, a11=0.037, a34=0.032, a12=0.031, a6=0.031]
  s=  179 a= 27(BUILD:WaterMill) r= -4.4535 cum=   -269.77 v= -4.8675 top5=[a32=0.040, a11=0.037, a12=0.031, a6=0.031, a34=0.030]
  s=  180 a= 17(BUILD:HuntingLand) r= -1.1115 cum=   -270.89 v= -4.7877 top5=[a32=0.039, a11=0.037, a12=0.031, a6=0.030, a34=0.030]
  s=  181 a= 35(MANAGER:1) r= -1.1184 cum=   -272.00 v= -4.7047 top5=[a32=0.039, a11=0.036, a12=0.031, a6=0.030, a22=0.030]
  s=  182 a= 26(BUILD:BigSawmill) r= -4.4679 cum=   -276.47 v= -4.5958 top5=[a32=0.038, a11=0.036, a12=0.031, a6=0.030, a22=0.030]
  s=  183 a= 11(BUILD:Goldmine) r= -1.1214 cum=   -277.59 v= -4.4871 top5=[a32=0.038, a11=0.036, a12=0.031, a22=0.030, a6=0.030]
  s=  184 a= 12(BUILD:PowerStation) r= -1.1250 cum=   -278.72 v= -4.3419 top5=[a32=0.037, a11=0.036, a12=0.031, a22=0.031, a6=0.030]
  s=  185 a= 24(BUILD:Hothouse) r= -4.4819 cum=   -283.20 v= -4.1921 top5=[a32=0.037, a11=0.036, a12=0.031, a22=0.031, a44=0.030]
  s=  186 a= 32(BUILD:SmallAtomStation) r= -1.1315 cum=   -284.33 v= -4.0439 top5=[a32=0.037, a11=0.035, a12=0.031, a22=0.031, a6=0.030]
  s=  187 a=  7(BUILD:Sawmill) r= -0.2389 cum=   -284.57 v= -3.9058 top5=[a32=0.037, a11=0.035, a12=0.031, a22=0.031, a6=0.030]
  s=  188 a=  7(BUILD:Sawmill) r= -4.4922 cum=   -289.06 v= -3.7830 top5=[a32=0.036, a11=0.035, a12=0.031, a22=0.031, a6=0.031]
  s=  189 a= 32(BUILD:SmallAtomStation) r= -1.1448 cum=   -290.21 v= -3.7005 top5=[a32=0.036, a11=0.035, a22=0.031, a12=0.031, a6=0.030]
  s=  190 a= 43(MANAGER:9) r= -0.6854 cum=   -290.89 v= -3.6719 top5=[a32=0.036, a11=0.035, a22=0.032, a12=0.031, a6=0.030]
  s=  191 a= 39(MANAGER:5) r= -4.5043 cum=   -295.40 v= -3.5150 top5=[a32=0.036, a11=0.035, a22=0.032, a12=0.031, a6=0.031]
  s=  192 a= 24(BUILD:Hothouse) r= -4.4949 cum=   -299.89 v= -3.5005 top5=[a32=0.036, a11=0.034, a22=0.032, a12=0.030, a6=0.030]
  s=  193 a= 38(MANAGER:4) r= -1.1457 cum=   -301.04 v= -3.6060 top5=[a32=0.036, a11=0.034, a22=0.032, a12=0.031, a44=0.030]
  s=  194 a= 37(MANAGER:3) r= -4.4971 cum=   -305.54 v= -3.5849 top5=[a32=0.036, a11=0.034, a22=0.032, a12=0.030, a44=0.030]
  s=  195 a=  0(DAY) r= -0.7003 cum=   -306.24 v= -3.6994 top5=[a32=0.036, a22=0.033, a11=0.033, a44=0.031, a6=0.030]
  s=  196 a= 25(BUILD:SuperHouse) r= -1.1539 cum=   -307.39 v= -3.7119 top5=[a32=0.035, a22=0.034, a11=0.033, a44=0.031, a6=0.029]
  s=  197 a= 22(BUILD:Apiary) r= -4.5091 cum=   -311.90 v= -3.7203 top5=[a32=0.035, a22=0.034, a11=0.033, a44=0.031, a12=0.029]
  s=  198 a= 31(BUILD:AirStation) r= -1.1553 cum=   -313.05 v= -3.7267 top5=[a32=0.035, a22=0.034, a11=0.033, a44=0.031, a12=0.029]
  s=  199 a= 13(BUILD:HydroStation) r= -1.1718 cum=   -314.23 v= -3.7495 top5=[a32=0.035, a22=0.034, a11=0.032, a44=0.031, a39=0.029]
  s=  200 a= 43(MANAGER:9) r= -4.5221 cum=   -318.75 v= -3.7663 top5=[a32=0.035, a22=0.034, a11=0.032, a44=0.031, a39=0.029]
    state: year=0 month=9 season=2 money=216 credit=140657 people=29 busy=4 free=25 home_places=130 need_workers=23 tax_due=0 main_tax_due=0 tax_amount=8490 main_tax_amount=0 days_alive=213 stage=0 res0=0 res1=400 res2=0 res3=0 res4=0 res5=0 res6=0 res7=0 res8=29 Farm=1 Garden=2 Road=1 House=1 SmallHouse=1 CowFarm=1 Puerperal=1 AirStation=1 | nw=1457105.4848
  s=  201 a= 13(BUILD:HydroStation) r= -1.1800 cum=   -319.93 v= -3.7905 top5=[a32=0.035, a22=0.034, a11=0.032, a44=0.031, a39=0.029]
  s=  202 a= 23(BUILD:Torchlight) r= -1.1785 cum=   -321.11 v= -4.0552 top5=[a32=0.035, a44=0.034, a11=0.034, a12=0.032, a22=0.032]
  s=  203 a= 23(BUILD:Torchlight) r= -4.5348 cum=   -325.64 v= -4.0016 top5=[a32=0.035, a44=0.034, a11=0.033, a12=0.032, a22=0.032]
  s=  204 a= 12(BUILD:PowerStation) r= -1.1787 cum=   -326.82 v= -3.9481 top5=[a32=0.035, a44=0.034, a11=0.033, a12=0.033, a22=0.032]
  s=  205 a= 29(BUILD:Puerperal) r= -1.1737 cum=   -327.99 v= -3.9136 top5=[a32=0.035, a44=0.034, a11=0.033, a12=0.032, a22=0.032]
  s=  206 a= 41(MANAGER:7) r= -4.5472 cum=   -332.54 v= -3.9160 top5=[a32=0.035, a44=0.034, a11=0.033, a12=0.032, a22=0.032]
  s=  207 a= 19(BUILD:Mushroom) r= -1.1861 cum=   -333.73 v= -3.9249 top5=[a32=0.035, a44=0.033, a11=0.033, a12=0.032, a22=0.032]
  s=  208 a= 30(BUILD:BigIronmine) r= -1.1980 cum=   -334.92 v= -3.9276 top5=[a32=0.035, a44=0.033, a11=0.033, a12=0.032, a22=0.032]
  s=  209 a= 19(BUILD:Mushroom) r= -4.5593 cum=   -339.48 v= -3.9252 top5=[a32=0.035, a44=0.033, a11=0.033, a12=0.032, a22=0.032]
  s=  210 a= 19(BUILD:Mushroom) r= -1.1906 cum=   -340.67 v= -3.9119 top5=[a32=0.035, a11=0.033, a44=0.033, a22=0.032, a12=0.032]
  s=  211 a= 29(BUILD:Puerperal) r= -0.7460 cum=   -341.42 v= -3.8971 top5=[a32=0.034, a11=0.033, a44=0.033, a22=0.032, a12=0.032]
  s=  212 a= 19(BUILD:Mushroom) r= -4.5698 cum=   -345.99 v= -3.8083 top5=[a32=0.034, a11=0.033, a44=0.032, a22=0.032, a12=0.031]
  s=  213 a= 28(BUILD:BigRefinary) r= -1.2144 cum=   -347.20 v= -3.7996 top5=[a32=0.034, a11=0.033, a22=0.033, a44=0.032, a12=0.031]
  s=  214 a= 22(BUILD:Apiary) r= -1.2094 cum=   -348.41 v= -3.8080 top5=[a32=0.034, a11=0.033, a22=0.033, a44=0.032, a12=0.031]
  s=  215 a= 24(BUILD:Hothouse) r= -4.5814 cum=   -353.00 v= -3.8181 top5=[a32=0.034, a11=0.033, a22=0.033, a44=0.032, a12=0.031]
  s=  216 a= 25(BUILD:SuperHouse) r= -0.7645 cum=   -353.76 v= -3.8283 top5=[a32=0.034, a22=0.033, a11=0.033, a44=0.032, a12=0.031]
  s=  217 a= 27(BUILD:WaterMill) r= -1.2162 cum=   -354.98 v= -3.7312 top5=[a32=0.034, a11=0.033, a22=0.033, a44=0.031, a12=0.031]
  s=  218 a= 12(BUILD:PowerStation) r= -4.5915 cum=   -359.57 v= -3.7370 top5=[a32=0.034, a11=0.033, a22=0.033, a44=0.031, a12=0.030]
  s=  219 a= 22(BUILD:Apiary) r= -1.2250 cum=   -360.79 v= -3.7421 top5=[a32=0.034, a22=0.033, a11=0.033, a44=0.031, a12=0.030]
  s=  220 a= 37(MANAGER:3) r= -4.5926 cum=   -365.39 v= -3.7475 top5=[a32=0.033, a22=0.033, a11=0.033, a44=0.031, a12=0.030]
  s=  221 a= 18(BUILD:CowFarm) r= -4.5838 cum=   -369.97 v= -4.1995 top5=[a44=0.033, a12=0.033, a32=0.032, a27=0.031, a22=0.030]
  s=  222 a= 44(MANAGER:10) r= -0.5332 cum=   -370.50 v= -4.1857 top5=[a44=0.033, a12=0.033, a32=0.032, a27=0.031, a22=0.030]
  s=  223 a= 21(BUILD:BigFarm) r= -1.2307 cum=   -371.73 v= -4.1709 top5=[a44=0.033, a12=0.033, a32=0.032, a27=0.031, a22=0.030]
  s=  224 a=  2(BUILD:WaterChannel) r= -4.5929 cum=   -376.33 v= -4.1534 top5=[a44=0.033, a12=0.032, a32=0.032, a27=0.031, a22=0.030]
  s=  225 a= 32(BUILD:SmallAtomStation) r= -1.2275 cum=   -377.55 v= -4.1312 top5=[a44=0.033, a12=0.032, a32=0.032, a27=0.031, a22=0.031]
  s=  226 a= 43(MANAGER:9) r= -1.2308 cum=   -378.78 v= -4.1112 top5=[a44=0.033, a12=0.032, a32=0.032, a27=0.031, a22=0.031]
  s=  227 a=  8(BUILD:Coalmine) r= -4.6039 cum=   -383.39 v= -4.0957 top5=[a44=0.033, a32=0.032, a12=0.032, a27=0.031, a22=0.031]
  s=  228 a=  9(BUILD:Ironmine) r= -1.2443 cum=   -384.63 v= -4.0923 top5=[a44=0.032, a32=0.032, a12=0.031, a27=0.031, a22=0.031]
  s=  229 a= 22(BUILD:Apiary) r= -1.2422 cum=   -385.87 v= -4.1044 top5=[a44=0.032, a32=0.032, a27=0.031, a12=0.031, a22=0.031]
  s=  230 a=  3(BUILD:Farm) r= -4.6148 cum=   -390.49 v= -4.1148 top5=[a44=0.032, a32=0.032, a27=0.031, a22=0.031, a12=0.031]
  s=  231 a= 17(BUILD:HuntingLand) r= -1.2455 cum=   -391.74 v= -4.1265 top5=[a44=0.032, a32=0.032, a22=0.031, a27=0.031, a43=0.031]
  s=  232 a= 37(MANAGER:3) r= -4.6159 cum=   -396.35 v= -4.1391 top5=[a44=0.032, a32=0.032, a22=0.031, a27=0.031, a43=0.031]
  s=  233 a=  5(BUILD:House) r= -4.6077 cum=   -400.96 v= -4.8193 top5=[a27=0.034, a44=0.033, a12=0.033, a6=0.032, a32=0.032]
  s=  234 a= 32(BUILD:SmallAtomStation) r= -1.2624 cum=   -402.22 v= -4.7513 top5=[a27=0.034, a44=0.033, a12=0.033, a32=0.032, a6=0.032]
  s=  235 a= 20(BUILD:BigHouse) r= -1.2591 cum=   -403.48 v= -4.6876 top5=[a27=0.034, a44=0.033, a12=0.033, a32=0.032, a6=0.032]
  s=  236 a= 15(BUILD:Fish) r= -4.6185 cum=   -408.10 v= -4.6353 top5=[a27=0.034, a44=0.033, a12=0.033, a32=0.032, a6=0.031]
  s=  237 a= 38(MANAGER:4) r= +0.5884 cum=   -407.51 v= -4.5868 top5=[a27=0.034, a44=0.033, a12=0.033, a32=0.032, a6=0.031]
  s=  238 a= 41(MANAGER:7) r= -1.2678 cum=   -408.78 v= -4.4473 top5=[a6=0.033, a27=0.033, a12=0.033, a22=0.032, a43=0.031]
  s=  239 a= 36(MANAGER:2) r= -4.6132 cum=   -413.39 v= -4.4217 top5=[a27=0.033, a6=0.033, a12=0.033, a22=0.032, a43=0.031]
  s=  240 a= 34(MANAGER:0) r= -1.2688 cum=   -414.66 v= -4.4558 top5=[a27=0.033, a6=0.032, a12=0.032, a22=0.032, a43=0.031]
  s=  241 a= 27(BUILD:WaterMill) r= -1.2682 cum=   -415.93 v= -4.4605 top5=[a27=0.033, a6=0.032, a12=0.032, a22=0.032, a43=0.031]
  s=  242 a= 28(BUILD:BigRefinary) r= -4.6293 cum=   -420.56 v= -4.4697 top5=[a27=0.033, a22=0.032, a6=0.032, a12=0.032, a43=0.032]
  s=  243 a=  4(BUILD:Garden) r= -1.2693 cum=   -421.83 v= -4.4755 top5=[a27=0.033, a22=0.032, a43=0.032, a6=0.032, a12=0.032]
  s=  244 a= 11(BUILD:Goldmine) r= -1.2793 cum=   -423.11 v= -4.4751 top5=[a27=0.033, a22=0.032, a43=0.032, a6=0.031, a12=0.031]
  s=  245 a=  6(BUILD:SmallHouse) r= -4.6396 cum=   -427.75 v= -4.4744 top5=[a27=0.033, a43=0.032, a22=0.032, a6=0.031, a12=0.031]
  s=  246 a= 27(BUILD:WaterMill) r= -1.2788 cum=   -429.02 v= -4.4712 top5=[a27=0.033, a43=0.032, a22=0.032, a6=0.031, a12=0.031]
  s=  247 a= 36(MANAGER:2) r= -0.7568 cum=   -429.78 v= -4.4598 top5=[a27=0.033, a43=0.033, a22=0.032, a6=0.031, a32=0.030]
  s=  248 a= 38(MANAGER:4) r= -4.0770 cum=   -433.86 v= -4.4501 top5=[a27=0.033, a43=0.033, a22=0.032, a6=0.031, a32=0.030]
  s=  249 a=  6(BUILD:SmallHouse) r= -1.2924 cum=   -435.15 v= -4.1989 top5=[a27=0.033, a44=0.032, a12=0.031, a43=0.031, a32=0.031]
  s=  250 a= 23(BUILD:Torchlight) r= -1.3089 cum=   -436.46 v= -4.1903 top5=[a27=0.033, a44=0.032, a43=0.031, a12=0.031, a32=0.031]
    state: year=0 month=11 season=2 money=929 credit=155409 people=31 busy=4 free=27 home_places=130 need_workers=16 tax_due=0 main_tax_due=0 tax_amount=7650 main_tax_amount=0 days_alive=263 stage=0 res0=0 res1=400 res2=0 res3=0 res4=0 res5=0 res6=0 res7=0 res8=79 Garden=1 Road=1 House=1 SmallHouse=1 CowFarm=1 Puerperal=1 AirStation=1 | nw=1418778.9486
  s=  251 a=  1(WEEK) r= -4.6641 cum=   -441.12 v= -4.1894 top5=[a27=0.033, a44=0.031, a43=0.031, a32=0.031, a12=0.031]
  s=  252 a= 44(MANAGER:10) r= -0.1506 cum=   -441.27 v= -4.5804 top5=[a27=0.032, a43=0.032, a22=0.031, a44=0.031, a32=0.031]
  s=  253 a=  6(BUILD:SmallHouse) r= -1.3166 cum=   -442.59 v= -4.5094 top5=[a27=0.032, a43=0.032, a22=0.032, a44=0.031, a32=0.031]
  s=  254 a= 34(MANAGER:0) r= -4.6691 cum=   -447.26 v= -4.5334 top5=[a43=0.032, a27=0.032, a22=0.032, a44=0.031, a32=0.031]
  s=  255 a= 34(MANAGER:0) r= -1.3229 cum=   -448.58 v= -4.5622 top5=[a43=0.032, a27=0.032, a22=0.032, a44=0.031, a32=0.031]
  s=  256 a= 44(MANAGER:10) r= -0.6247 cum=   -449.21 v= -4.5908 top5=[a43=0.032, a27=0.032, a22=0.032, a44=0.031, a32=0.031]
  s=  257 a= 37(MANAGER:3) r= -4.6764 cum=   -453.88 v=-17.0951 top5=[a32=0.060, a12=0.056, a6=0.047, a11=0.047, a39=0.046]
  s=  258 a= 40(MANAGER:6) r= -0.7690 cum=   -454.65 v=-18.0917 top5=[a32=0.062, a12=0.060, a6=0.050, a11=0.047, a39=0.042]
  s=  259 a= 43(MANAGER:9) r= -1.3428 cum=   -456.00 v=-17.6693 top5=[a12=0.058, a32=0.056, a6=0.046, a11=0.044, a39=0.040]
  s=  260 a=  6(BUILD:SmallHouse) r= -4.6842 cum=   -460.68 v=-17.2075 top5=[a12=0.056, a32=0.052, a6=0.043, a11=0.042, a39=0.038]
  s=  261 a= 25(BUILD:SuperHouse) r= -1.3474 cum=   -462.03 v=-16.9251 top5=[a12=0.054, a32=0.049, a6=0.042, a11=0.040, a39=0.037]
  s=  262 a= 32(BUILD:SmallAtomStation) r= -1.3600 cum=   -463.39 v=-16.6930 top5=[a12=0.053, a32=0.047, a6=0.041, a11=0.039, a39=0.035]
  s=  263 a= 40(MANAGER:6) r= -4.6934 cum=   -468.08 v=-16.5509 top5=[a12=0.052, a32=0.045, a6=0.040, a11=0.038, a25=0.035]
  s=  264 a= 16(BUILD:CoalCut) r= -1.3641 cum=   -469.44 v=-16.4322 top5=[a12=0.051, a32=0.043, a6=0.039, a11=0.037, a25=0.034]
  s=  265 a= 41(MANAGER:7) r= -1.3702 cum=   -470.82 v=-16.2801 top5=[a12=0.050, a32=0.042, a6=0.038, a11=0.036, a25=0.034]
  s=  266 a= 28(BUILD:BigRefinary) r= -4.7025 cum=   -475.52 v=-16.1529 top5=[a12=0.049, a32=0.041, a6=0.037, a11=0.036, a25=0.034]
  s=  267 a= 38(MANAGER:4) r= -1.3648 cum=   -476.88 v=-15.9851 top5=[a12=0.048, a32=0.040, a6=0.037, a11=0.036, a25=0.034]
  s=  268 a= 38(MANAGER:4) r= -1.3529 cum=   -478.24 v=-15.8221 top5=[a12=0.047, a32=0.039, a6=0.036, a11=0.035, a25=0.033]
  s=  269 a=  4(BUILD:Garden) r= -4.7113 cum=   -482.95 v=-15.6621 top5=[a12=0.047, a32=0.039, a6=0.036, a11=0.035, a25=0.033]
  s=  270 a= 26(BUILD:BigSawmill) r= -1.3751 cum=   -484.32 v=-15.5085 top5=[a12=0.046, a32=0.038, a6=0.035, a11=0.035, a25=0.033]
  s=  271 a= 34(MANAGER:0) r= -1.3819 cum=   -485.70 v=-15.3770 top5=[a12=0.045, a32=0.038, a6=0.035, a11=0.035, a25=0.033]
  s=  272 a= 19(BUILD:Mushroom) r= -4.7200 cum=   -490.42 v=-15.3150 top5=[a12=0.044, a32=0.037, a6=0.034, a11=0.034, a25=0.033]
  s=  273 a= 35(MANAGER:1) r= -1.3967 cum=   -491.82 v=-15.2503 top5=[a12=0.044, a32=0.037, a11=0.034, a6=0.034, a25=0.033]
  s=  274 a= 36(MANAGER:2) r= -0.6293 cum=   -492.45 v=-15.1911 top5=[a12=0.043, a32=0.037, a11=0.034, a6=0.034, a25=0.033]
  s=  275 a= 36(MANAGER:2) r= -4.7263 cum=   -497.18 v=-15.1673 top5=[a12=0.042, a32=0.037, a11=0.034, a6=0.033, a25=0.033]
  s=  276 a= 32(BUILD:SmallAtomStation) r= -1.3903 cum=   -498.57 v=-15.1003 top5=[a12=0.041, a32=0.037, a11=0.034, a6=0.033, a25=0.033]
  s=  277 a=  3(BUILD:Farm) r= -1.3881 cum=   -499.95 v=-15.0529 top5=[a12=0.041, a32=0.036, a11=0.034, a6=0.033, a25=0.033]
  s=  278 a= 19(BUILD:Mushroom) r= -4.7348 cum=   -504.69 v=-15.0002 top5=[a12=0.040, a32=0.036, a11=0.034, a25=0.033, a6=0.033]
  s=  279 a= 11(BUILD:Goldmine) r= -1.4042 cum=   -506.09 v=-14.9538 top5=[a12=0.039, a32=0.036, a11=0.034, a25=0.033, a6=0.032]
  s=  280 a=  8(BUILD:Coalmine) r= -1.4162 cum=   -507.51 v=-14.8989 top5=[a12=0.038, a32=0.036, a11=0.034, a25=0.033, a6=0.032]
  s=  281 a= 26(BUILD:BigSawmill) r= -4.7313 cum=   -512.24 v=-14.8315 top5=[a12=0.037, a32=0.036, a11=0.034, a25=0.033, a6=0.032]
  s=  282 a=  6(BUILD:SmallHouse) r= -1.4017 cum=   -513.64 v=-14.6888 top5=[a12=0.036, a32=0.036, a11=0.034, a25=0.033, a43=0.032]
  s=  283 a=  6(BUILD:SmallHouse) r= -1.4369 cum=   -515.08 v=-14.6075 top5=[a32=0.036, a12=0.036, a11=0.034, a25=0.033, a43=0.032]
  s=  284 a=  3(BUILD:Farm) r= -4.7514 cum=   -519.83 v=-14.5541 top5=[a32=0.036, a12=0.035, a11=0.034, a25=0.033, a43=0.032]
  s=  285 a= 29(BUILD:Puerperal) r= -1.4234 cum=   -521.25 v=-14.5717 top5=[a32=0.036, a11=0.034, a12=0.034, a25=0.033, a43=0.032]
  s=  286 a= 44(MANAGER:10) r= -0.7072 cum=   -521.96 v=-14.6150 top5=[a32=0.036, a11=0.035, a12=0.033, a25=0.033, a43=0.032]
  s=  287 a=  5(BUILD:House) r= -4.7574 cum=   -526.72 v=-14.6504 top5=[a32=0.036, a11=0.035, a25=0.033, a12=0.033, a43=0.032]
  s=  288 a=  6(BUILD:SmallHouse) r= -1.4246 cum=   -528.14 v=-17.4682 top5=[a12=0.098, a11=0.037, a39=0.032, a25=0.031, a32=0.031]
  s=  289 a= 36(MANAGER:2) r= -0.8449 cum=   -528.99 v=-17.5155 top5=[a12=0.096, a11=0.037, a39=0.032, a25=0.031, a6=0.031]
  s=  290 a= 12(BUILD:PowerStation) r= -0.2590 cum=   -529.25 v=-17.5862 top5=[a12=0.094, a11=0.037, a39=0.032, a25=0.031, a6=0.031]
  s=  291 a= 42(MANAGER:8) r= -1.4341 cum=   -530.68 v=-18.1526 top5=[a12=0.087, a11=0.035, a6=0.032, a25=0.032, a32=0.031]
  s=  292 a= 27(BUILD:WaterMill) r= -4.7754 cum=   -535.46 v=-18.2400 top5=[a12=0.085, a11=0.035, a6=0.032, a25=0.032, a32=0.031]
  s=  293 a= 12(BUILD:PowerStation) r= -0.9800 cum=   -536.44 v=-18.3244 top5=[a12=0.083, a11=0.035, a6=0.032, a25=0.032, a32=0.031]
  s=  294 a= 38(MANAGER:4) r= -0.9783 cum=   -537.42 v=-18.4124 top5=[a12=0.082, a11=0.035, a6=0.033, a25=0.032, a32=0.031]
  s=  295 a= 25(BUILD:SuperHouse) r= -4.7809 cum=   -542.20 v=-18.4721 top5=[a12=0.081, a11=0.035, a6=0.033, a25=0.032, a32=0.031]
  s=  296 a= 25(BUILD:SuperHouse) r= -1.4683 cum=   -543.66 v=-18.5384 top5=[a12=0.080, a11=0.035, a6=0.033, a25=0.032, a32=0.031]
  s=  297 a= 12(BUILD:PowerStation) r= -1.4429 cum=   -545.11 v=-18.4652 top5=[a12=0.084, a11=0.036, a39=0.032, a25=0.031, a6=0.031]
  s=  298 a=  6(BUILD:SmallHouse) r= -4.7883 cum=   -549.90 v=-18.5751 top5=[a12=0.082, a11=0.037, a39=0.032, a25=0.031, a6=0.031]
  s=  299 a= 41(MANAGER:7) r= -1.4681 cum=   -551.36 v=-18.6949 top5=[a12=0.081, a11=0.037, a39=0.032, a25=0.031, a6=0.031]
  s=  300 a=  8(BUILD:Coalmine) r= -1.4778 cum=   -552.84 v=-18.8206 top5=[a12=0.079, a11=0.037, a39=0.032, a25=0.031, a6=0.031]
    state: year=1 month=1 season=3 money=126 credit=173777 people=35 busy=4 free=31 home_places=130 need_workers=14 tax_due=0 main_tax_due=0 tax_amount=7238 main_tax_amount=0 days_alive=319 stage=0 res0=0 res1=400 res2=0 res3=0 res4=0 res5=0 res6=0 res7=0 res8=135 Road=2 House=1 SmallHouse=1 CowFarm=1 Puerperal=1 AirStation=1 | nw=1394096.1389
  s=  301 a= 14(BUILD:Road) r= -4.7956 cum=   -557.64 v=-18.9435 top5=[a12=0.077, a11=0.037, a39=0.032, a25=0.031, a6=0.031]
  s=  302 a= 44(MANAGER:10) r= -0.7502 cum=   -558.39 v=-19.0641 top5=[a12=0.076, a11=0.037, a39=0.032, a25=0.031, a6=0.030]
  s=  303 a= 14(BUILD:Road) r= -1.4900 cum=   -559.88 v=-19.1826 top5=[a12=0.074, a11=0.037, a39=0.032, a25=0.031, a44=0.031]
  s=  304 a=  8(BUILD:Coalmine) r= -4.8010 cum=   -564.68 v=-19.2934 top5=[a12=0.073, a11=0.038, a39=0.032, a25=0.031, a44=0.031]
  s=  305 a=  2(BUILD:WaterChannel) r= -1.4883 cum=   -566.17 v=-19.3883 top5=[a12=0.071, a11=0.038, a39=0.032, a25=0.031, a44=0.031]
  s=  306 a= 12(BUILD:PowerStation) r= -1.4810 cum=   -567.65 v=-19.5079 top5=[a12=0.070, a11=0.038, a39=0.032, a25=0.031, a44=0.031]
  s=  307 a=  1(WEEK) r= -4.8081 cum=   -572.46 v=-19.6309 top5=[a12=0.069, a11=0.038, a39=0.032, a25=0.032, a44=0.031]
  s=  308 a= 12(BUILD:PowerStation) r= -1.5206 cum=   -573.98 v=-20.7850 top5=[a12=0.062, a11=0.040, a39=0.033, a25=0.032, a44=0.031]
  s=  309 a= 30(BUILD:BigIronmine) r= -4.8076 cum=   -578.78 v=-20.9363 top5=[a12=0.061, a11=0.040, a39=0.033, a25=0.033, a44=0.031]
  s=  310 a= 30(BUILD:BigIronmine) r= -4.7998 cum=   -583.58 v=-21.2215 top5=[a12=0.059, a11=0.040, a39=0.033, a25=0.033, a44=0.031]
  s=  311 a= 27(BUILD:WaterMill) r= -1.5194 cum=   -585.10 v=-21.4526 top5=[a12=0.058, a11=0.040, a39=0.033, a25=0.033, a44=0.031]
  s=  312 a= 12(BUILD:PowerStation) r= -1.0399 cum=   -586.14 v=-21.6800 top5=[a12=0.057, a11=0.040, a39=0.033, a25=0.033, a44=0.031]
  s=  313 a=  5(BUILD:House) r= -4.8061 cum=   -590.95 v=-20.7675 top5=[a12=0.085, a6=0.034, a11=0.031, a44=0.029, a39=0.029]
  s=  314 a= 32(BUILD:SmallAtomStation) r= -1.5077 cum=   -592.46 v=-20.7820 top5=[a12=0.084, a6=0.034, a11=0.031, a44=0.030, a39=0.029]
  s=  315 a= 27(BUILD:WaterMill) r= -1.5378 cum=   -593.99 v=-20.7924 top5=[a12=0.082, a6=0.034, a11=0.032, a44=0.030, a39=0.029]
  s=  316 a= 40(MANAGER:6) r= -4.8133 cum=   -598.81 v=-20.8024 top5=[a12=0.080, a6=0.033, a11=0.032, a44=0.030, a39=0.029]
  s=  317 a=  9(BUILD:Ironmine) r= -1.5396 cum=   -600.35 v=-20.7783 top5=[a12=0.079, a6=0.033, a11=0.032, a44=0.030, a39=0.029]
  s=  318 a= 34(MANAGER:0) r= -1.5475 cum=   -601.89 v=-20.7983 top5=[a12=0.077, a6=0.033, a11=0.032, a44=0.030, a39=0.029]
  s=  319 a= 43(MANAGER:9) r= -4.8204 cum=   -606.72 v=-20.8617 top5=[a12=0.076, a6=0.033, a11=0.032, a44=0.030, a39=0.029]
  s=  320 a= 22(BUILD:Apiary) r= -1.5552 cum=   -608.27 v=-20.9299 top5=[a12=0.075, a11=0.033, a6=0.033, a44=0.030, a39=0.029]
  s=  321 a= 12(BUILD:PowerStation) r= -1.5608 cum=   -609.83 v=-20.9971 top5=[a12=0.073, a11=0.033, a6=0.032, a44=0.031, a39=0.029]
  s=  322 a=  6(BUILD:SmallHouse) r= -4.8274 cum=   -614.66 v=-21.0616 top5=[a12=0.072, a11=0.033, a6=0.032, a44=0.031, a39=0.029]
  s=  323 a=  4(BUILD:Garden) r= -1.5565 cum=   -616.22 v=-21.1242 top5=[a12=0.071, a11=0.033, a6=0.032, a44=0.031, a25=0.029]
  s=  324 a=  5(BUILD:House) r= -1.5713 cum=   -617.79 v=-21.1862 top5=[a12=0.069, a11=0.034, a6=0.032, a44=0.031, a25=0.029]
  s=  325 a= 32(BUILD:SmallAtomStation) r= -4.8343 cum=   -622.62 v=-21.2663 top5=[a12=0.068, a11=0.034, a6=0.032, a44=0.031, a25=0.029]
  s=  326 a= 25(BUILD:SuperHouse) r= -1.5688 cum=   -624.19 v=-21.3472 top5=[a12=0.067, a11=0.034, a6=0.031, a44=0.031, a25=0.029]
  s=  327 a=  4(BUILD:Garden) r= -1.3864 cum=   -625.58 v=-21.4282 top5=[a12=0.066, a11=0.034, a44=0.031, a6=0.031, a25=0.030]
  s=  328 a= 16(BUILD:CoalCut) r= -4.8409 cum=   -630.42 v=-21.4992 top5=[a12=0.064, a11=0.035, a44=0.031, a6=0.031, a25=0.030]
  s=  329 a= 10(BUILD:Refinery) r= -1.5614 cum=   -631.98 v=-21.5690 top5=[a12=0.063, a11=0.035, a44=0.031, a6=0.031, a25=0.030]
  s=  330 a= 11(BUILD:Goldmine) r= -1.5920 cum=   -633.57 v=-21.6532 top5=[a12=0.062, a11=0.035, a44=0.031, a6=0.030, a25=0.030]
  s=  331 a= 35(MANAGER:1) r= -4.8476 cum=   -638.42 v=-21.7860 top5=[a12=0.061, a11=0.035, a44=0.031, a6=0.030, a39=0.030]
  s=  332 a= 11(BUILD:Goldmine) r= -1.5806 cum=   -640.00 v=-21.8585 top5=[a12=0.060, a11=0.035, a44=0.031, a6=0.030, a39=0.030]
  s=  333 a= 31(BUILD:AirStation) r= -1.5802 cum=   -641.58 v=-22.0229 top5=[a12=0.059, a11=0.035, a44=0.031, a39=0.030, a25=0.030]
  s=  334 a= 33(BUILD:AtomStation) r= -4.8542 cum=   -646.43 v=-22.2136 top5=[a12=0.058, a11=0.035, a44=0.031, a39=0.030, a25=0.030]
  s=  335 a=  7(BUILD:Sawmill) r= -1.6078 cum=   -648.04 v=-22.4015 top5=[a12=0.058, a11=0.036, a44=0.031, a39=0.030, a25=0.030]
  s=  336 a= 42(MANAGER:8) r= -1.6135 cum=   -649.65 v=-22.5876 top5=[a12=0.057, a11=0.036, a44=0.031, a39=0.031, a25=0.030]
  s=  337 a=  6(BUILD:SmallHouse) r= -4.8608 cum=   -654.51 v=-22.7667 top5=[a12=0.056, a11=0.036, a44=0.031, a25=0.031, a39=0.031]
  s=  338 a= 33(BUILD:AtomStation) r= -1.5956 cum=   -656.11 v=-22.9398 top5=[a12=0.055, a11=0.036, a44=0.031, a25=0.031, a39=0.031]
  s=  339 a= 39(MANAGER:5) r= -1.6132 cum=   -657.72 v=-23.0949 top5=[a12=0.054, a11=0.036, a25=0.031, a39=0.031, a44=0.031]
  s=  340 a= 22(BUILD:Apiary) r= -4.0599 cum=   -661.78 v=-23.2361 top5=[a12=0.053, a11=0.036, a25=0.031, a39=0.031, a44=0.030]
  s=  341 a= 22(BUILD:Apiary) r= -2.8714 cum=   -664.65 v=-47.7743 top5=[a15=0.058, a7=0.054, a8=0.048, a9=0.044, a24=0.043]
  s=  342 a= 36(MANAGER:2) r= -2.8747 cum=   -667.53 v=-47.6156 top5=[a15=0.058, a7=0.054, a8=0.048, a9=0.044, a24=0.043]
  s=  343 a= 25(BUILD:SuperHouse) r= -4.8779 cum=   -672.41 v=-47.4605 top5=[a15=0.058, a7=0.055, a8=0.048, a9=0.044, a24=0.043]
  s=  344 a= 26(BUILD:BigSawmill) r= -2.8736 cum=   -675.28 v=-46.6643 top5=[a15=0.053, a7=0.050, a8=0.044, a9=0.043, a24=0.040]
  s=  345 a=  0(DAY) r= -2.8769 cum=   -678.16 v=-45.7505 top5=[a15=0.047, a7=0.044, a9=0.042, a8=0.040, a24=0.037]
  s=  346 a=  1(WEEK) r= -4.8817 cum=   -683.04 v=-45.0644 top5=[a15=0.043, a9=0.041, a7=0.040, a8=0.036, a0=0.035]
  s=  347 a=  8(BUILD:Coalmine) r= -2.8759 cum=   -685.92 v=-44.5076 top5=[a9=0.040, a15=0.040, a7=0.038, a8=0.034, a0=0.033]
  s=  348 a= 24(BUILD:Hothouse) r= -2.8792 cum=   -688.79 v=-44.0247 top5=[a9=0.039, a15=0.037, a7=0.036, a0=0.032, a43=0.032]
  s=  349 a= 26(BUILD:BigSawmill) r= -4.8855 cum=   -693.68 v=-43.5809 top5=[a9=0.038, a15=0.035, a7=0.034, a43=0.031, a0=0.031]
  s=  350 a= 44(MANAGER:10) r= -2.1465 cum=   -695.83 v=-43.1845 top5=[a9=0.038, a15=0.034, a7=0.032, a43=0.031, a44=0.031]
    state: year=1 month=3 season=0 money=326 credit=190480 people=36 busy=4 free=32 home_places=130 need_workers=13 tax_due=1 main_tax_due=0 tax_amount=7242 main_tax_amount=0 days_alive=365 stage=0 res0=0 res1=200 res2=0 res3=0 res4=0 res5=0 res6=0 res7=0 res8=181 Road=2 House=1 SmallHouse=1 CowFarm=1 Puerperal=1 AirStation=1 | nw=1377734.7437
  s=  351 a= 28(BUILD:BigRefinary) r= -2.8823 cum=   -698.71 v=-42.8248 top5=[a9=0.037, a15=0.032, a7=0.031, a44=0.031, a43=0.030]
  s=  352 a=  3(BUILD:Farm) r= -4.8908 cum=   -703.60 v=-42.4852 top5=[a9=0.037, a15=0.031, a44=0.031, a7=0.030, a43=0.030]
  s=  353 a=  7(BUILD:Sawmill) r= -2.8814 cum=   -706.48 v=-42.1167 top5=[a9=0.036, a44=0.031, a15=0.030, a7=0.029, a43=0.029]
  s=  354 a= 44(MANAGER:10) r= -2.1513 cum=   -708.63 v=-41.7710 top5=[a9=0.036, a44=0.031, a15=0.030, a43=0.029, a7=0.029]
  s=  355 a= 12(BUILD:PowerStation) r= -4.8961 cum=   -713.53 v=-41.4465 top5=[a9=0.035, a44=0.031, a15=0.029, a43=0.029, a7=0.028]
  s=  356 a= 24(BUILD:Hothouse) r= -2.8845 cum=   -716.41 v=-41.1315 top5=[a9=0.035, a44=0.032, a43=0.028, a15=0.028, a24=0.027]
  s=  357 a= 37(MANAGER:3) r= -3.2794 cum=   -719.69 v=-40.8057 top5=[a9=0.034, a44=0.032, a43=0.028, a15=0.028, a30=0.027]
  s=  358 a=  0(DAY) r= -4.8987 cum=   -724.59 v=-40.0408 top5=[a9=0.034, a44=0.031, a43=0.028, a30=0.028, a15=0.028]
  s=  359 a= 32(BUILD:SmallAtomStation) r= -2.8862 cum=   -727.48 v=-39.7513 top5=[a9=0.034, a44=0.032, a30=0.028, a43=0.028, a10=0.027]
  s=  360 a= 40(MANAGER:6) r= -2.8895 cum=   -730.37 v=-39.4684 top5=[a9=0.033, a44=0.032, a30=0.028, a43=0.028, a10=0.028]
  s=  361 a= 24(BUILD:Hothouse) r= -4.9029 cum=   -735.27 v=-39.1929 top5=[a9=0.033, a44=0.032, a30=0.028, a10=0.028, a34=0.028]
  s=  362 a=  7(BUILD:Sawmill) r= -2.8887 cum=   -738.16 v=-38.9294 top5=[a9=0.033, a44=0.032, a30=0.029, a10=0.028, a34=0.028]
  s=  363 a= 12(BUILD:PowerStation) r= -2.8920 cum=   -741.05 v=-38.6630 top5=[a9=0.033, a44=0.032, a30=0.029, a10=0.028, a34=0.028]
  s=  364 a=  4(BUILD:Garden) r= -4.9072 cum=   -745.96 v=-38.4012 top5=[a9=0.032, a44=0.032, a30=0.029, a10=0.028, a34=0.028]
  s=  365 a= 27(BUILD:WaterMill) r= -2.8913 cum=   -748.85 v=-38.1312 top5=[a44=0.032, a9=0.032, a30=0.029, a10=0.028, a34=0.028]
  s=  366 a= 42(MANAGER:8) r= -2.8945 cum=   -751.74 v=-37.8670 top5=[a44=0.032, a9=0.032, a30=0.029, a34=0.028, a10=0.028]
  s=  367 a= 18(BUILD:CowFarm) r= -4.9115 cum=   -756.65 v=-37.5613 top5=[a44=0.032, a9=0.032, a30=0.029, a34=0.028, a10=0.028]
  s=  368 a= 25(BUILD:SuperHouse) r= -2.8939 cum=   -759.55 v=-37.1920 top5=[a44=0.032, a9=0.032, a30=0.029, a34=0.028, a10=0.028]
  s=  369 a=  6(BUILD:SmallHouse) r= -2.8971 cum=   -762.45 v=-36.8176 top5=[a44=0.032, a9=0.031, a30=0.029, a34=0.028, a10=0.028]
  s=  370 a= 18(BUILD:CowFarm) r= -4.9159 cum=   -767.36 v=-36.4316 top5=[a44=0.032, a9=0.031, a30=0.029, a34=0.028, a10=0.028]
  s=  371 a= 44(MANAGER:10) r= -2.1602 cum=   -769.52 v=-36.0446 top5=[a44=0.032, a9=0.031, a30=0.029, a34=0.028, a10=0.028]
  s=  372 a= 21(BUILD:BigFarm) r= -2.9004 cum=   -772.42 v=-35.6718 top5=[a44=0.032, a9=0.031, a34=0.029, a30=0.029, a10=0.028]
  s=  373 a= 19(BUILD:Mushroom) r= -4.9214 cum=   -777.34 v=-35.3125 top5=[a44=0.032, a9=0.030, a34=0.029, a10=0.029, a30=0.028]
  s=  374 a=  1(WEEK) r= -2.8999 cum=   -780.24 v=-34.9695 top5=[a44=0.032, a9=0.030, a34=0.029, a10=0.029, a30=0.028]
  s=  375 a= 38(MANAGER:4) r= -2.9031 cum=   -783.15 v=-34.6207 top5=[a44=0.032, a9=0.030, a34=0.029, a10=0.029, a30=0.028]
  s=  376 a= 21(BUILD:BigFarm) r= -4.9259 cum=   -788.07 v=-34.2663 top5=[a44=0.032, a9=0.030, a34=0.029, a10=0.029, a30=0.028]
  s=  377 a= 25(BUILD:SuperHouse) r= -2.9026 cum=   -790.98 v=-33.9181 top5=[a44=0.032, a9=0.030, a34=0.029, a10=0.029, a30=0.028]
  s=  378 a= 24(BUILD:Hothouse) r= -2.9058 cum=   -793.88 v=-33.5801 top5=[a44=0.032, a9=0.029, a34=0.029, a10=0.029, a30=0.028]
  s=  379 a= 30(BUILD:BigIronmine) r= -4.9304 cum=   -798.81 v=-33.2499 top5=[a44=0.032, a9=0.029, a34=0.029, a10=0.028, a30=0.028]
  s=  380 a=  4(BUILD:Garden) r= -2.9053 cum=   -801.72 v=-32.9326 top5=[a44=0.032, a9=0.029, a34=0.029, a10=0.028, a30=0.028]
  s=  381 a= 34(MANAGER:0) r= -2.9085 cum=   -804.63 v=-32.6282 top5=[a44=0.032, a34=0.029, a9=0.029, a10=0.028, a30=0.028]
  s=  382 a= 23(BUILD:Torchlight) r= -4.9350 cum=   -809.56 v=-32.3324 top5=[a44=0.032, a34=0.029, a9=0.029, a10=0.028, a30=0.028]
  s=  383 a= 35(MANAGER:1) r= -2.9080 cum=   -812.47 v=-32.0384 top5=[a44=0.032, a34=0.030, a9=0.029, a10=0.028, a30=0.028]
  s=  384 a=  0(DAY) r= -2.9112 cum=   -815.38 v=-31.7501 top5=[a44=0.032, a34=0.030, a9=0.029, a10=0.028, a30=0.028]
  s=  385 a= 12(BUILD:PowerStation) r= -4.9397 cum=   -820.32 v=-31.4695 top5=[a44=0.032, a34=0.030, a9=0.029, a10=0.028, a30=0.028]
  s=  386 a= 40(MANAGER:6) r= -2.9108 cum=   -823.23 v=-31.1963 top5=[a44=0.032, a34=0.030, a9=0.029, a10=0.028, a30=0.027]
  s=  387 a= 18(BUILD:CowFarm) r= -2.9140 cum=   -826.14 v=-30.9272 top5=[a44=0.032, a34=0.030, a9=0.029, a10=0.028, a30=0.027]
  s=  388 a=  9(BUILD:Ironmine) r= -4.9443 cum=   -831.09 v=-30.6654 top5=[a44=0.032, a34=0.030, a9=0.029, a10=0.028, a30=0.027]
  s=  389 a=  5(BUILD:House) r= -2.9136 cum=   -834.00 v=-30.4100 top5=[a44=0.032, a34=0.030, a9=0.029, a10=0.028, a30=0.027]
  s=  390 a= 33(BUILD:AtomStation) r= -2.9168 cum=   -836.92 v=-30.1539 top5=[a44=0.032, a34=0.030, a9=0.029, a10=0.028, a30=0.027]
  s=  391 a=  7(BUILD:Sawmill) r= -4.9491 cum=   -841.87 v=-29.9003 top5=[a44=0.032, a34=0.030, a9=0.029, a10=0.028, a30=0.027]
  s=  392 a= 31(BUILD:AirStation) r= -2.9165 cum=   -844.78 v=-29.6532 top5=[a44=0.032, a34=0.030, a9=0.029, a10=0.028, a30=0.027]
  s=  393 a= 40(MANAGER:6) r= -2.9196 cum=   -847.70 v=-29.4121 top5=[a44=0.032, a34=0.031, a9=0.029, a10=0.028, a43=0.027]
  s=  394 a= 34(MANAGER:0) r= -4.9538 cum=   -852.66 v=-29.1771 top5=[a44=0.032, a34=0.031, a9=0.029, a10=0.028, a43=0.027]
  s=  395 a=  8(BUILD:Coalmine) r= -2.9193 cum=   -855.58 v=-28.9488 top5=[a44=0.032, a34=0.031, a9=0.029, a10=0.028, a43=0.027]
  s=  396 a=  8(BUILD:Coalmine) r= -2.9224 cum=   -858.50 v=-28.7259 top5=[a44=0.032, a34=0.031, a9=0.029, a10=0.028, a43=0.027]
  s=  397 a= 22(BUILD:Apiary) r= -4.9586 cum=   -863.46 v=-28.5080 top5=[a44=0.032, a34=0.031, a9=0.029, a10=0.028, a43=0.027]
  s=  398 a= 43(MANAGER:9) r= -2.9222 cum=   -866.38 v=-28.2949 top5=[a44=0.032, a34=0.031, a9=0.029, a10=0.028, a43=0.027]
  s=  399 a= 10(BUILD:Refinery) r= -4.9581 cum=   -871.34 v=-28.0864 top5=[a44=0.032, a34=0.031, a9=0.029, a10=0.028, a43=0.027]
    state: year=0 month=3 season=0 money=82000 credit=0 people=28 busy=0 free=28 home_places=50 need_workers=0 tax_due=0 main_tax_due=0 tax_amount=5106 main_tax_amount=0 days_alive=0 stage=0 res0=0 res1=0 res2=0 res3=0 res4=0 res5=0 res6=0 res7=0 res8=0 | nw=1532000.0000
  >>> Ep 1: reward=-871.34, steps=400
  >>> final: year=0 month=3 season=0 money=82000 credit=0 people=28 busy=0 free=28 home_places=50 need_workers=0 tax_due=0 main_tax_due=0 tax_amount=5106 main_tax_amount=0 days_alive=0 stage=0 res0=0 res1=0 res2=0 res3=0 res4=0 res5=0 res6=0 res7=0 res8=0 | nw=1532000.0000

======================================================================
SUMMARY
======================================================================
Episodes: 1
Total steps: 400
Mean reward: -871.34
Max reward:  -871.34
Min reward:  -871.34
  Ep 1: -871.34

ACTION DISTRIBUTION (all 400 steps)
  BUILD:PowerStation  :    16 (4.0%)
  BUILD:SmallHouse    :    14 (3.5%)
  BUILD:SmallAtomStation:    13 (3.2%)
  BUILD:WaterMill     :    13 (3.2%)
  BUILD:SuperHouse    :    13 (3.2%)
  MANAGER:9           :    12 (3.0%)
  BUILD:Hothouse      :    12 (3.0%)
  MANAGER:0           :    12 (3.0%)
  BUILD:Goldmine      :    12 (3.0%)
  BUILD:Mushroom      :    11 (2.8%)
  MANAGER:2           :    11 (2.8%)
  BUILD:Coalmine      :    11 (2.8%)
  DAY                 :    11 (2.8%)
  MANAGER:3           :    11 (2.8%)
  BUILD:Apiary        :    11 (2.8%)
  MANAGER:6           :    11 (2.8%)
  BUILD:BigIronmine   :    10 (2.5%)
  BUILD:Road          :    10 (2.5%)
  BUILD:Torchlight    :    10 (2.5%)
  MANAGER:1           :    10 (2.5%)
  MANAGER:4           :    10 (2.5%)
  BUILD:Garden        :    10 (2.5%)
  BUILD:CowFarm       :     9 (2.2%)
  BUILD:BigSawmill    :     9 (2.2%)
  MANAGER:7           :     9 (2.2%)
  BUILD:Sawmill       :     9 (2.2%)
  MANAGER:10          :     9 (2.2%)
  BUILD:AtomStation   :     8 (2.0%)
  BUILD:Farm          :     8 (2.0%)
  MANAGER:8           :     7 (1.8%)
  BUILD:House         :     7 (1.8%)
  BUILD:BigFarm       :     7 (1.8%)
  BUILD:WaterChannel  :     7 (1.8%)
  BUILD:CoalCut       :     6 (1.5%)
  WEEK                :     6 (1.5%)
  BUILD:Puerperal     :     5 (1.2%)
  BUILD:Refinery      :     5 (1.2%)
  BUILD:BigHouse      :     5 (1.2%)
  BUILD:HuntingLand   :     5 (1.2%)
  BUILD:Ironmine      :     5 (1.2%)
  BUILD:BigRefinary   :     5 (1.2%)
  BUILD:AirStation    :     4 (1.0%)
  BUILD:HydroStation  :     4 (1.0%)
  MANAGER:5           :     4 (1.0%)
  BUILD:Fish          :     3 (0.8%)
