=== Step log started ===
  find_lot FAILED: need_earth=2 no_near_base=0 | bases=1 | total_free=78399 matching=43184 valid=0
  find_lot FAILED: need_earth=3 no_near_base=0 | bases=1 | total_free=78399 matching=43184 valid=0
  find_lot FAILED: need_earth=4 no_near_base=0 | bases=1 | total_free=78399 matching=43184 valid=0
  find_lot FAILED: need_earth=5 no_near_base=0 | bases=1 | total_free=78399 matching=43184 valid=0
  find_lot FAILED: need_earth=7 no_near_base=0 | bases=1 | total_free=78399 matching=43184 valid=0
  find_lot FAILED: need_earth=2 no_near_base=0 | bases=1 | total_free=78399 matching=43184 valid=0
  find_lot FAILED: need_earth=4 no_near_base=0 | bases=1 | total_free=78399 matching=43184 valid=0
  find_lot FAILED: need_earth=3 no_near_base=0 | bases=1 | total_free=78399 matching=43184 valid=0
  find_lot FAILED: need_earth=3 no_near_base=0 | bases=1 | total_free=78399 matching=43184 valid=0
  ACTION: 4 (BUILD:WaterChannel price=18310 need_earth=2) | money=82000 pop=28 free=28
  find_lot FAILED: need_earth=2 no_near_base=0 | bases=1 | total_free=78399 matching=43184 valid=0
  BUILD FAILED: WaterChannel | has_cell=NO | REASON: find_lot returned null (no suitable cell)
STEP 1 | BUILD:WaterChannel | total=-0.600 err=-1.000 tax=0.000 taxb=0.300 build=0.000 cost=0.000 div=0.000 prox=0.000 prov=0.000 preq=0.000 pres=0.000 sale=0.000 mtax=0.000 chain=0.000 daily=0.000 nov=0.000 mile=0.000 surv=0.100 idle=0.000 gover=0.000 | nw=1.532e+06 nw_delta=0.000 pop=28 bases=1 money=82000 credit=0 day=1 | food=0 water=0 coal=0 home=50 free=28 roads=0
  BUILDINGS: City(0d,0/0) 
  OBS: year=0 month=3 season=0 money=82000 credit=0 people=28 busy=0 free=28 home_places=50 need_workers=0 tax_due=0 main_tax_due=0 tax_amount=5106 main_tax_amount=0 days_alive=1 stage=0 res0=0 res1=0 res2=0 res3=0 res4=0 res5=0 res6=0 res7=0 res8=0 | nw=1532000.0000
  find_lot FAILED: need_earth=2 no_near_base=0 | bases=1 | total_free=78399 matching=43184 valid=0
  find_lot FAILED: need_earth=3 no_near_base=0 | bases=1 | total_free=78399 matching=43184 valid=0
  find_lot FAILED: need_earth=4 no_near_base=0 | bases=1 | total_free=78399 matching=43184 valid=0
  find_lot FAILED: need_earth=5 no_near_base=0 | bases=1 | total_free=78399 matching=43184 valid=0
  find_lot FAILED: need_earth=7 no_near_base=0 | bases=1 | total_free=78399 matching=43184 valid=0
  find_lot FAILED: need_earth=2 no_near_base=0 | bases=1 | total_free=78399 matching=43184 valid=0
  find_lot FAILED: need_earth=4 no_near_base=0 | bases=1 | total_free=78399 matching=43184 valid=0
  find_lot FAILED: need_earth=3 no_near_base=0 | bases=1 | total_free=78399 matching=43184 valid=0
  find_lot FAILED: need_earth=3 no_near_base=0 | bases=1 | total_free=78399 matching=43184 valid=0
  ACTION: 2 (BUILD:Farm price=19814 need_earth=10) | money=82000 pop=28 free=28
STEP 2 | BUILD:Farm | total=11.211 err=0.000 tax=0.000 taxb=0.300 build=4.793 cost=-1.981 div=8.000 prox=0.000 prov=0.000 preq=0.000 pres=0.000 sale=0.000 mtax=0.000 chain=0.000 daily=0.000 nov=0.000 mile=0.000 surv=0.100 idle=0.000 gover=0.000 | nw=1.532e+06 nw_delta=0.000 pop=28 bases=2 money=62186 credit=0 day=2 | food=0 water=0 coal=0 home=50 free=28 roads=0
  BUILDINGS: City(0d,0/0) Farm(37d,8736/8736) 
  OBS: year=0 month=3 season=0 money=62186 credit=0 people=28 busy=0 free=28 home_places=50 need_workers=0 tax_due=0 main_tax_due=0 tax_amount=5526 main_tax_amount=0 days_alive=2 stage=0 res0=0 res1=0 res2=0 res3=0 res4=0 res5=0 res6=0 res7=0 res8=0 Farm=1 | nw=1532000.0000
  find_lot FAILED: need_earth=2 no_near_base=0 | bases=2 | total_free=78398 matching=43183 valid=0
  find_lot FAILED: need_earth=3 no_near_base=0 | bases=2 | total_free=78398 matching=43183 valid=0
  find_lot FAILED: need_earth=4 no_near_base=0 | bases=2 | total_free=78398 matching=43183 valid=0
  find_lot FAILED: need_earth=5 no_near_base=0 | bases=2 | total_free=78398 matching=43183 valid=0
  find_lot FAILED: need_earth=2 no_near_base=0 | bases=2 | total_free=78398 matching=43183 valid=0
  find_lot FAILED: need_earth=4 no_near_base=0 | bases=2 | total_free=78398 matching=43183 valid=0
  find_lot FAILED: need_earth=3 no_near_base=0 | bases=2 | total_free=78398 matching=43183 valid=0
  find_lot FAILED: need_earth=3 no_near_base=0 | bases=2 | total_free=78398 matching=43183 valid=0
  ACTION: 40 | money=62186 pop=28 free=28
STEP 3 | MGR:sell | total=-0.600 err=-1.000 tax=0.000 taxb=0.300 build=0.000 cost=0.000 div=0.000 prox=0.000 prov=0.000 preq=0.000 pres=0.000 sale=0.000 mtax=0.000 chain=0.000 daily=0.000 nov=0.000 mile=0.000 surv=0.100 idle=0.000 gover=0.000 | nw=1.532e+06 nw_delta=0.000 pop=28 bases=2 money=62186 credit=0 day=3 | food=0 water=0 coal=0 home=50 free=28 roads=0
  BUILDINGS: City(0d,0/0) Farm(36d,8736/8736) 
  OBS: year=0 month=3 season=0 money=62186 credit=0 people=28 busy=0 free=28 home_places=50 need_workers=0 tax_due=0 main_tax_due=0 tax_amount=5526 main_tax_amount=0 days_alive=3 stage=0 res0=0 res1=0 res2=0 res3=0 res4=0 res5=0 res6=0 res7=0 res8=0 Farm=1 | nw=1532000.0000
  find_lot FAILED: need_earth=2 no_near_base=0 | bases=2 | total_free=78398 matching=43183 valid=0
  find_lot FAILED: need_earth=3 no_near_base=0 | bases=2 | total_free=78398 matching=43183 valid=0
  find_lot FAILED: need_earth=4 no_near_base=0 | bases=2 | total_free=78398 matching=43183 valid=0
  find_lot FAILED: need_earth=5 no_near_base=0 | bases=2 | total_free=78398 matching=43183 valid=0
  find_lot FAILED: need_earth=2 no_near_base=0 | bases=2 | total_free=78398 matching=43183 valid=0
  find_lot FAILED: need_earth=4 no_near_base=0 | bases=2 | total_free=78398 matching=43183 valid=0
  find_lot FAILED: need_earth=3 no_near_base=0 | bases=2 | total_free=78398 matching=43183 valid=0
  find_lot FAILED: need_earth=3 no_near_base=0 | bases=2 | total_free=78398 matching=43183 valid=0
  ACTION: 38 | money=62186 pop=28 free=28
STEP 4 | MGR:preserve | total=3.400 err=0.000 tax=0.000 taxb=0.300 build=0.000 cost=0.000 div=0.000 prox=0.000 prov=0.000 preq=0.000 pres=3.000 sale=0.000 mtax=0.000 chain=0.000 daily=0.000 nov=0.000 mile=0.000 surv=0.100 idle=0.000 gover=0.000 | nw=1.532e+06 nw_delta=0.000 pop=28 bases=2 money=62186 credit=0 day=4 | food=0 water=0 coal=0 home=50 free=28 roads=0
  BUILDINGS: City(0d,0/0) Farm(35d,8736/8736) 
  OBS: year=0 month=3 season=0 money=62186 credit=0 people=28 busy=0 free=28 home_places=50 need_workers=0 tax_due=0 main_tax_due=0 tax_amount=5526 main_tax_amount=0 days_alive=4 stage=0 res0=0 res1=0 res2=0 res3=0 res4=0 res5=0 res6=0 res7=0 res8=0 Farm=1 | nw=1532000.0000
  find_lot FAILED: need_earth=2 no_near_base=0 | bases=2 | total_free=78398 matching=43183 valid=0
  find_lot FAILED: need_earth=3 no_near_base=0 | bases=2 | total_free=78398 matching=43183 valid=0
  find_lot FAILED: need_earth=4 no_near_base=0 | bases=2 | total_free=78398 matching=43183 valid=0
  find_lot FAILED: need_earth=5 no_near_base=0 | bases=2 | total_free=78398 matching=43183 valid=0
  find_lot FAILED: need_earth=2 no_near_base=0 | bases=2 | total_free=78398 matching=43183 valid=0
  find_lot FAILED: need_earth=4 no_near_base=0 | bases=2 | total_free=78398 matching=43183 valid=0
  find_lot FAILED: need_earth=3 no_near_base=0 | bases=2 | total_free=78398 matching=43183 valid=0
  find_lot FAILED: need_earth=3 no_near_base=0 | bases=2 | total_free=78398 matching=43183 valid=0
  ACTION: 42 | money=62186 pop=28 free=28
STEP 5 | MGR:credit_take | total=0.049 err=0.000 tax=0.000 taxb=0.300 build=0.000 cost=0.000 div=0.000 prox=0.000 prov=0.000 preq=0.000 pres=0.000 sale=0.000 mtax=0.000 chain=0.000 daily=0.000 nov=0.000 mile=0.000 surv=0.000 idle=0.000 gover=0.000 | nw=1.5319e+06 nw_delta=-100.000 pop=28 bases=2 money=112186 credit=50100 day=5 | food=0 water=0 coal=0 home=50 free=28 roads=0
  BUILDINGS: City(0d,0/0) Farm(34d,8736/8736) 
  OBS: year=0 month=3 season=0 money=112186 credit=50100 people=28 busy=0 free=28 home_places=50 need_workers=0 tax_due=0 main_tax_due=0 tax_amount=5526 main_tax_amount=0 days_alive=5 stage=0 res0=0 res1=0 res2=0 res3=0 res4=0 res5=0 res6=0 res7=0 res8=0 Farm=1 | nw=1531900.0000
  find_lot FAILED: need_earth=2 no_near_base=0 | bases=2 | total_free=78398 matching=43183 valid=0
  find_lot FAILED: need_earth=3 no_near_base=0 | bases=2 | total_free=78398 matching=43183 valid=0
  find_lot FAILED: need_earth=4 no_near_base=0 | bases=2 | total_free=78398 matching=43183 valid=0
  find_lot FAILED: need_earth=5 no_near_base=0 | bases=2 | total_free=78398 matching=43183 valid=0
  find_lot FAILED: need_earth=6 no_near_base=0 | bases=2 | total_free=78398 matching=43183 valid=0
  find_lot FAILED: need_earth=7 no_near_base=0 | bases=2 | total_free=78398 matching=43183 valid=0
  find_lot FAILED: need_earth=2 no_near_base=0 | bases=2 | total_free=78398 matching=43183 valid=0
  find_lot FAILED: need_earth=2 no_near_base=0 | bases=2 | total_free=78398 matching=43183 valid=0
  find_lot FAILED: need_earth=4 no_near_base=0 | bases=2 | total_free=78398 matching=43183 valid=0
  find_lot FAILED: need_earth=3 no_near_base=0 | bases=2 | total_free=78398 matching=43183 valid=0
  find_lot FAILED: need_earth=3 no_near_base=0 | bases=2 | total_free=78398 matching=43183 valid=0
  ACTION: 14 (BUILD:SmallHouse price=5900 need_earth=10) | money=112186 pop=28 free=28
STEP 6 | BUILD:SmallHouse | total=8.959 err=0.000 tax=0.000 taxb=0.300 build=1.500 cost=-0.590 div=8.000 prox=0.000 prov=0.000 preq=0.000 pres=0.000 sale=0.000 mtax=0.000 chain=0.000 daily=0.000 nov=0.000 mile=0.000 surv=0.000 idle=0.000 gover=0.000 | nw=1.5318e+06 nw_delta=-100.000 pop=28 bases=3 money=106286 credit=50200 day=6 | food=0 water=0 coal=0 home=50 free=28 roads=0
  BUILDINGS: City(0d,0/0) Farm(33d,8736/8736) SmallHouse(7d,5824/5824) 
  OBS: year=0 month=3 season=0 money=106286 credit=50200 people=28 busy=0 free=28 home_places=50 need_workers=0 tax_due=0 main_tax_due=0 tax_amount=5946 main_tax_amount=0 days_alive=6 stage=0 res0=0 res1=0 res2=0 res3=0 res4=0 res5=0 res6=0 res7=0 res8=0 Farm=1 SmallHouse=1 | nw=1531800.0000
  find_lot FAILED: need_earth=2 no_near_base=0 | bases=3 | total_free=78397 matching=43182 valid=0
  find_lot FAILED: need_earth=3 no_near_base=0 | bases=3 | total_free=78397 matching=43182 valid=0
  find_lot FAILED: need_earth=4 no_near_base=0 | bases=3 | total_free=78397 matching=43182 valid=0
  find_lot FAILED: need_earth=5 no_near_base=0 | bases=3 | total_free=78397 matching=43182 valid=0
  find_lot FAILED: need_earth=6 no_near_base=0 | bases=3 | total_free=78397 matching=43182 valid=0
  find_lot FAILED: need_earth=7 no_near_base=0 | bases=3 | total_free=78397 matching=43182 valid=0
  find_lot FAILED: need_earth=2 no_near_base=0 | bases=3 | total_free=78397 matching=43182 valid=0
  find_lot FAILED: need_earth=2 no_near_base=0 | bases=3 | total_free=78397 matching=43182 valid=0
  find_lot FAILED: need_earth=4 no_near_base=0 | bases=3 | total_free=78397 matching=43182 valid=0
  find_lot FAILED: need_earth=3 no_near_base=0 | bases=3 | total_free=78397 matching=43182 valid=0
  find_lot FAILED: need_earth=3 no_near_base=0 | bases=3 | total_free=78397 matching=43182 valid=0
  ACTION: 13 (BUILD:House price=14038 need_earth=1) | money=106286 pop=28 free=28
STEP 7 | BUILD:House | total=8.145 err=0.000 tax=0.000 taxb=0.300 build=1.500 cost=-1.404 div=8.000 prox=0.000 prov=0.000 preq=0.000 pres=0.000 sale=0.000 mtax=0.000 chain=0.000 daily=0.000 nov=0.000 mile=0.000 surv=0.000 idle=0.000 gover=0.000 | nw=1.5317e+06 nw_delta=-100.000 pop=28 bases=4 money=92248 credit=50300 day=7 | food=0 water=0 coal=0 home=50 free=28 roads=0
  BUILDINGS: City(0d,0/0) Farm(32d,8736/8736) SmallHouse(6d,5824/5824) House(25d,19656/19656) 
  OBS: year=0 month=3 season=0 money=92248 credit=50300 people=28 busy=0 free=28 home_places=50 need_workers=0 tax_due=0 main_tax_due=0 tax_amount=6366 main_tax_amount=0 days_alive=7 stage=0 res0=0 res1=0 res2=0 res3=0 res4=0 res5=0 res6=0 res7=0 res8=0 Farm=1 House=1 SmallHouse=1 | nw=1531700.0000
  find_lot FAILED: need_earth=2 no_near_base=0 | bases=4 | total_free=78396 matching=43181 valid=0
  find_lot FAILED: need_earth=3 no_near_base=0 | bases=4 | total_free=78396 matching=43181 valid=0
  find_lot FAILED: need_earth=4 no_near_base=0 | bases=4 | total_free=78396 matching=43181 valid=0
  find_lot FAILED: need_earth=5 no_near_base=0 | bases=4 | total_free=78396 matching=43181 valid=0
  find_lot FAILED: need_earth=6 no_near_base=0 | bases=4 | total_free=78396 matching=43181 valid=0
  find_lot FAILED: need_earth=7 no_near_base=0 | bases=4 | total_free=78396 matching=43181 valid=0
  find_lot FAILED: need_earth=2 no_near_base=0 | bases=4 | total_free=78396 matching=43181 valid=0
  find_lot FAILED: need_earth=2 no_near_base=0 | bases=4 | total_free=78396 matching=43181 valid=0
  find_lot FAILED: need_earth=4 no_near_base=0 | bases=4 | total_free=78396 matching=43181 valid=0
  find_lot FAILED: need_earth=3 no_near_base=0 | bases=4 | total_free=78396 matching=43181 valid=0
  find_lot FAILED: need_earth=3 no_near_base=0 | bases=4 | total_free=78396 matching=43181 valid=0
  ACTION: 38 | money=92248 pop=28 free=28
STEP 8 | MGR:preserve | total=3.048 err=0.000 tax=0.000 taxb=0.300 build=0.000 cost=0.000 div=0.000 prox=0.000 prov=0.000 preq=0.000 pres=3.000 sale=0.000 mtax=0.000 chain=0.000 daily=0.000 nov=0.000 mile=0.000 surv=0.000 idle=0.000 gover=0.000 | nw=1.5316e+06 nw_delta=-100.000 pop=28 bases=4 money=92248 credit=50400 day=8 | food=0 water=0 coal=0 home=50 free=28 roads=0
  BUILDINGS: City(0d,0/0) Farm(31d,8736/8736) SmallHouse(5d,5824/5824) House(24d,19656/19656) 
  OBS: year=0 month=3 season=0 money=92248 credit=50400 people=28 busy=0 free=28 home_places=50 need_workers=0 tax_due=0 main_tax_due=0 tax_amount=6366 main_tax_amount=0 days_alive=8 stage=0 res0=0 res1=0 res2=0 res3=0 res4=0 res5=0 res6=0 res7=0 res8=0 Farm=1 House=1 SmallHouse=1 | nw=1531600.0000
  find_lot FAILED: need_earth=2 no_near_base=0 | bases=4 | total_free=78396 matching=43181 valid=0
  find_lot FAILED: need_earth=3 no_near_base=0 | bases=4 | total_free=78396 matching=43181 valid=0
  find_lot FAILED: need_earth=4 no_near_base=0 | bases=4 | total_free=78396 matching=43181 valid=0
  find_lot FAILED: need_earth=5 no_near_base=0 | bases=4 | total_free=78396 matching=43181 valid=0
  find_lot FAILED: need_earth=6 no_near_base=0 | bases=4 | total_free=78396 matching=43181 valid=0
  find_lot FAILED: need_earth=7 no_near_base=0 | bases=4 | total_free=78396 matching=43181 valid=0
  find_lot FAILED: need_earth=2 no_near_base=0 | bases=4 | total_free=78396 matching=43181 valid=0
  find_lot FAILED: need_earth=2 no_near_base=0 | bases=4 | total_free=78396 matching=43181 valid=0
  find_lot FAILED: need_earth=4 no_near_base=0 | bases=4 | total_free=78396 matching=43181 valid=0
  find_lot FAILED: need_earth=3 no_near_base=0 | bases=4 | total_free=78396 matching=43181 valid=0
  find_lot FAILED: need_earth=3 no_near_base=0 | bases=4 | total_free=78396 matching=43181 valid=0
  ACTION: 28 (BUILD:BigRefinary price=3999149 need_earth=6) | money=92248 pop=28 free=28
  find_lot FAILED: need_earth=6 no_near_base=0 | bases=4 | total_free=78396 matching=43181 valid=0
  BUILD FAILED: BigRefinary | has_cell=NO | REASON: find_lot returned null (no suitable cell)
STEP 9 | BUILD:BigRefinary | total=-0.953 err=-1.000 tax=0.000 taxb=0.300 build=0.000 cost=0.000 div=0.000 prox=0.000 prov=0.000 preq=0.000 pres=0.000 sale=0.000 mtax=0.000 chain=0.000 daily=0.000 nov=0.000 mile=0.000 surv=0.000 idle=0.000 gover=0.000 | nw=1.5315e+06 nw_delta=-100.000 pop=28 bases=4 money=92248 credit=50500 day=9 | food=0 water=0 coal=0 home=50 free=28 roads=0
  BUILDINGS: City(0d,0/0) Farm(30d,8736/8736) SmallHouse(4d,5824/5824) House(23d,19656/19656) 
  OBS: year=0 month=3 season=0 money=92248 credit=50500 people=28 busy=0 free=28 home_places=50 need_workers=0 tax_due=0 main_tax_due=0 tax_amount=6366 main_tax_amount=0 days_alive=9 stage=0 res0=0 res1=0 res2=0 res3=0 res4=0 res5=0 res6=0 res7=0 res8=0 Farm=1 House=1 SmallHouse=1 | nw=1531500.0000
  find_lot FAILED: need_earth=2 no_near_base=0 | bases=4 | total_free=78396 matching=43181 valid=0
  find_lot FAILED: need_earth=3 no_near_base=0 | bases=4 | total_free=78396 matching=43181 valid=0
  find_lot FAILED: need_earth=4 no_near_base=0 | bases=4 | total_free=78396 matching=43181 valid=0
  find_lot FAILED: need_earth=5 no_near_base=0 | bases=4 | total_free=78396 matching=43181 valid=0
  find_lot FAILED: need_earth=6 no_near_base=0 | bases=4 | total_free=78396 matching=43181 valid=0
  find_lot FAILED: need_earth=7 no_near_base=0 | bases=4 | total_free=78396 matching=43181 valid=0
  find_lot FAILED: need_earth=2 no_near_base=0 | bases=4 | total_free=78396 matching=43181 valid=0
  find_lot FAILED: need_earth=2 no_near_base=0 | bases=4 | total_free=78396 matching=43181 valid=0
  find_lot FAILED: need_earth=4 no_near_base=0 | bases=4 | total_free=78396 matching=43181 valid=0
  find_lot FAILED: need_earth=3 no_near_base=0 | bases=4 | total_free=78396 matching=43181 valid=0
  find_lot FAILED: need_earth=3 no_near_base=0 | bases=4 | total_free=78396 matching=43181 valid=0
  ACTION: 35 | money=92248 pop=28 free=28
STEP 10 | MGR:repair | total=-0.954 err=-1.000 tax=0.000 taxb=0.300 build=0.000 cost=0.000 div=0.000 prox=0.000 prov=0.000 preq=0.000 pres=0.000 sale=0.000 mtax=0.000 chain=0.000 daily=0.000 nov=0.000 mile=0.000 surv=-0.001 idle=0.000 gover=0.000 | nw=1.5314e+06 nw_delta=-101.000 pop=28 bases=4 money=92248 credit=50601 day=10 | food=0 water=0 coal=0 home=50 free=28 roads=0
  BUILDINGS: City(0d,0/0) Farm(29d,8736/8736) SmallHouse(3d,5824/5824) House(22d,19656/19656) 
  OBS: year=0 month=3 season=0 money=92248 credit=50601 people=28 busy=0 free=28 home_places=50 need_workers=0 tax_due=0 main_tax_due=0 tax_amount=6366 main_tax_amount=0 days_alive=10 stage=0 res0=0 res1=0 res2=0 res3=0 res4=0 res5=0 res6=0 res7=0 res8=0 Farm=1 House=1 SmallHouse=1 | nw=1531399.0000
  find_lot FAILED: need_earth=2 no_near_base=0 | bases=4 | total_free=78396 matching=43181 valid=0
  find_lot FAILED: need_earth=3 no_near_base=0 | bases=4 | total_free=78396 matching=43181 valid=0
  find_lot FAILED: need_earth=4 no_near_base=0 | bases=4 | total_free=78396 matching=43181 valid=0
  find_lot FAILED: need_earth=5 no_near_base=0 | bases=4 | total_free=78396 matching=43181 valid=0
  find_lot FAILED: need_earth=6 no_near_base=0 | bases=4 | total_free=78396 matching=43181 valid=0
  find_lot FAILED: need_earth=7 no_near_base=0 | bases=4 | total_free=78396 matching=43181 valid=0
  find_lot FAILED: need_earth=2 no_near_base=0 | bases=4 | total_free=78396 matching=43181 valid=0
  find_lot FAILED: need_earth=2 no_near_base=0 | bases=4 | total_free=78396 matching=43181 valid=0
  find_lot FAILED: need_earth=4 no_near_base=0 | bases=4 | total_free=78396 matching=43181 valid=0
  find_lot FAILED: need_earth=3 no_near_base=0 | bases=4 | total_free=78396 matching=43181 valid=0
  find_lot FAILED: need_earth=3 no_near_base=0 | bases=4 | total_free=78396 matching=43181 valid=0
  ACTION: 40 | money=92248 pop=28 free=28
STEP 11 | MGR:sell | total=-0.955 err=-1.000 tax=0.000 taxb=0.300 build=0.000 cost=0.000 div=0.000 prox=0.000 prov=0.000 preq=0.000 pres=0.000 sale=0.000 mtax=0.000 chain=0.000 daily=0.000 nov=0.000 mile=0.000 surv=-0.001 idle=0.000 gover=0.000 | nw=1.5313e+06 nw_delta=-101.000 pop=28 bases=4 money=92248 credit=50702 day=11 | food=0 water=0 coal=0 home=50 free=28 roads=0
  BUILDINGS: City(0d,0/0) Farm(28d,8736/8736) SmallHouse(2d,5824/5824) House(21d,19656/19656) 
  OBS: year=0 month=3 season=0 money=92248 credit=50702 people=28 busy=0 free=28 home_places=50 need_workers=0 tax_due=0 main_tax_due=0 tax_amount=6366 main_tax_amount=0 days_alive=11 stage=0 res0=0 res1=0 res2=0 res3=0 res4=0 res5=0 res6=0 res7=0 res8=0 Farm=1 House=1 SmallHouse=1 | nw=1531298.0000
  find_lot FAILED: need_earth=2 no_near_base=0 | bases=4 | total_free=78396 matching=43181 valid=0
  find_lot FAILED: need_earth=3 no_near_base=0 | bases=4 | total_free=78396 matching=43181 valid=0
  find_lot FAILED: need_earth=4 no_near_base=0 | bases=4 | total_free=78396 matching=43181 valid=0
  find_lot FAILED: need_earth=5 no_near_base=0 | bases=4 | total_free=78396 matching=43181 valid=0
  find_lot FAILED: need_earth=6 no_near_base=0 | bases=4 | total_free=78396 matching=43181 valid=0
  find_lot FAILED: need_earth=7 no_near_base=0 | bases=4 | total_free=78396 matching=43181 valid=0
  find_lot FAILED: need_earth=2 no_near_base=0 | bases=4 | total_free=78396 matching=43181 valid=0
  find_lot FAILED: need_earth=2 no_near_base=0 | bases=4 | total_free=78396 matching=43181 valid=0
  find_lot FAILED: need_earth=4 no_near_base=0 | bases=4 | total_free=78396 matching=43181 valid=0
  find_lot FAILED: need_earth=3 no_near_base=0 | bases=4 | total_free=78396 matching=43181 valid=0
  find_lot FAILED: need_earth=3 no_near_base=0 | bases=4 | total_free=78396 matching=43181 valid=0
  ACTION: 28 (BUILD:BigRefinary price=3999149 need_earth=6) | money=92248 pop=28 free=28
  find_lot FAILED: need_earth=6 no_near_base=0 | bases=4 | total_free=78396 matching=43181 valid=0
  BUILD FAILED: BigRefinary | has_cell=NO | REASON: find_lot returned null (no suitable cell)
STEP 12 | BUILD:BigRefinary | total=-0.955 err=-1.000 tax=0.000 taxb=0.300 build=0.000 cost=0.000 div=0.000 prox=0.000 prov=0.000 preq=0.000 pres=0.000 sale=0.000 mtax=0.000 chain=0.000 daily=0.000 nov=0.000 mile=0.000 surv=-0.001 idle=0.000 gover=0.000 | nw=1.5312e+06 nw_delta=-101.000 pop=28 bases=4 money=92248 credit=50803 day=12 | food=0 water=0 coal=0 home=50 free=28 roads=0
  BUILDINGS: City(0d,0/0) Farm(27d,8736/8736) SmallHouse(1d,5824/5824) House(20d,19656/19656) 
  OBS: year=0 month=3 season=0 money=92248 credit=50803 people=28 busy=0 free=28 home_places=50 need_workers=0 tax_due=0 main_tax_due=0 tax_amount=6366 main_tax_amount=0 days_alive=12 stage=0 res0=0 res1=0 res2=0 res3=0 res4=0 res5=0 res6=0 res7=0 res8=0 Farm=1 House=1 SmallHouse=1 | nw=1531197.0000
  find_lot FAILED: need_earth=2 no_near_base=0 | bases=4 | total_free=78396 matching=43181 valid=0
  find_lot FAILED: need_earth=3 no_near_base=0 | bases=4 | total_free=78396 matching=43181 valid=0
  find_lot FAILED: need_earth=4 no_near_base=0 | bases=4 | total_free=78396 matching=43181 valid=0
  find_lot FAILED: need_earth=5 no_near_base=0 | bases=4 | total_free=78396 matching=43181 valid=0
  find_lot FAILED: need_earth=6 no_near_base=0 | bases=4 | total_free=78396 matching=43181 valid=0
  find_lot FAILED: need_earth=7 no_near_base=0 | bases=4 | total_free=78396 matching=43181 valid=0
  find_lot FAILED: need_earth=2 no_near_base=0 | bases=4 | total_free=78396 matching=43181 valid=0
  find_lot FAILED: need_earth=2 no_near_base=0 | bases=4 | total_free=78396 matching=43181 valid=0
  find_lot FAILED: need_earth=4 no_near_base=0 | bases=4 | total_free=78396 matching=43181 valid=0
  find_lot FAILED: need_earth=3 no_near_base=0 | bases=4 | total_free=78396 matching=43181 valid=0
  find_lot FAILED: need_earth=3 no_near_base=0 | bases=4 | total_free=78396 matching=43181 valid=0
  ACTION: 2 (BUILD:Farm price=19814 need_earth=10) | money=92248 pop=28 free=28
STEP 13 | BUILD:Farm | total=5.856 err=0.000 tax=0.000 taxb=0.300 build=4.793 cost=-1.981 div=0.000 prox=0.000 prov=0.000 preq=0.000 pres=0.000 sale=0.000 mtax=0.000 chain=0.000 daily=0.000 nov=0.000 mile=3.000 surv=-0.001 idle=0.000 gover=0.000 | nw=1.5311e+06 nw_delta=-101.000 pop=28 bases=5 money=72434 credit=50904 day=13 | food=0 water=0 coal=0 home=50 free=28 roads=0
  BUILDINGS: City(0d,0/0) Farm(26d,8736/8736) SmallHouse(0d,5824/5824) House(19d,19656/19656) Farm(37d,8736/8736) 
  OBS: year=0 month=3 season=0 money=72434 credit=50904 people=28 busy=0 free=28 home_places=50 need_workers=0 tax_due=0 main_tax_due=0 tax_amount=6786 main_tax_amount=0 days_alive=13 stage=0 res0=0 res1=0 res2=0 res3=0 res4=0 res5=0 res6=0 res7=0 res8=0 Farm=2 House=1 SmallHouse=1 | nw=1531096.0000
  find_lot FAILED: need_earth=2 no_near_base=0 | bases=5 | total_free=78395 matching=43180 valid=0
  find_lot FAILED: need_earth=3 no_near_base=0 | bases=5 | total_free=78395 matching=43180 valid=0
  find_lot FAILED: need_earth=4 no_near_base=0 | bases=5 | total_free=78395 matching=43180 valid=0
  find_lot FAILED: need_earth=5 no_near_base=0 | bases=5 | total_free=78395 matching=43180 valid=0
  find_lot FAILED: need_earth=2 no_near_base=0 | bases=5 | total_free=78395 matching=43180 valid=0
  find_lot FAILED: need_earth=4 no_near_base=0 | bases=5 | total_free=78395 matching=43180 valid=0
  find_lot FAILED: need_earth=3 no_near_base=0 | bases=5 | total_free=78395 matching=43180 valid=0
  find_lot FAILED: need_earth=3 no_near_base=0 | bases=5 | total_free=78395 matching=43180 valid=0
  ACTION: 27 (BUILD:WaterMill price=2900197 need_earth=2) | money=72434 pop=28 free=28
  find_lot FAILED: need_earth=2 no_near_base=0 | bases=5 | total_free=78395 matching=43180 valid=0
  BUILD FAILED: WaterMill | has_cell=NO | REASON: find_lot returned null (no suitable cell)
STEP 14 | BUILD:WaterMill | total=-0.958 err=-1.000 tax=0.000 taxb=0.300 build=0.000 cost=0.000 div=0.000 prox=0.000 prov=0.000 preq=0.000 pres=0.000 sale=0.000 mtax=0.000 chain=0.000 daily=0.000 nov=0.000 mile=0.000 surv=-0.003 idle=0.000 gover=0.000 | nw=1.53099e+06 nw_delta=-103.279 pop=28 bases=5 money=72434 credit=51005 day=14 | food=0 water=0 coal=0 home=50 free=28 roads=0
  BUILDINGS: City(0d,0/0) Farm(25d,8736/8736) SmallHouse(0d,5821/5824) House(18d,19656/19656) Farm(36d,8736/8736) 
  OBS: year=0 month=3 season=0 money=72434 credit=51005 people=28 busy=0 free=28 home_places=50 need_workers=0 tax_due=0 main_tax_due=0 tax_amount=6786 main_tax_amount=0 days_alive=14 stage=0 res0=0 res1=0 res2=0 res3=0 res4=0 res5=0 res6=0 res7=0 res8=0 Farm=2 House=1 SmallHouse=1 | nw=1530992.7206
  find_lot FAILED: need_earth=2 no_near_base=0 | bases=5 | total_free=78395 matching=43180 valid=0
  find_lot FAILED: need_earth=3 no_near_base=0 | bases=5 | total_free=78395 matching=43180 valid=0
  find_lot FAILED: need_earth=4 no_near_base=0 | bases=5 | total_free=78395 matching=43180 valid=0
  find_lot FAILED: need_earth=5 no_near_base=0 | bases=5 | total_free=78395 matching=43180 valid=0
  find_lot FAILED: need_earth=2 no_near_base=0 | bases=5 | total_free=78395 matching=43180 valid=0
  find_lot FAILED: need_earth=4 no_near_base=0 | bases=5 | total_free=78395 matching=43180 valid=0
  find_lot FAILED: need_earth=3 no_near_base=0 | bases=5 | total_free=78395 matching=43180 valid=0
  find_lot FAILED: need_earth=3 no_near_base=0 | bases=5 | total_free=78395 matching=43180 valid=0
  ACTION: 41 | money=72434 pop=28 free=28
STEP 15 | MGR:buy_food | total=-0.359 err=0.000 tax=0.000 taxb=0.300 build=0.000 cost=0.000 div=0.000 prox=0.000 prov=0.000 preq=0.000 pres=0.000 sale=0.000 mtax=0.000 chain=0.000 daily=0.000 nov=0.000 mile=0.000 surv=-0.404 idle=0.000 gover=0.000 | nw=1.53049e+06 nw_delta=-503.520 pop=28 bases=5 money=71634 credit=51107 day=15 | food=400 water=0 coal=0 home=50 free=28 roads=0
  BUILDINGS: City(0d,0/0) Farm(24d,8736/8736) SmallHouse(0d,5819/5824) House(17d,19656/19656) Farm(35d,8736/8736) 
  OBS: year=0 month=3 season=0 money=71634 credit=51107 people=28 busy=0 free=28 home_places=50 need_workers=0 tax_due=0 main_tax_due=0 tax_amount=6794 main_tax_amount=0 days_alive=15 stage=0 res0=0 res1=400 res2=0 res3=0 res4=0 res5=0 res6=0 res7=0 res8=0 Farm=2 House=1 SmallHouse=1 | nw=1530489.2011
  find_lot FAILED: need_earth=2 no_near_base=0 | bases=5 | total_free=78395 matching=43180 valid=0
  find_lot FAILED: need_earth=3 no_near_base=0 | bases=5 | total_free=78395 matching=43180 valid=0
  find_lot FAILED: need_earth=4 no_near_base=0 | bases=5 | total_free=78395 matching=43180 valid=0
  find_lot FAILED: need_earth=5 no_near_base=0 | bases=5 | total_free=78395 matching=43180 valid=0
  find_lot FAILED: need_earth=2 no_near_base=0 | bases=5 | total_free=78395 matching=43180 valid=0
  find_lot FAILED: need_earth=4 no_near_base=0 | bases=5 | total_free=78395 matching=43180 valid=0
  find_lot FAILED: need_earth=3 no_near_base=0 | bases=5 | total_free=78395 matching=43180 valid=0
  find_lot FAILED: need_earth=3 no_near_base=0 | bases=5 | total_free=78395 matching=43180 valid=0
  ACTION: 33 (BUILD:AtomStation price=120000000 need_earth=2) | money=71634 pop=28 free=28
  find_lot FAILED: need_earth=2 no_near_base=0 | bases=5 | total_free=78395 matching=43180 valid=0
  BUILD FAILED: AtomStation | has_cell=NO | REASON: find_lot returned null (no suitable cell)
STEP 16 | BUILD:AtomStation | total=-0.960 err=-1.000 tax=0.000 taxb=0.300 build=0.000 cost=0.000 div=0.000 prox=0.000 prov=0.000 preq=0.000 pres=0.000 sale=0.000 mtax=0.000 chain=0.000 daily=0.000 nov=0.000 mile=0.000 surv=-0.004 idle=0.000 gover=0.000 | nw=1.53038e+06 nw_delta=-104.279 pop=28 bases=5 money=71634 credit=51209 day=16 | food=400 water=0 coal=0 home=50 free=28 roads=0
  BUILDINGS: City(0d,0/0) Farm(23d,8736/8736) SmallHouse(0d,5816/5824) House(16d,19656/19656) Farm(34d,8736/8736) 
  OBS: year=0 month=3 season=0 money=71634 credit=51209 people=28 busy=0 free=28 home_places=50 need_workers=0 tax_due=0 main_tax_due=0 tax_amount=6794 main_tax_amount=0 days_alive=16 stage=0 res0=0 res1=400 res2=0 res3=0 res4=0 res5=0 res6=0 res7=0 res8=0 Farm=2 House=1 SmallHouse=1 | nw=1530384.9217
  find_lot FAILED: need_earth=2 no_near_base=0 | bases=5 | total_free=78395 matching=43180 valid=0
  find_lot FAILED: need_earth=3 no_near_base=0 | bases=5 | total_free=78395 matching=43180 valid=0
  find_lot FAILED: need_earth=4 no_near_base=0 | bases=5 | total_free=78395 matching=43180 valid=0
  find_lot FAILED: need_earth=5 no_near_base=0 | bases=5 | total_free=78395 matching=43180 valid=0
  find_lot FAILED: need_earth=2 no_near_base=0 | bases=5 | total_free=78395 matching=43180 valid=0
  find_lot FAILED: need_earth=4 no_near_base=0 | bases=5 | total_free=78395 matching=43180 valid=0
  find_lot FAILED: need_earth=3 no_near_base=0 | bases=5 | total_free=78395 matching=43180 valid=0
  find_lot FAILED: need_earth=3 no_near_base=0 | bases=5 | total_free=78395 matching=43180 valid=0
  ACTION: 29 (BUILD:Puerperal price=37105 need_earth=10) | money=71634 pop=28 free=28
STEP 17 | BUILD:Puerperal | total=5.829 err=0.000 tax=0.000 taxb=0.300 build=1.500 cost=-3.711 div=8.000 prox=0.000 prov=0.000 preq=0.000 pres=0.000 sale=0.000 mtax=0.000 chain=0.000 daily=0.000 nov=0.000 mile=0.000 surv=-0.004 idle=0.000 gover=0.000 | nw=1.53028e+06 nw_delta=-103.520 pop=28 bases=6 money=34529 credit=51311 day=17 | food=400 water=0 coal=0 home=50 free=28 roads=0
  BUILDINGS: City(0d,0/0) Farm(22d,8736/8736) SmallHouse(0d,5814/5824) House(15d,19656/19656) Farm(33d,8736/8736) Puerperal(45d,7280/7280) 
  OBS: year=0 month=3 season=0 money=34529 credit=51311 people=28 busy=0 free=28 home_places=50 need_workers=0 tax_due=0 main_tax_due=0 tax_amount=7214 main_tax_amount=0 days_alive=17 stage=0 res0=0 res1=400 res2=0 res3=0 res4=0 res5=0 res6=0 res7=0 res8=0 Farm=2 House=1 SmallHouse=1 Puerperal=1 | nw=1530281.4021
  find_lot FAILED: need_earth=2 no_near_base=0 | bases=6 | total_free=78394 matching=43179 valid=0
  find_lot FAILED: need_earth=3 no_near_base=0 | bases=6 | total_free=78394 matching=43179 valid=0
  find_lot FAILED: need_earth=4 no_near_base=0 | bases=6 | total_free=78394 matching=43179 valid=0
  find_lot FAILED: need_earth=5 no_near_base=0 | bases=6 | total_free=78394 matching=43179 valid=0
  find_lot FAILED: need_earth=2 no_near_base=0 | bases=6 | total_free=78394 matching=43179 valid=0
  find_lot FAILED: need_earth=3 no_near_base=0 | bases=6 | total_free=78394 matching=43179 valid=0
  find_lot FAILED: need_earth=3 no_near_base=0 | bases=6 | total_free=78394 matching=43179 valid=0
  ACTION: 10 (BUILD:PowerStation price=92433 need_earth=10) | money=34529 pop=28 free=28
  BUILD FAILED: PowerStation | has_cell=yes | REASON: Недостаточно денег. | cell=(141,141) | money=34529 price=92433 | pop=28 need_workers=5
STEP 18 | BUILD:PowerStation | total=-0.961 err=-1.000 tax=0.000 taxb=0.300 build=0.000 cost=0.000 div=0.000 prox=0.000 prov=0.000 preq=0.000 pres=0.000 sale=0.000 mtax=0.000 chain=0.000 daily=0.000 nov=0.000 mile=0.000 surv=-0.004 idle=0.000 gover=0.000 | nw=1.53018e+06 nw_delta=-103.520 pop=28 bases=6 money=34529 credit=51413 day=18 | food=400 water=0 coal=0 home=50 free=28 roads=0
  BUILDINGS: City(0d,0/0) Farm(21d,8736/8736) SmallHouse(0d,5812/5824) House(14d,19656/19656) Farm(32d,8736/8736) Puerperal(44d,7280/7280) 
  OBS: year=0 month=3 season=0 money=34529 credit=51413 people=28 busy=0 free=28 home_places=50 need_workers=0 tax_due=0 main_tax_due=0 tax_amount=7214 main_tax_amount=0 days_alive=18 stage=0 res0=0 res1=400 res2=0 res3=0 res4=0 res5=0 res6=0 res7=0 res8=0 Farm=2 House=1 SmallHouse=1 Puerperal=1 | nw=1530177.8826
  find_lot FAILED: need_earth=2 no_near_base=0 | bases=6 | total_free=78394 matching=43179 valid=0
  find_lot FAILED: need_earth=3 no_near_base=0 | bases=6 | total_free=78394 matching=43179 valid=0
  find_lot FAILED: need_earth=4 no_near_base=0 | bases=6 | total_free=78394 matching=43179 valid=0
  find_lot FAILED: need_earth=5 no_near_base=0 | bases=6 | total_free=78394 matching=43179 valid=0
  find_lot FAILED: need_earth=2 no_near_base=0 | bases=6 | total_free=78394 matching=43179 valid=0
  find_lot FAILED: need_earth=3 no_near_base=0 | bases=6 | total_free=78394 matching=43179 valid=0
  find_lot FAILED: need_earth=3 no_near_base=0 | bases=6 | total_free=78394 matching=43179 valid=0
  ACTION: 24 (BUILD:Hothouse price=16590 need_earth=10) | money=34529 pop=28 free=28
STEP 19 | BUILD:Hothouse | total=11.368 err=0.000 tax=0.000 taxb=0.300 build=4.988 cost=-1.659 div=8.000 prox=0.000 prov=0.000 preq=0.000 pres=0.000 sale=0.000 mtax=0.000 chain=0.000 daily=0.000 nov=0.000 mile=0.000 surv=-0.004 idle=0.000 gover=0.000 | nw=1.53007e+06 nw_delta=-103.520 pop=28 bases=7 money=17939 credit=51515 day=19 | food=400 water=0 coal=0 home=50 free=28 roads=0
  BUILDINGS: City(0d,0/0) Farm(20d,8736/8736) SmallHouse(0d,5810/5824) House(13d,19656/19656) Farm(31d,8736/8736) Puerperal(43d,7280/7280) Hothouse(29d,6552/6552) 
  OBS: year=0 month=3 season=0 money=17939 credit=51515 people=28 busy=0 free=28 home_places=50 need_workers=0 tax_due=0 main_tax_due=0 tax_amount=7634 main_tax_amount=0 days_alive=19 stage=0 res0=0 res1=400 res2=0 res3=0 res4=0 res5=0 res6=0 res7=0 res8=0 Farm=2 House=1 SmallHouse=1 Hothouse=1 Puerperal=1 | nw=1530074.3630
  find_lot FAILED: need_earth=3 no_near_base=0 | bases=7 | total_free=78393 matching=43178 valid=0
  find_lot FAILED: need_earth=3 no_near_base=0 | bases=7 | total_free=78393 matching=43178 valid=0
  find_lot FAILED: need_earth=3 no_near_base=0 | bases=7 | total_free=78393 matching=43178 valid=0
  ACTION: 29 (BUILD:Puerperal price=37105 need_earth=10) | money=17939 pop=28 free=28
  BUILD FAILED: Puerperal | has_cell=yes | REASON: Недостаточно денег. | cell=(141,139) | money=17939 price=37105 | pop=28 need_workers=3
STEP 20 | BUILD:Puerperal | total=-0.963 err=-1.000 tax=0.000 taxb=0.300 build=0.000 cost=0.000 div=0.000 prox=0.000 prov=0.000 preq=0.000 pres=0.000 sale=0.000 mtax=0.000 chain=0.000 daily=0.000 nov=0.000 mile=0.000 surv=-0.005 idle=0.000 gover=0.000 | nw=1.52997e+06 nw_delta=-104.520 pop=28 bases=7 money=17939 credit=51618 day=20 | food=400 water=0 coal=0 home=50 free=28 roads=0
  BUILDINGS: City(0d,0/0) Farm(19d,8736/8736) SmallHouse(0d,5808/5824) House(12d,19656/19656) Farm(30d,8736/8736) Puerperal(42d,7280/7280) Hothouse(28d,6552/6552) 
  OBS: year=0 month=3 season=0 money=17939 credit=51618 people=28 busy=0 free=28 home_places=50 need_workers=0 tax_due=0 main_tax_due=0 tax_amount=7634 main_tax_amount=0 days_alive=20 stage=0 res0=0 res1=400 res2=0 res3=0 res4=0 res5=0 res6=0 res7=0 res8=0 Farm=2 House=1 SmallHouse=1 Hothouse=1 Puerperal=1 | nw=1529969.8434
  find_lot FAILED: need_earth=3 no_near_base=0 | bases=7 | total_free=78393 matching=43178 valid=0
  find_lot FAILED: need_earth=3 no_near_base=0 | bases=7 | total_free=78393 matching=43178 valid=0
  find_lot FAILED: need_earth=3 no_near_base=0 | bases=7 | total_free=78393 matching=43178 valid=0
