=== Step log started ===
  ACTION: 12 (BUILD:Road price=400 need_earth=10) | money=82000 pop=28 free=28
STEP 1 | BUILD:Road | total=1.860 err=0.000 tax=0.000 taxb=0.300 build=1.500 cost=-0.040 div=0.000 prox=0.000 prov=0.000 preq=0.000 pres=0.000 sale=0.000 mtax=0.000 chain=0.000 daily=0.000 nov=0.000 mile=0.000 surv=0.100 idle=0.000 gover=0.000 | nw=1.532e+06 nw_delta=0.000 pop=28 bases=2 money=81600 credit=0 day=1 | food=0 water=0 coal=0 home=50 free=28 roads=1
  BUILDINGS: City(0d,0/0) Road(6d,0/0) 
  OBS: year=0 month=3 season=0 money=81600 credit=0 people=28 busy=0 free=28 home_places=50 need_workers=0 tax_due=0 main_tax_due=0 tax_amount=5106 main_tax_amount=0 days_alive=1 stage=0 res0=0 res1=0 res2=0 res3=0 res4=0 res5=0 res6=0 res7=0 res8=0 Road=1 | nw=1532000.0000
  ACTION: 0 (DAY) | money=81600 pop=28 free=28
STEP 2 | DAY | total=0.400 err=0.000 tax=0.000 taxb=0.300 build=0.000 cost=0.000 div=0.000 prox=0.000 prov=0.000 preq=0.000 pres=0.000 sale=0.000 mtax=0.000 chain=0.000 daily=0.000 nov=0.000 mile=0.000 surv=0.100 idle=0.000 gover=0.000 | nw=1.532e+06 nw_delta=0.000 pop=28 bases=2 money=81600 credit=0 day=2 | food=0 water=0 coal=0 home=50 free=28 roads=1
  BUILDINGS: City(0d,0/0) Road(5d,0/0) 
  OBS: year=0 month=3 season=0 money=81600 credit=0 people=28 busy=0 free=28 home_places=50 need_workers=0 tax_due=0 main_tax_due=0 tax_amount=5106 main_tax_amount=0 days_alive=2 stage=0 res0=0 res1=0 res2=0 res3=0 res4=0 res5=0 res6=0 res7=0 res8=0 Road=1 | nw=1532000.0000
  ACTION: 42 | money=81600 pop=28 free=28
STEP 3 | MGR:credit_take | total=-10.351 err=0.000 tax=0.000 taxb=0.300 build=0.000 cost=0.000 div=0.000 prox=0.000 prov=0.000 preq=0.000 pres=0.000 sale=0.000 mtax=0.000 chain=0.000 daily=0.000 nov=0.000 mile=0.000 surv=-0.400 idle=-10.000 gover=0.000 | nw=1.5319e+06 nw_delta=-100.000 pop=28 bases=2 money=131600 credit=50100 day=3 | food=0 water=0 coal=0 home=50 free=28 roads=1
  BUILDINGS: City(0d,0/0) Road(4d,0/0) 
  OBS: year=0 month=3 season=0 money=131600 credit=50100 people=28 busy=0 free=28 home_places=50 need_workers=0 tax_due=0 main_tax_due=0 tax_amount=5106 main_tax_amount=0 days_alive=3 stage=0 res0=0 res1=0 res2=0 res3=0 res4=0 res5=0 res6=0 res7=0 res8=0 Road=1 | nw=1531900.0000
  ACTION: 4 (BUILD:WaterChannel price=18310 need_earth=2) | money=131600 pop=28 free=28
  BUILD FAILED: WaterChannel (no cell or error)
STEP 4 | BUILD:WaterChannel | total=-1.351 err=-1.000 tax=0.000 taxb=0.300 build=0.000 cost=0.000 div=0.000 prox=0.000 prov=0.000 preq=0.000 pres=0.000 sale=0.000 mtax=0.000 chain=0.000 daily=0.000 nov=0.000 mile=0.000 surv=-0.400 idle=0.000 gover=0.000 | nw=1.5318e+06 nw_delta=-100.000 pop=28 bases=2 money=131600 credit=50200 day=4 | food=0 water=0 coal=0 home=50 free=28 roads=1
  BUILDINGS: City(0d,0/0) Road(3d,0/0) 
  OBS: year=0 month=3 season=0 money=131600 credit=50200 people=28 busy=0 free=28 home_places=50 need_workers=0 tax_due=0 main_tax_due=0 tax_amount=5106 main_tax_amount=0 days_alive=4 stage=0 res0=0 res1=0 res2=0 res3=0 res4=0 res5=0 res6=0 res7=0 res8=0 Road=1 | nw=1531800.0000
  ACTION: 35 | money=131600 pop=28 free=28
STEP 5 | MGR:repair | total=-1.351 err=-1.000 tax=0.000 taxb=0.300 build=0.000 cost=0.000 div=0.000 prox=0.000 prov=0.000 preq=0.000 pres=0.000 sale=0.000 mtax=0.000 chain=0.000 daily=0.000 nov=0.000 mile=0.000 surv=-0.400 idle=0.000 gover=0.000 | nw=1.5317e+06 nw_delta=-100.000 pop=28 bases=2 money=131600 credit=50300 day=5 | food=0 water=0 coal=0 home=50 free=28 roads=1
  BUILDINGS: City(0d,0/0) Road(2d,0/0) 
  OBS: year=0 month=3 season=0 money=131600 credit=50300 people=28 busy=0 free=28 home_places=50 need_workers=0 tax_due=0 main_tax_due=0 tax_amount=5106 main_tax_amount=0 days_alive=5 stage=0 res0=0 res1=0 res2=0 res3=0 res4=0 res5=0 res6=0 res7=0 res8=0 Road=1 | nw=1531700.0000
  ACTION: 42 | money=131600 pop=28 free=28
STEP 6 | MGR:credit_take | total=-11.102 err=0.000 tax=0.000 taxb=0.300 build=0.000 cost=0.000 div=0.000 prox=0.000 prov=0.000 preq=0.000 pres=0.000 sale=0.000 mtax=0.000 chain=0.000 daily=0.000 nov=0.000 mile=0.000 surv=-0.900 idle=-10.000 gover=0.000 | nw=1.5315e+06 nw_delta=-200.000 pop=28 bases=2 money=181600 credit=100500 day=6 | food=0 water=0 coal=0 home=50 free=28 roads=1
  BUILDINGS: City(0d,0/0) Road(1d,0/0) 
  OBS: year=0 month=3 season=0 money=181600 credit=100500 people=28 busy=0 free=28 home_places=50 need_workers=0 tax_due=0 main_tax_due=0 tax_amount=5106 main_tax_amount=0 days_alive=6 stage=0 res0=0 res1=0 res2=0 res3=0 res4=0 res5=0 res6=0 res7=0 res8=0 Road=1 | nw=1531500.0000
  ACTION: 34 | money=181600 pop=28 free=28
STEP 7 | MGR:improve | total=-166.094 err=0.000 tax=0.000 taxb=0.300 build=0.000 cost=0.000 div=0.000 prox=0.000 prov=0.000 preq=0.000 pres=0.000 sale=0.000 mtax=0.000 chain=0.000 daily=0.000 nov=0.000 mile=0.000 surv=-165.890 idle=0.000 gover=0.000 | nw=1.4983e+06 nw_delta=-33198.000 pop=28 bases=2 money=148603 credit=100701 day=7 | food=0 water=0 coal=0 home=50 free=28 roads=1
  BUILDINGS: City(0d,0/0) Road(0d,0/0) 
  OBS: year=0 month=3 season=0 money=148603 credit=100701 people=28 busy=0 free=28 home_places=50 need_workers=0 tax_due=0 main_tax_due=0 tax_amount=5106 main_tax_amount=0 days_alive=7 stage=0 res0=0 res1=0 res2=0 res3=0 res4=0 res5=0 res6=0 res7=0 res8=0 Road=1 | nw=1498302.0000
  ACTION: 10 (BUILD:PowerStation price=92433 need_earth=10) | money=148603 pop=28 free=28
STEP 8 | BUILD:PowerStation | total=7.356 err=0.000 tax=0.000 taxb=0.300 build=8.508 cost=-9.243 div=8.000 prox=0.000 prov=0.000 preq=1.200 pres=0.000 sale=0.000 mtax=0.000 chain=0.000 daily=0.000 nov=0.000 mile=0.000 surv=-0.905 idle=0.000 gover=0.000 | nw=1.4981e+06 nw_delta=-201.000 pop=28 bases=3 money=56170 credit=100902 day=8 | food=0 water=0 coal=0 home=50 free=28 roads=1
  BUILDINGS: City(0d,0/0) Road(0d,0/0) PowerStation(63d,17472/17472) 
  OBS: year=0 month=3 season=0 money=56170 credit=100902 people=28 busy=0 free=28 home_places=50 need_workers=0 tax_due=0 main_tax_due=0 tax_amount=5526 main_tax_amount=0 days_alive=8 stage=0 res0=0 res1=0 res2=0 res3=0 res4=0 res5=0 res6=0 res7=0 res8=0 PowerStation=1 Road=1 | nw=1498101.0000
  ACTION: 20 (BUILD:BigHouse price=66400 need_earth=1) | money=56170 pop=28 free=28
  BUILD FAILED: BigHouse (no cell or error)
STEP 9 | BUILD:BigHouse | total=-2.111 err=-1.000 tax=0.000 taxb=0.300 build=0.000 cost=0.000 div=0.000 prox=0.000 prov=0.000 preq=0.000 pres=0.000 sale=0.000 mtax=0.000 chain=0.000 daily=0.000 nov=0.000 mile=0.000 surv=-0.905 idle=0.000 gover=0.000 | nw=1.4979e+06 nw_delta=-201.000 pop=28 bases=3 money=56170 credit=101103 day=9 | food=0 water=0 coal=0 home=50 free=28 roads=1
  BUILDINGS: City(0d,0/0) Road(0d,0/0) PowerStation(61d,17472/17472) 
  OBS: year=0 month=3 season=0 money=56170 credit=101103 people=28 busy=0 free=28 home_places=50 need_workers=0 tax_due=0 main_tax_due=0 tax_amount=5526 main_tax_amount=0 days_alive=9 stage=0 res0=0 res1=0 res2=0 res3=0 res4=0 res5=0 res6=0 res7=0 res8=0 PowerStation=1 Road=1 | nw=1497900.0000
  ACTION: 3 (BUILD:Garden price=7640 need_earth=10) | money=56170 pop=28 free=28
STEP 10 | BUILD:Garden | total=9.722 err=0.000 tax=0.000 taxb=0.300 build=3.602 cost=-0.764 div=8.000 prox=0.000 prov=0.000 preq=0.000 pres=0.000 sale=0.000 mtax=0.000 chain=0.000 daily=0.000 nov=0.000 mile=0.000 surv=-0.910 idle=0.000 gover=0.000 | nw=1.4977e+06 nw_delta=-202.000 pop=28 bases=4 money=48530 credit=101305 day=10 | food=0 water=0 coal=0 home=50 free=28 roads=1
  BUILDINGS: City(0d,0/0) Road(0d,0/0) PowerStation(59d,17472/17472) Garden(19d,13104/13104) 
  OBS: year=0 month=3 season=0 money=48530 credit=101305 people=28 busy=0 free=28 home_places=50 need_workers=0 tax_due=0 main_tax_due=0 tax_amount=5946 main_tax_amount=0 days_alive=10 stage=0 res0=0 res1=0 res2=0 res3=0 res4=0 res5=0 res6=0 res7=0 res8=0 Garden=1 PowerStation=1 Road=1 | nw=1497698.0000
  ACTION: 12 (BUILD:Road price=400 need_earth=10) | money=48530 pop=28 free=28
STEP 11 | BUILD:Road | total=3.342 err=0.000 tax=0.000 taxb=0.300 build=1.500 cost=-0.040 div=0.000 prox=0.000 prov=0.000 preq=0.000 pres=0.000 sale=0.000 mtax=0.000 chain=0.000 daily=0.000 nov=0.000 mile=3.000 surv=-0.910 idle=0.000 gover=0.000 | nw=1.4975e+06 nw_delta=-202.000 pop=28 bases=5 money=48130 credit=101507 day=11 | food=0 water=0 coal=0 home=50 free=28 roads=2
  BUILDINGS: City(0d,0/0) Road(0d,0/0) PowerStation(57d,17472/17472) Garden(18d,13104/13104) Road(6d,0/0) 
  OBS: year=0 month=3 season=0 money=48130 credit=101507 people=28 busy=0 free=28 home_places=50 need_workers=0 tax_due=0 main_tax_due=0 tax_amount=5946 main_tax_amount=0 days_alive=11 stage=0 res0=0 res1=0 res2=0 res3=0 res4=0 res5=0 res6=0 res7=0 res8=0 Garden=1 PowerStation=1 Road=2 | nw=1497496.0000
  ACTION: 0 (DAY) | money=48130 pop=28 free=28
STEP 12 | DAY | total=-1.124 err=0.000 tax=0.000 taxb=0.300 build=0.000 cost=0.000 div=0.000 prox=0.000 prov=0.000 preq=0.000 pres=0.000 sale=0.000 mtax=0.000 chain=0.000 daily=0.000 nov=0.000 mile=0.000 surv=-0.915 idle=0.000 gover=0.000 | nw=1.49729e+06 nw_delta=-203.000 pop=28 bases=5 money=48130 credit=101710 day=12 | food=0 water=0 coal=0 home=50 free=28 roads=2
  BUILDINGS: City(0d,0/0) Road(0d,0/0) PowerStation(55d,17472/17472) Garden(17d,13104/13104) Road(5d,0/0) 
  OBS: year=0 month=3 season=0 money=48130 credit=101710 people=28 busy=0 free=28 home_places=50 need_workers=0 tax_due=0 main_tax_due=0 tax_amount=5946 main_tax_amount=0 days_alive=12 stage=0 res0=0 res1=0 res2=0 res3=0 res4=0 res5=0 res6=0 res7=0 res8=0 Garden=1 PowerStation=1 Road=2 | nw=1497293.0000
  ACTION: 43 | money=48130 pop=28 free=28
STEP 13 | MGR:credit_give | total=-12.125 err=-1.000 tax=0.000 taxb=0.300 build=0.000 cost=0.000 div=0.000 prox=0.000 prov=0.000 preq=0.000 pres=0.000 sale=0.000 mtax=0.000 chain=0.000 daily=0.000 nov=0.000 mile=0.000 surv=-0.915 idle=-10.000 gover=0.000 | nw=1.49709e+06 nw_delta=-203.000 pop=28 bases=5 money=48130 credit=101913 day=13 | food=0 water=0 coal=0 home=50 free=28 roads=2
  BUILDINGS: City(0d,0/0) Road(0d,0/0) PowerStation(53d,17472/17472) Garden(16d,13104/13104) Road(4d,0/0) 
  OBS: year=0 month=3 season=0 money=48130 credit=101913 people=28 busy=0 free=28 home_places=50 need_workers=0 tax_due=0 main_tax_due=0 tax_amount=5946 main_tax_amount=0 days_alive=13 stage=0 res0=0 res1=0 res2=0 res3=0 res4=0 res5=0 res6=0 res7=0 res8=0 Garden=1 PowerStation=1 Road=2 | nw=1497090.0000
  ACTION: 44 | money=48130 pop=28 free=28
STEP 14 | MGR:manual_tax | total=-0.626 err=0.000 tax=0.000 taxb=0.300 build=0.000 cost=0.000 div=0.000 prox=0.000 prov=0.000 preq=0.000 pres=0.000 sale=0.000 mtax=0.500 chain=0.000 daily=0.000 nov=0.000 mile=0.000 surv=-0.915 idle=0.000 gover=0.000 | nw=1.49689e+06 nw_delta=-203.000 pop=28 bases=5 money=48130 credit=102116 day=14 | food=0 water=0 coal=0 home=50 free=28 roads=2
  BUILDINGS: City(0d,0/0) Road(0d,0/0) PowerStation(51d,17472/17472) Garden(15d,13104/13104) Road(3d,0/0) 
  OBS: year=0 month=3 season=0 money=48130 credit=102116 people=28 busy=0 free=28 home_places=50 need_workers=0 tax_due=0 main_tax_due=0 tax_amount=5946 main_tax_amount=0 days_alive=14 stage=0 res0=0 res1=0 res2=0 res3=0 res4=0 res5=0 res6=0 res7=0 res8=0 Garden=1 PowerStation=1 Road=2 | nw=1496887.0000
  ACTION: 34 | money=48130 pop=28 free=28
STEP 15 | MGR:improve | total=-166.117 err=0.000 tax=0.000 taxb=0.300 build=0.000 cost=0.000 div=0.000 prox=0.000 prov=0.000 preq=0.000 pres=0.000 sale=0.000 mtax=0.000 chain=0.000 daily=0.000 nov=0.000 mile=0.000 surv=-165.905 idle=0.000 gover=0.000 | nw=1.46369e+06 nw_delta=-33201.000 pop=28 bases=5 money=15133 credit=102320 day=15 | food=0 water=0 coal=0 home=50 free=28 roads=2
  BUILDINGS: City(0d,0/0) Road(0d,0/0) PowerStation(49d,17472/17472) Garden(14d,13104/13104) Road(2d,0/0) 
  OBS: year=0 month=3 season=0 money=15133 credit=102320 people=28 busy=0 free=28 home_places=50 need_workers=0 tax_due=0 main_tax_due=0 tax_amount=5946 main_tax_amount=0 days_alive=15 stage=0 res0=0 res1=0 res2=0 res3=0 res4=0 res5=0 res6=0 res7=0 res8=0 Garden=1 PowerStation=1 Road=2 | nw=1463686.0000
  ACTION: 36 | money=15133 pop=28 free=28
STEP 16 | MGR:restore_all | total=-12.133 err=-1.000 tax=0.000 taxb=0.300 build=0.000 cost=0.000 div=0.000 prox=0.000 prov=0.000 preq=0.000 pres=0.000 sale=0.000 mtax=0.000 chain=0.000 daily=0.000 nov=0.000 mile=0.000 surv=-0.920 idle=-10.000 gover=0.000 | nw=1.46348e+06 nw_delta=-204.000 pop=28 bases=5 money=15133 credit=102524 day=16 | food=0 water=0 coal=0 home=50 free=28 roads=2
  BUILDINGS: City(0d,0/0) Road(0d,0/0) PowerStation(47d,17472/17472) Garden(13d,13104/13104) Road(1d,0/0) 
  OBS: year=0 month=3 season=0 money=15133 credit=102524 people=28 busy=0 free=28 home_places=50 need_workers=0 tax_due=0 main_tax_due=0 tax_amount=5946 main_tax_amount=0 days_alive=16 stage=0 res0=0 res1=0 res2=0 res3=0 res4=0 res5=0 res6=0 res7=0 res8=0 Garden=1 PowerStation=1 Road=2 | nw=1463482.0000
  ACTION: 28 (BUILD:BigRefinary price=3999149 need_earth=6) | money=15133 pop=28 free=28
  BUILD FAILED: BigRefinary (no cell or error)
STEP 17 | BUILD:BigRefinary | total=-2.139 err=-1.000 tax=0.000 taxb=0.300 build=0.000 cost=0.000 div=0.000 prox=0.000 prov=0.000 preq=0.000 pres=0.000 sale=0.000 mtax=0.000 chain=0.000 daily=0.000 nov=0.000 mile=0.000 surv=-0.925 idle=0.000 gover=0.000 | nw=1.46328e+06 nw_delta=-205.000 pop=28 bases=5 money=15133 credit=102729 day=17 | food=0 water=0 coal=0 home=50 free=28 roads=2
  BUILDINGS: City(0d,0/0) Road(0d,0/0) PowerStation(45d,17472/17472) Garden(12d,13104/13104) Road(0d,0/0) 
  OBS: year=0 month=3 season=0 money=15133 credit=102729 people=28 busy=0 free=28 home_places=50 need_workers=0 tax_due=0 main_tax_due=0 tax_amount=5946 main_tax_amount=0 days_alive=17 stage=0 res0=0 res1=0 res2=0 res3=0 res4=0 res5=0 res6=0 res7=0 res8=0 Garden=1 PowerStation=1 Road=2 | nw=1463277.0000
  ACTION: 33 (BUILD:AtomStation price=120000000 need_earth=2) | money=15133 pop=28 free=28
  BUILD FAILED: AtomStation (no cell or error)
STEP 18 | BUILD:AtomStation | total=-2.140 err=-1.000 tax=0.000 taxb=0.300 build=0.000 cost=0.000 div=0.000 prox=0.000 prov=0.000 preq=0.000 pres=0.000 sale=0.000 mtax=0.000 chain=0.000 daily=0.000 nov=0.000 mile=0.000 surv=-0.925 idle=0.000 gover=0.000 | nw=1.46307e+06 nw_delta=-205.000 pop=28 bases=5 money=15133 credit=102934 day=18 | food=0 water=0 coal=0 home=50 free=28 roads=2
  BUILDINGS: City(0d,0/0) Road(0d,0/0) PowerStation(43d,17472/17472) Garden(11d,13104/13104) Road(0d,0/0) 
  OBS: year=0 month=3 season=0 money=15133 credit=102934 people=28 busy=0 free=28 home_places=50 need_workers=0 tax_due=0 main_tax_due=0 tax_amount=5946 main_tax_amount=0 days_alive=18 stage=0 res0=0 res1=0 res2=0 res3=0 res4=0 res5=0 res6=0 res7=0 res8=0 Garden=1 PowerStation=1 Road=2 | nw=1463072.0000
  ACTION: 25 (BUILD:SuperHouse price=971000 need_earth=1) | money=15133 pop=28 free=28
  BUILD FAILED: SuperHouse (no cell or error)
STEP 19 | BUILD:SuperHouse | total=-12.141 err=-1.000 tax=0.000 taxb=0.300 build=0.000 cost=0.000 div=0.000 prox=0.000 prov=0.000 preq=0.000 pres=0.000 sale=0.000 mtax=0.000 chain=0.000 daily=0.000 nov=0.000 mile=0.000 surv=-0.925 idle=-10.000 gover=0.000 | nw=1.46287e+06 nw_delta=-205.000 pop=28 bases=5 money=15133 credit=103139 day=19 | food=0 water=0 coal=0 home=50 free=28 roads=2
  BUILDINGS: City(0d,0/0) Road(0d,0/0) PowerStation(41d,17472/17472) Garden(10d,13104/13104) Road(0d,0/0) 
  OBS: year=0 month=3 season=0 money=15133 credit=103139 people=28 busy=0 free=28 home_places=50 need_workers=0 tax_due=0 main_tax_due=0 tax_amount=5946 main_tax_amount=0 days_alive=19 stage=0 res0=0 res1=0 res2=0 res3=0 res4=0 res5=0 res6=0 res7=0 res8=0 Garden=1 PowerStation=1 Road=2 | nw=1462867.0000
  ACTION: 16 (BUILD:CoalCut price=48300 need_earth=4) | money=15133 pop=28 free=28
  BUILD FAILED: CoalCut (no cell or error)
STEP 20 | BUILD:CoalCut | total=-2.147 err=-1.000 tax=0.000 taxb=0.300 build=0.000 cost=0.000 div=0.000 prox=0.000 prov=0.000 preq=0.000 pres=0.000 sale=0.000 mtax=0.000 chain=0.000 daily=0.000 nov=0.000 mile=0.000 surv=-0.930 idle=0.000 gover=0.000 | nw=1.46266e+06 nw_delta=-206.000 pop=28 bases=5 money=15133 credit=103345 day=20 | food=0 water=0 coal=0 home=50 free=28 roads=2
  BUILDINGS: City(0d,0/0) Road(0d,0/0) PowerStation(39d,17472/17472) Garden(9d,13104/13104) Road(0d,0/0) 
  OBS: year=0 month=3 season=0 money=15133 credit=103345 people=28 busy=0 free=28 home_places=50 need_workers=0 tax_due=0 main_tax_due=0 tax_amount=5946 main_tax_amount=0 days_alive=20 stage=0 res0=0 res1=0 res2=0 res3=0 res4=0 res5=0 res6=0 res7=0 res8=0 Garden=1 PowerStation=1 Road=2 | nw=1462661.0000
