======================================================================
EPISODE 1
======================================================================
init: year=0 month=3 season=0 money=82000 credit=0 people=28 busy=0 free=28 home_places=50 need_workers=0 tax_due=0 main_tax_due=0 tax_amount=5106 main_tax_amount=0 days_alive=0 stage=0 res0=0 res1=0 res2=0 res3=0 res4=0 res5=0 res6=0 res7=0 res8=0 | nw=1532000.0000
  s=    0 a= 12(BUILD:PowerStation) r= +2.6304 cum=     +2.63 v= +6.8103 top5=[a43=0.030, a30=0.029, a15=0.028, a24=0.027, a36=0.026] [BUILD: PowerStation]
    OBS: year=0 month=3 season=0 money=81600 credit=0 people=28 busy=0 free=28 home_places=50 need_workers=0 tax_due=0 main_tax_due=0 tax_amount=5106 main_tax_amount=0 days_alive=1 stage=0 res0=0 res1=0 res2=0 res3=0 res4=0 res5=0 res6=0 res7=0 res8=0 Road=1 | nw=1532000.0000
  s=    1 a=  0(DAY) r= +0.2924 cum=     +2.92 v= +7.6211 top5=[a43=0.030, a15=0.029, a30=0.029, a8=0.027, a39=0.027]
    OBS: year=0 month=3 season=0 money=81600 credit=0 people=28 busy=0 free=28 home_places=50 need_workers=0 tax_due=0 main_tax_due=0 tax_amount=5106 main_tax_amount=0 days_alive=2 stage=0 res0=0 res1=0 res2=0 res3=0 res4=0 res5=0 res6=0 res7=0 res8=0 Road=1 | nw=1532000.0000
  s=    2 a= 42(MANAGER:8) r= -8.2556 cum=     -5.33 v= +6.2144 top5=[a43=0.029, a15=0.028, a30=0.027, a8=0.026, a39=0.026]
    OBS: year=0 month=3 season=0 money=131600 credit=50100 people=28 busy=0 free=28 home_places=50 need_workers=0 tax_due=0 main_tax_due=0 tax_amount=5106 main_tax_amount=0 days_alive=3 stage=0 res0=0 res1=0 res2=0 res3=0 res4=0 res5=0 res6=0 res7=0 res8=0 Road=1 | nw=1531900.0000
  s=    3 a=  4(BUILD:Garden) r= -0.3599 cum=     -5.69 v= +5.4474 top5=[a43=0.029, a15=0.027, a30=0.026, a8=0.026, a39=0.025] [BUILD: Garden]
    OBS: year=0 month=3 season=0 money=131600 credit=50200 people=28 busy=0 free=28 home_places=50 need_workers=0 tax_due=0 main_tax_due=0 tax_amount=5106 main_tax_amount=0 days_alive=4 stage=0 res0=0 res1=0 res2=0 res3=0 res4=0 res5=0 res6=0 res7=0 res8=0 Road=1 | nw=1531800.0000
  s=    4 a= 35(MANAGER:1) r= -0.3932 cum=     -6.09 v= +4.9807 top5=[a43=0.028, a15=0.027, a30=0.026, a8=0.025, a39=0.025]
    OBS: year=0 month=3 season=0 money=131600 credit=50300 people=28 busy=0 free=28 home_places=50 need_workers=0 tax_due=0 main_tax_due=0 tax_amount=5106 main_tax_amount=0 days_alive=5 stage=0 res0=0 res1=0 res2=0 res3=0 res4=0 res5=0 res6=0 res7=0 res8=0 Road=1 | nw=1531700.0000
  s=    5 a= 42(MANAGER:8) r= -3.1365 cum=     -9.22 v= +4.6512 top5=[a43=0.028, a15=0.027, a30=0.026, a8=0.025, a39=0.025]
    OBS: year=0 month=3 season=0 money=181600 credit=100500 people=28 busy=0 free=28 home_places=50 need_workers=0 tax_due=0 main_tax_due=0 tax_amount=5106 main_tax_amount=0 days_alive=6 stage=0 res0=0 res1=0 res2=0 res3=0 res4=0 res5=0 res6=0 res7=0 res8=0 Road=1 | nw=1531500.0000
  s=    6 a= 34(MANAGER:0) r= -3.2519 cum=    -12.47 v= +4.7413 top5=[a43=0.028, a15=0.027, a8=0.025, a30=0.025, a39=0.025]
    OBS: year=0 month=3 season=0 money=148603 credit=100701 people=28 busy=0 free=28 home_places=50 need_workers=0 tax_due=0 main_tax_due=0 tax_amount=5106 main_tax_amount=0 days_alive=7 stage=0 res0=0 res1=0 res2=0 res3=0 res4=0 res5=0 res6=0 res7=0 res8=0 Road=1 | nw=1498302.0000
  s=    7 a= 10(BUILD:Refinery) r= +2.4738 cum=    -10.00 v= +5.0531 top5=[a43=0.029, a15=0.027, a8=0.026, a30=0.025, a39=0.025] [BUILD: Refinery]
    OBS: year=0 month=3 season=0 money=56170 credit=100902 people=28 busy=0 free=28 home_places=50 need_workers=0 tax_due=0 main_tax_due=0 tax_amount=5526 main_tax_amount=0 days_alive=8 stage=0 res0=0 res1=0 res2=0 res3=0 res4=0 res5=0 res6=0 res7=0 res8=0 PowerStation=1 Road=1 | nw=1498101.0000
  s=    8 a= 20(BUILD:BigHouse) r= -0.6922 cum=    -10.69 v=+10.1712 top5=[a43=0.035, a8=0.032, a39=0.031, a15=0.029, a18=0.028] [BUILD: BigHouse]
    OBS: year=0 month=3 season=0 money=56170 credit=101103 people=28 busy=0 free=28 home_places=50 need_workers=0 tax_due=0 main_tax_due=0 tax_amount=5526 main_tax_amount=0 days_alive=9 stage=0 res0=0 res1=0 res2=0 res3=0 res4=0 res5=0 res6=0 res7=0 res8=0 PowerStation=1 Road=1 | nw=1497900.0000
  s=    9 a=  3(BUILD:Farm) r= +3.3424 cum=     -7.35 v= +7.6464 top5=[a43=0.031, a15=0.028, a39=0.027, a8=0.027, a30=0.027] [BUILD: Farm]
    OBS: year=0 month=3 season=0 money=48530 credit=101305 people=28 busy=0 free=28 home_places=50 need_workers=0 tax_due=0 main_tax_due=0 tax_amount=5946 main_tax_amount=0 days_alive=10 stage=0 res0=0 res1=0 res2=0 res3=0 res4=0 res5=0 res6=0 res7=0 res8=0 Garden=1 PowerStation=1 Road=1 | nw=1497698.0000
  s=   10 a= 12(BUILD:PowerStation) r= +1.1034 cum=     -6.25 v= +7.4966 top5=[a43=0.031, a39=0.028, a15=0.028, a8=0.027, a30=0.027] [BUILD: PowerStation]
    OBS: year=0 month=3 season=0 money=48130 credit=101507 people=28 busy=0 free=28 home_places=50 need_workers=0 tax_due=0 main_tax_due=0 tax_amount=5946 main_tax_amount=0 days_alive=11 stage=0 res0=0 res1=0 res2=0 res3=0 res4=0 res5=0 res6=0 res7=0 res8=0 Garden=1 PowerStation=1 Road=2 | nw=1497496.0000
  s=   11 a=  0(DAY) r= -0.3814 cum=     -6.63 v= +7.0362 top5=[a43=0.030, a15=0.028, a39=0.027, a8=0.026, a30=0.026]
    OBS: year=0 month=3 season=0 money=48130 credit=101710 people=28 busy=0 free=28 home_places=50 need_workers=0 tax_due=0 main_tax_due=0 tax_amount=5946 main_tax_amount=0 days_alive=12 stage=0 res0=0 res1=0 res2=0 res3=0 res4=0 res5=0 res6=0 res7=0 res8=0 Garden=1 PowerStation=1 Road=2 | nw=1497293.0000
  s=   12 a= 43(MANAGER:9) r= -3.5222 cum=    -10.15 v= +6.7889 top5=[a43=0.030, a15=0.028, a8=0.026, a39=0.026, a30=0.026]
    OBS: year=0 month=3 season=0 money=48130 credit=101913 people=28 busy=0 free=28 home_places=50 need_workers=0 tax_due=0 main_tax_due=0 tax_amount=5946 main_tax_amount=0 days_alive=13 stage=0 res0=0 res1=0 res2=0 res3=0 res4=0 res5=0 res6=0 res7=0 res8=0 Garden=1 PowerStation=1 Road=2 | nw=1497090.0000
  s=   13 a= 44(MANAGER:10) r= -0.2198 cum=    -10.37 v= +6.6038 top5=[a43=0.030, a15=0.027, a8=0.026, a39=0.026, a30=0.026]
    OBS: year=0 month=3 season=0 money=48130 credit=102116 people=28 busy=0 free=28 home_places=50 need_workers=0 tax_due=0 main_tax_due=0 tax_amount=5946 main_tax_amount=0 days_alive=14 stage=0 res0=0 res1=0 res2=0 res3=0 res4=0 res5=0 res6=0 res7=0 res8=0 Garden=1 PowerStation=1 Road=2 | nw=1496887.0000
  s=   14 a= 34(MANAGER:0) r= -3.6255 cum=    -14.00 v= +6.4507 top5=[a43=0.030, a15=0.027, a8=0.026, a39=0.026, a30=0.026]
    OBS: year=0 month=3 season=0 money=15133 credit=102320 people=28 busy=0 free=28 home_places=50 need_workers=0 tax_due=0 main_tax_due=0 tax_amount=5946 main_tax_amount=0 days_alive=15 stage=0 res0=0 res1=0 res2=0 res3=0 res4=0 res5=0 res6=0 res7=0 res8=0 Garden=1 PowerStation=1 Road=2 | nw=1463686.0000
  s=   15 a= 36(MANAGER:2) r= -3.6153 cum=    -17.61 v= +7.3178 top5=[a43=0.031, a15=0.028, a8=0.026, a30=0.026, a39=0.026]
    OBS: year=0 month=3 season=0 money=15133 credit=102524 people=28 busy=0 free=28 home_places=50 need_workers=0 tax_due=0 main_tax_due=0 tax_amount=5946 main_tax_amount=0 days_alive=16 stage=0 res0=0 res1=0 res2=0 res3=0 res4=0 res5=0 res6=0 res7=0 res8=0 Garden=1 PowerStation=1 Road=2 | nw=1463482.0000
  s=   16 a= 28(BUILD:BigRefinary) r= -0.7740 cum=    -18.38 v= +7.1316 top5=[a43=0.030, a15=0.028, a8=0.026, a30=0.026, a39=0.026] [BUILD: BigRefinary]
    OBS: year=0 month=3 season=0 money=15133 credit=102729 people=28 busy=0 free=28 home_places=50 need_workers=0 tax_due=0 main_tax_due=0 tax_amount=5946 main_tax_amount=0 days_alive=17 stage=0 res0=0 res1=0 res2=0 res3=0 res4=0 res5=0 res6=0 res7=0 res8=0 Garden=1 PowerStation=1 Road=2 | nw=1463277.0000
  s=   17 a= 33(BUILD:AtomStation) r= -0.7955 cum=    -19.18 v= +7.0460 top5=[a43=0.030, a15=0.028, a8=0.026, a39=0.026, a30=0.026] [BUILD: AtomStation]
    OBS: year=0 month=3 season=0 money=15133 credit=102934 people=28 busy=0 free=28 home_places=50 need_workers=0 tax_due=0 main_tax_due=0 tax_amount=5946 main_tax_amount=0 days_alive=18 stage=0 res0=0 res1=0 res2=0 res3=0 res4=0 res5=0 res6=0 res7=0 res8=0 Garden=1 PowerStation=1 Road=2 | nw=1463072.0000
  s=   18 a= 25(BUILD:SuperHouse) r= -3.8139 cum=    -22.99 v= +6.9063 top5=[a43=0.030, a15=0.028, a8=0.026, a39=0.026, a30=0.026] [BUILD FAILED: SuperHouse money=15133 free=28]
    OBS: year=0 month=3 season=0 money=15133 credit=103139 people=28 busy=0 free=28 home_places=50 need_workers=0 tax_due=0 main_tax_due=0 tax_amount=5946 main_tax_amount=0 days_alive=19 stage=0 res0=0 res1=0 res2=0 res3=0 res4=0 res5=0 res6=0 res7=0 res8=0 Garden=1 PowerStation=1 Road=2 | nw=1462867.0000
  s=   19 a= 16(BUILD:CoalCut) r= -0.8162 cum=    -23.81 v= +6.7856 top5=[a43=0.030, a15=0.028, a8=0.026, a39=0.026, a30=0.025] [BUILD: CoalCut]
    OBS: year=0 month=3 season=0 money=15133 credit=103345 people=28 busy=0 free=28 home_places=50 need_workers=0 tax_due=0 main_tax_due=0 tax_amount=5946 main_tax_amount=0 days_alive=20 stage=0 res0=0 res1=0 res2=0 res3=0 res4=0 res5=0 res6=0 res7=0 res8=0 Garden=1 PowerStation=1 Road=2 | nw=1462661.0000
  >>> Ep 1: reward=-23.81, steps=20
  >>> final: year=0 month=3 season=0 money=15133 credit=103345 people=28 busy=0 free=28 home_places=50 need_workers=0 tax_due=0 main_tax_due=0 tax_amount=5946 main_tax_amount=0 days_alive=20 stage=0 res0=0 res1=0 res2=0 res3=0 res4=0 res5=0 res6=0 res7=0 res8=0 Garden=1 PowerStation=1 Road=2 | nw=1462661.0000

======================================================================
SUMMARY
======================================================================
Episodes: 1
Total steps: 20
Mean reward: -23.81
Max reward:  -23.81
Min reward:  -23.81
  Ep 1: -23.81

ACTION DISTRIBUTION (all 20 steps)
  BUILD:PowerStation  :     2 (10.0%)
  DAY                 :     2 (10.0%)
  MANAGER:8           :     2 (10.0%)
  MANAGER:0           :     2 (10.0%)
  BUILD:Garden        :     1 (5.0%)
  MANAGER:1           :     1 (5.0%)
  BUILD:Refinery      :     1 (5.0%)
  BUILD:BigHouse      :     1 (5.0%)
  BUILD:Farm          :     1 (5.0%)
  MANAGER:9           :     1 (5.0%)
  MANAGER:10          :     1 (5.0%)
  MANAGER:2           :     1 (5.0%)
  BUILD:BigRefinary   :     1 (5.0%)
  BUILD:AtomStation   :     1 (5.0%)
  BUILD:SuperHouse    :     1 (5.0%)
  BUILD:CoalCut       :     1 (5.0%)
